GNU Make 3.81
Copyright (C) 2006  Free Software Foundation, Inc.
This is free software; see the source for copying conditions.
There is NO warranty; not even for MERCHANTABILITY or FITNESS FOR A
PARTICULAR PURPOSE.

This program built for x86_64-redhat-linux-gnu
Reading makefiles...
Reading makefile `Makefile'...
Reading makefile `/home/qinqxu/tnsdlunit/tu_helper.mk' (search path) (no ~ expansion)...
Reading makefile `/home/qinqxu/tnsdlunit/config.mk' (search path) (no ~ expansion)...
Reading makefile `.intermediate/src/prb.dep' (search path) (don't care) (no ~ expansion)...
Reading makefile `.intermediate/src_fps/dbfrqx.d' (search path) (don't care) (no ~ expansion)...
Reading makefile `.intermediate/src_fps/db_funqx.d' (search path) (don't care) (no ~ expansion)...
Reading makefile `.intermediate/src_fps/dbtrqx.d' (search path) (don't care) (no ~ expansion)...
Reading makefile `.intermediate/src_fps/db_utilityqx.d' (search path) (don't care) (no ~ expansion)...
Reading makefile `.intermediate/src_fps/host_ip.d' (search path) (don't care) (no ~ expansion)...
Reading makefile `.intermediate/src_fps/raqsubqx.d' (search path) (don't care) (no ~ expansion)...
Reading makefile `.intermediate/src_fps/rnwencqx.d' (search path) (don't care) (no ~ expansion)...
Reading makefile `.intermediate/tst/test_basic/wrapper.d' (search path) (don't care) (no ~ expansion)...
Reading makefile `.intermediate/tst/stub.d' (search path) (don't care) (no ~ expansion)...
Reading makefile `.intermediate/tst/main_tests.d' (search path) (don't care) (no ~ expansion)...
Reading makefile `.intermediate/src_fps/tnsdldef.d' (search path) (don't care) (no ~ expansion)...
Updating makefiles....
 Considering target file `.intermediate/src_fps/tnsdldef.d'.
  File `.intermediate/src_fps/tnsdldef.d' does not exist.
  Looking for an implicit rule for `.intermediate/src_fps/tnsdldef.d'.
  Trying pattern rule with stem `tnsdldef.d'.
  Trying implicit prerequisite `.intermediate/src_fps/tnsdldef.d.o'.
  Trying pattern rule with stem `tnsdldef.d'.
  Trying implicit prerequisite `.intermediate/src_fps/tnsdldef.d.c'.
  Trying pattern rule with stem `tnsdldef.d'.
  Trying implicit prerequisite `.intermediate/src_fps/tnsdldef.d.cc'.
  Trying pattern rule with stem `tnsdldef.d'.
  Trying implicit prerequisite `.intermediate/src_fps/tnsdldef.d.C'.
  Trying pattern rule with stem `tnsdldef.d'.
  Trying implicit prerequisite `.intermediate/src_fps/tnsdldef.d.cpp'.
  Trying pattern rule with stem `tnsdldef.d'.
  Trying implicit prerequisite `.intermediate/src_fps/tnsdldef.d.p'.
  Trying pattern rule with stem `tnsdldef.d'.
  Trying implicit prerequisite `.intermediate/src_fps/tnsdldef.d.f'.
  Trying pattern rule with stem `tnsdldef.d'.
  Trying implicit prerequisite `.intermediate/src_fps/tnsdldef.d.F'.
  Trying pattern rule with stem `tnsdldef.d'.
  Trying implicit prerequisite `.intermediate/src_fps/tnsdldef.d.r'.
  Trying pattern rule with stem `tnsdldef.d'.
  Trying implicit prerequisite `.intermediate/src_fps/tnsdldef.d.s'.
  Trying pattern rule with stem `tnsdldef.d'.
  Trying implicit prerequisite `.intermediate/src_fps/tnsdldef.d.S'.
  Trying pattern rule with stem `tnsdldef.d'.
  Trying implicit prerequisite `.intermediate/src_fps/tnsdldef.d.mod'.
  Trying pattern rule with stem `tnsdldef.d'.
  Trying implicit prerequisite `.intermediate/src_fps/tnsdldef.d.sh'.
  Trying pattern rule with stem `tnsdldef.d'.
  Trying implicit prerequisite `.intermediate/src_fps/tnsdldef.d,v'.
  Trying pattern rule with stem `tnsdldef.d'.
  Trying implicit prerequisite `.intermediate/src_fps/RCS/tnsdldef.d,v'.
  Trying pattern rule with stem `tnsdldef.d'.
  Trying implicit prerequisite `.intermediate/src_fps/RCS/tnsdldef.d'.
  Trying pattern rule with stem `tnsdldef.d'.
  Trying implicit prerequisite `.intermediate/src_fps/s.tnsdldef.d'.
  Trying pattern rule with stem `tnsdldef.d'.
  Trying implicit prerequisite `.intermediate/src_fps/SCCS/s.tnsdldef.d'.
  Trying pattern rule with stem `tnsdldef.d'.
  Trying implicit prerequisite `.intermediate/src_fps/tnsdldef.d.o'.
  Looking for a rule with intermediate file `.intermediate/src_fps/tnsdldef.d.o'.
   Avoiding implicit rule recursion.
   Trying pattern rule with stem `tnsdldef.d'.
   Trying implicit prerequisite `src/tnsdldef.d.c'.
   Trying pattern rule with stem `tnsdldef.d'.
   Trying implicit prerequisite `src/tnsdldef.d.cpp'.
   Trying pattern rule with stem `tnsdldef.d'.
   Trying implicit prerequisite `.intermediate/src_fps/tnsdldef.d.c'.
   Trying pattern rule with stem `tnsdldef.d'.
   Trying implicit prerequisite `.intermediate/src_fps/tnsdldef.d.cc'.
   Trying pattern rule with stem `tnsdldef.d'.
   Trying implicit prerequisite `.intermediate/src_fps/tnsdldef.d.C'.
   Trying pattern rule with stem `tnsdldef.d'.
   Trying implicit prerequisite `.intermediate/src_fps/tnsdldef.d.cpp'.
   Trying pattern rule with stem `tnsdldef.d'.
   Trying implicit prerequisite `.intermediate/src_fps/tnsdldef.d.p'.
   Trying pattern rule with stem `tnsdldef.d'.
   Trying implicit prerequisite `.intermediate/src_fps/tnsdldef.d.f'.
   Trying pattern rule with stem `tnsdldef.d'.
   Trying implicit prerequisite `.intermediate/src_fps/tnsdldef.d.F'.
   Trying pattern rule with stem `tnsdldef.d'.
   Trying implicit prerequisite `.intermediate/src_fps/tnsdldef.d.r'.
   Trying pattern rule with stem `tnsdldef.d'.
   Trying implicit prerequisite `.intermediate/src_fps/tnsdldef.d.s'.
   Trying pattern rule with stem `tnsdldef.d'.
   Trying implicit prerequisite `.intermediate/src_fps/tnsdldef.d.S'.
   Trying pattern rule with stem `tnsdldef.d'.
   Trying implicit prerequisite `.intermediate/src_fps/tnsdldef.d.mod'.
   Trying pattern rule with stem `tnsdldef.d.o'.
   Trying implicit prerequisite `.intermediate/src_fps/tnsdldef.d.o,v'.
   Trying pattern rule with stem `tnsdldef.d.o'.
   Trying implicit prerequisite `.intermediate/src_fps/RCS/tnsdldef.d.o,v'.
   Trying pattern rule with stem `tnsdldef.d.o'.
   Trying implicit prerequisite `.intermediate/src_fps/RCS/tnsdldef.d.o'.
   Trying pattern rule with stem `tnsdldef.d.o'.
   Trying implicit prerequisite `.intermediate/src_fps/s.tnsdldef.d.o'.
   Trying pattern rule with stem `tnsdldef.d.o'.
   Trying implicit prerequisite `.intermediate/src_fps/SCCS/s.tnsdldef.d.o'.
   Trying pattern rule with stem `tnsdldef.d'.
   Trying implicit prerequisite `src/tnsdldef.d.c'.
   Looking for a rule with intermediate file `src/tnsdldef.d.c'.
    Avoiding implicit rule recursion.
    Avoiding implicit rule recursion.
    Trying pattern rule with stem `tnsdldef.d'.
    Trying implicit prerequisite `src/tnsdldef.d.y'.
    Trying pattern rule with stem `tnsdldef.d'.
    Trying implicit prerequisite `src/tnsdldef.d.l'.
    Trying pattern rule with stem `tnsdldef.d'.
    Trying implicit prerequisite `src/tnsdldef.d.w'.
    Trying pattern rule with stem `tnsdldef.d'.
    Trying implicit prerequisite `src/tnsdldef.d.w'.
    Trying pattern rule with stem `tnsdldef.d.c'.
    Trying implicit prerequisite `src/tnsdldef.d.c,v'.
    Trying pattern rule with stem `tnsdldef.d.c'.
    Trying implicit prerequisite `src/RCS/tnsdldef.d.c,v'.
    Trying pattern rule with stem `tnsdldef.d.c'.
    Trying implicit prerequisite `src/RCS/tnsdldef.d.c'.
    Trying pattern rule with stem `tnsdldef.d.c'.
    Trying implicit prerequisite `src/s.tnsdldef.d.c'.
    Trying pattern rule with stem `tnsdldef.d.c'.
    Trying implicit prerequisite `src/SCCS/s.tnsdldef.d.c'.
    Trying pattern rule with stem `tnsdldef.d'.
    Trying implicit prerequisite `src/tnsdldef.d.y'.
    Looking for a rule with intermediate file `src/tnsdldef.d.y'.
     Avoiding implicit rule recursion.
     Avoiding implicit rule recursion.
     Avoiding implicit rule recursion.
     Trying pattern rule with stem `tnsdldef.d.y'.
     Trying implicit prerequisite `src/tnsdldef.d.y,v'.
     Trying pattern rule with stem `tnsdldef.d.y'.
     Trying implicit prerequisite `src/RCS/tnsdldef.d.y,v'.
     Trying pattern rule with stem `tnsdldef.d.y'.
     Trying implicit prerequisite `src/RCS/tnsdldef.d.y'.
     Trying pattern rule with stem `tnsdldef.d.y'.
     Trying implicit prerequisite `src/s.tnsdldef.d.y'.
     Trying pattern rule with stem `tnsdldef.d.y'.
     Trying implicit prerequisite `src/SCCS/s.tnsdldef.d.y'.
    Trying pattern rule with stem `tnsdldef.d'.
    Trying implicit prerequisite `src/tnsdldef.d.l'.
    Looking for a rule with intermediate file `src/tnsdldef.d.l'.
     Avoiding implicit rule recursion.
     Avoiding implicit rule recursion.
     Avoiding implicit rule recursion.
     Trying pattern rule with stem `tnsdldef.d.l'.
     Trying implicit prerequisite `src/tnsdldef.d.l,v'.
     Trying pattern rule with stem `tnsdldef.d.l'.
     Trying implicit prerequisite `src/RCS/tnsdldef.d.l,v'.
     Trying pattern rule with stem `tnsdldef.d.l'.
     Trying implicit prerequisite `src/RCS/tnsdldef.d.l'.
     Trying pattern rule with stem `tnsdldef.d.l'.
     Trying implicit prerequisite `src/s.tnsdldef.d.l'.
     Trying pattern rule with stem `tnsdldef.d.l'.
     Trying implicit prerequisite `src/SCCS/s.tnsdldef.d.l'.
    Trying pattern rule with stem `tnsdldef.d'.
    Trying implicit prerequisite `src/tnsdldef.d.w'.
    Looking for a rule with intermediate file `src/tnsdldef.d.w'.
     Avoiding implicit rule recursion.
     Avoiding implicit rule recursion.
     Avoiding implicit rule recursion.
     Trying pattern rule with stem `tnsdldef.d.w'.
     Trying implicit prerequisite `src/tnsdldef.d.w,v'.
     Trying pattern rule with stem `tnsdldef.d.w'.
     Trying implicit prerequisite `src/RCS/tnsdldef.d.w,v'.
     Trying pattern rule with stem `tnsdldef.d.w'.
     Trying implicit prerequisite `src/RCS/tnsdldef.d.w'.
     Trying pattern rule with stem `tnsdldef.d.w'.
     Trying implicit prerequisite `src/s.tnsdldef.d.w'.
     Trying pattern rule with stem `tnsdldef.d.w'.
     Trying implicit prerequisite `src/SCCS/s.tnsdldef.d.w'.
    Trying pattern rule with stem `tnsdldef.d'.
    Rejecting impossible implicit prerequisite `src/tnsdldef.d.w'.
   Trying pattern rule with stem `tnsdldef.d'.
   Trying implicit prerequisite `src/tnsdldef.d.cpp'.
   Looking for a rule with intermediate file `src/tnsdldef.d.cpp'.
    Avoiding implicit rule recursion.
    Avoiding implicit rule recursion.
    Trying pattern rule with stem `tnsdldef.d.cpp'.
    Trying implicit prerequisite `src/tnsdldef.d.cpp,v'.
    Trying pattern rule with stem `tnsdldef.d.cpp'.
    Trying implicit prerequisite `src/RCS/tnsdldef.d.cpp,v'.
    Trying pattern rule with stem `tnsdldef.d.cpp'.
    Trying implicit prerequisite `src/RCS/tnsdldef.d.cpp'.
    Trying pattern rule with stem `tnsdldef.d.cpp'.
    Trying implicit prerequisite `src/s.tnsdldef.d.cpp'.
    Trying pattern rule with stem `tnsdldef.d.cpp'.
    Trying implicit prerequisite `src/SCCS/s.tnsdldef.d.cpp'.
   Trying pattern rule with stem `tnsdldef.d'.
   Trying implicit prerequisite `.intermediate/src_fps/tnsdldef.d.c'.
   Looking for a rule with intermediate file `.intermediate/src_fps/tnsdldef.d.c'.
    Avoiding implicit rule recursion.
    Avoiding implicit rule recursion.
    Trying pattern rule with stem `tnsdldef.d'.
    Trying implicit prerequisite `.intermediate/src_fps/tnsdldef.d.y'.
    Trying pattern rule with stem `tnsdldef.d'.
    Trying implicit prerequisite `.intermediate/src_fps/tnsdldef.d.l'.
    Trying pattern rule with stem `tnsdldef.d'.
    Trying implicit prerequisite `.intermediate/src_fps/tnsdldef.d.w'.
    Trying pattern rule with stem `tnsdldef.d'.
    Trying implicit prerequisite `.intermediate/src_fps/tnsdldef.d.w'.
    Trying pattern rule with stem `tnsdldef.d.c'.
    Trying implicit prerequisite `.intermediate/src_fps/tnsdldef.d.c,v'.
    Trying pattern rule with stem `tnsdldef.d.c'.
    Trying implicit prerequisite `.intermediate/src_fps/RCS/tnsdldef.d.c,v'.
    Trying pattern rule with stem `tnsdldef.d.c'.
    Trying implicit prerequisite `.intermediate/src_fps/RCS/tnsdldef.d.c'.
    Trying pattern rule with stem `tnsdldef.d.c'.
    Trying implicit prerequisite `.intermediate/src_fps/s.tnsdldef.d.c'.
    Trying pattern rule with stem `tnsdldef.d.c'.
    Trying implicit prerequisite `.intermediate/src_fps/SCCS/s.tnsdldef.d.c'.
    Trying pattern rule with stem `tnsdldef.d'.
    Trying implicit prerequisite `.intermediate/src_fps/tnsdldef.d.y'.
    Looking for a rule with intermediate file `.intermediate/src_fps/tnsdldef.d.y'.
     Avoiding implicit rule recursion.
     Avoiding implicit rule recursion.
     Avoiding implicit rule recursion.
     Trying pattern rule with stem `tnsdldef.d.y'.
     Trying implicit prerequisite `.intermediate/src_fps/tnsdldef.d.y,v'.
     Trying pattern rule with stem `tnsdldef.d.y'.
     Trying implicit prerequisite `.intermediate/src_fps/RCS/tnsdldef.d.y,v'.
     Trying pattern rule with stem `tnsdldef.d.y'.
     Trying implicit prerequisite `.intermediate/src_fps/RCS/tnsdldef.d.y'.
     Trying pattern rule with stem `tnsdldef.d.y'.
     Trying implicit prerequisite `.intermediate/src_fps/s.tnsdldef.d.y'.
     Trying pattern rule with stem `tnsdldef.d.y'.
     Trying implicit prerequisite `.intermediate/src_fps/SCCS/s.tnsdldef.d.y'.
    Trying pattern rule with stem `tnsdldef.d'.
    Trying implicit prerequisite `.intermediate/src_fps/tnsdldef.d.l'.
    Looking for a rule with intermediate file `.intermediate/src_fps/tnsdldef.d.l'.
     Avoiding implicit rule recursion.
     Avoiding implicit rule recursion.
     Avoiding implicit rule recursion.
     Trying pattern rule with stem `tnsdldef.d.l'.
     Trying implicit prerequisite `.intermediate/src_fps/tnsdldef.d.l,v'.
     Trying pattern rule with stem `tnsdldef.d.l'.
     Trying implicit prerequisite `.intermediate/src_fps/RCS/tnsdldef.d.l,v'.
     Trying pattern rule with stem `tnsdldef.d.l'.
     Trying implicit prerequisite `.intermediate/src_fps/RCS/tnsdldef.d.l'.
     Trying pattern rule with stem `tnsdldef.d.l'.
     Trying implicit prerequisite `.intermediate/src_fps/s.tnsdldef.d.l'.
     Trying pattern rule with stem `tnsdldef.d.l'.
     Trying implicit prerequisite `.intermediate/src_fps/SCCS/s.tnsdldef.d.l'.
    Trying pattern rule with stem `tnsdldef.d'.
    Trying implicit prerequisite `.intermediate/src_fps/tnsdldef.d.w'.
    Looking for a rule with intermediate file `.intermediate/src_fps/tnsdldef.d.w'.
     Avoiding implicit rule recursion.
     Avoiding implicit rule recursion.
     Avoiding implicit rule recursion.
     Trying pattern rule with stem `tnsdldef.d.w'.
     Trying implicit prerequisite `.intermediate/src_fps/tnsdldef.d.w,v'.
     Trying pattern rule with stem `tnsdldef.d.w'.
     Trying implicit prerequisite `.intermediate/src_fps/RCS/tnsdldef.d.w,v'.
     Trying pattern rule with stem `tnsdldef.d.w'.
     Trying implicit prerequisite `.intermediate/src_fps/RCS/tnsdldef.d.w'.
     Trying pattern rule with stem `tnsdldef.d.w'.
     Trying implicit prerequisite `.intermediate/src_fps/s.tnsdldef.d.w'.
     Trying pattern rule with stem `tnsdldef.d.w'.
     Trying implicit prerequisite `.intermediate/src_fps/SCCS/s.tnsdldef.d.w'.
    Trying pattern rule with stem `tnsdldef.d'.
    Rejecting impossible implicit prerequisite `.intermediate/src_fps/tnsdldef.d.w'.
   Trying pattern rule with stem `tnsdldef.d'.
   Trying implicit prerequisite `.intermediate/src_fps/tnsdldef.d.cc'.
   Looking for a rule with intermediate file `.intermediate/src_fps/tnsdldef.d.cc'.
    Avoiding implicit rule recursion.
    Avoiding implicit rule recursion.
    Trying pattern rule with stem `tnsdldef.d.cc'.
    Trying implicit prerequisite `.intermediate/src_fps/tnsdldef.d.cc,v'.
    Trying pattern rule with stem `tnsdldef.d.cc'.
    Trying implicit prerequisite `.intermediate/src_fps/RCS/tnsdldef.d.cc,v'.
    Trying pattern rule with stem `tnsdldef.d.cc'.
    Trying implicit prerequisite `.intermediate/src_fps/RCS/tnsdldef.d.cc'.
    Trying pattern rule with stem `tnsdldef.d.cc'.
    Trying implicit prerequisite `.intermediate/src_fps/s.tnsdldef.d.cc'.
    Trying pattern rule with stem `tnsdldef.d.cc'.
    Trying implicit prerequisite `.intermediate/src_fps/SCCS/s.tnsdldef.d.cc'.
   Trying pattern rule with stem `tnsdldef.d'.
   Trying implicit prerequisite `.intermediate/src_fps/tnsdldef.d.C'.
   Looking for a rule with intermediate file `.intermediate/src_fps/tnsdldef.d.C'.
    Avoiding implicit rule recursion.
    Avoiding implicit rule recursion.
    Trying pattern rule with stem `tnsdldef.d.C'.
    Trying implicit prerequisite `.intermediate/src_fps/tnsdldef.d.C,v'.
    Trying pattern rule with stem `tnsdldef.d.C'.
    Trying implicit prerequisite `.intermediate/src_fps/RCS/tnsdldef.d.C,v'.
    Trying pattern rule with stem `tnsdldef.d.C'.
    Trying implicit prerequisite `.intermediate/src_fps/RCS/tnsdldef.d.C'.
    Trying pattern rule with stem `tnsdldef.d.C'.
    Trying implicit prerequisite `.intermediate/src_fps/s.tnsdldef.d.C'.
    Trying pattern rule with stem `tnsdldef.d.C'.
    Trying implicit prerequisite `.intermediate/src_fps/SCCS/s.tnsdldef.d.C'.
   Trying pattern rule with stem `tnsdldef.d'.
   Trying implicit prerequisite `.intermediate/src_fps/tnsdldef.d.cpp'.
   Looking for a rule with intermediate file `.intermediate/src_fps/tnsdldef.d.cpp'.
    Avoiding implicit rule recursion.
    Avoiding implicit rule recursion.
    Trying pattern rule with stem `tnsdldef.d.cpp'.
    Trying implicit prerequisite `.intermediate/src_fps/tnsdldef.d.cpp,v'.
    Trying pattern rule with stem `tnsdldef.d.cpp'.
    Trying implicit prerequisite `.intermediate/src_fps/RCS/tnsdldef.d.cpp,v'.
    Trying pattern rule with stem `tnsdldef.d.cpp'.
    Trying implicit prerequisite `.intermediate/src_fps/RCS/tnsdldef.d.cpp'.
    Trying pattern rule with stem `tnsdldef.d.cpp'.
    Trying implicit prerequisite `.intermediate/src_fps/s.tnsdldef.d.cpp'.
    Trying pattern rule with stem `tnsdldef.d.cpp'.
    Trying implicit prerequisite `.intermediate/src_fps/SCCS/s.tnsdldef.d.cpp'.
   Trying pattern rule with stem `tnsdldef.d'.
   Trying implicit prerequisite `.intermediate/src_fps/tnsdldef.d.p'.
   Looking for a rule with intermediate file `.intermediate/src_fps/tnsdldef.d.p'.
    Avoiding implicit rule recursion.
    Avoiding implicit rule recursion.
    Trying pattern rule with stem `tnsdldef.d'.
    Trying implicit prerequisite `.intermediate/src_fps/tnsdldef.d.web'.
    Trying pattern rule with stem `tnsdldef.d.p'.
    Trying implicit prerequisite `.intermediate/src_fps/tnsdldef.d.p,v'.
    Trying pattern rule with stem `tnsdldef.d.p'.
    Trying implicit prerequisite `.intermediate/src_fps/RCS/tnsdldef.d.p,v'.
    Trying pattern rule with stem `tnsdldef.d.p'.
    Trying implicit prerequisite `.intermediate/src_fps/RCS/tnsdldef.d.p'.
    Trying pattern rule with stem `tnsdldef.d.p'.
    Trying implicit prerequisite `.intermediate/src_fps/s.tnsdldef.d.p'.
    Trying pattern rule with stem `tnsdldef.d.p'.
    Trying implicit prerequisite `.intermediate/src_fps/SCCS/s.tnsdldef.d.p'.
    Trying pattern rule with stem `tnsdldef.d'.
    Trying implicit prerequisite `.intermediate/src_fps/tnsdldef.d.web'.
    Looking for a rule with intermediate file `.intermediate/src_fps/tnsdldef.d.web'.
     Avoiding implicit rule recursion.
     Avoiding implicit rule recursion.
     Avoiding implicit rule recursion.
     Trying pattern rule with stem `tnsdldef.d.web'.
     Trying implicit prerequisite `.intermediate/src_fps/tnsdldef.d.web,v'.
     Trying pattern rule with stem `tnsdldef.d.web'.
     Trying implicit prerequisite `.intermediate/src_fps/RCS/tnsdldef.d.web,v'.
     Trying pattern rule with stem `tnsdldef.d.web'.
     Trying implicit prerequisite `.intermediate/src_fps/RCS/tnsdldef.d.web'.
     Trying pattern rule with stem `tnsdldef.d.web'.
     Trying implicit prerequisite `.intermediate/src_fps/s.tnsdldef.d.web'.
     Trying pattern rule with stem `tnsdldef.d.web'.
     Trying implicit prerequisite `.intermediate/src_fps/SCCS/s.tnsdldef.d.web'.
   Trying pattern rule with stem `tnsdldef.d'.
   Trying implicit prerequisite `.intermediate/src_fps/tnsdldef.d.f'.
   Looking for a rule with intermediate file `.intermediate/src_fps/tnsdldef.d.f'.
    Avoiding implicit rule recursion.
    Avoiding implicit rule recursion.
    Trying pattern rule with stem `tnsdldef.d'.
    Trying implicit prerequisite `.intermediate/src_fps/tnsdldef.d.F'.
    Trying pattern rule with stem `tnsdldef.d'.
    Trying implicit prerequisite `.intermediate/src_fps/tnsdldef.d.r'.
    Trying pattern rule with stem `tnsdldef.d.f'.
    Trying implicit prerequisite `.intermediate/src_fps/tnsdldef.d.f,v'.
    Trying pattern rule with stem `tnsdldef.d.f'.
    Trying implicit prerequisite `.intermediate/src_fps/RCS/tnsdldef.d.f,v'.
    Trying pattern rule with stem `tnsdldef.d.f'.
    Trying implicit prerequisite `.intermediate/src_fps/RCS/tnsdldef.d.f'.
    Trying pattern rule with stem `tnsdldef.d.f'.
    Trying implicit prerequisite `.intermediate/src_fps/s.tnsdldef.d.f'.
    Trying pattern rule with stem `tnsdldef.d.f'.
    Trying implicit prerequisite `.intermediate/src_fps/SCCS/s.tnsdldef.d.f'.
    Trying pattern rule with stem `tnsdldef.d'.
    Trying implicit prerequisite `.intermediate/src_fps/tnsdldef.d.F'.
    Looking for a rule with intermediate file `.intermediate/src_fps/tnsdldef.d.F'.
     Avoiding implicit rule recursion.
     Avoiding implicit rule recursion.
     Avoiding implicit rule recursion.
     Trying pattern rule with stem `tnsdldef.d.F'.
     Trying implicit prerequisite `.intermediate/src_fps/tnsdldef.d.F,v'.
     Trying pattern rule with stem `tnsdldef.d.F'.
     Trying implicit prerequisite `.intermediate/src_fps/RCS/tnsdldef.d.F,v'.
     Trying pattern rule with stem `tnsdldef.d.F'.
     Trying implicit prerequisite `.intermediate/src_fps/RCS/tnsdldef.d.F'.
     Trying pattern rule with stem `tnsdldef.d.F'.
     Trying implicit prerequisite `.intermediate/src_fps/s.tnsdldef.d.F'.
     Trying pattern rule with stem `tnsdldef.d.F'.
     Trying implicit prerequisite `.intermediate/src_fps/SCCS/s.tnsdldef.d.F'.
    Trying pattern rule with stem `tnsdldef.d'.
    Trying implicit prerequisite `.intermediate/src_fps/tnsdldef.d.r'.
    Looking for a rule with intermediate file `.intermediate/src_fps/tnsdldef.d.r'.
     Avoiding implicit rule recursion.
     Avoiding implicit rule recursion.
     Avoiding implicit rule recursion.
     Trying pattern rule with stem `tnsdldef.d'.
     Rejecting impossible implicit prerequisite `.intermediate/src_fps/tnsdldef.d.l'.
     Trying pattern rule with stem `tnsdldef.d.r'.
     Trying implicit prerequisite `.intermediate/src_fps/tnsdldef.d.r,v'.
     Trying pattern rule with stem `tnsdldef.d.r'.
     Trying implicit prerequisite `.intermediate/src_fps/RCS/tnsdldef.d.r,v'.
     Trying pattern rule with stem `tnsdldef.d.r'.
     Trying implicit prerequisite `.intermediate/src_fps/RCS/tnsdldef.d.r'.
     Trying pattern rule with stem `tnsdldef.d.r'.
     Trying implicit prerequisite `.intermediate/src_fps/s.tnsdldef.d.r'.
     Trying pattern rule with stem `tnsdldef.d.r'.
     Trying implicit prerequisite `.intermediate/src_fps/SCCS/s.tnsdldef.d.r'.
   Trying pattern rule with stem `tnsdldef.d'.
   Rejecting impossible implicit prerequisite `.intermediate/src_fps/tnsdldef.d.F'.
   Trying pattern rule with stem `tnsdldef.d'.
   Rejecting impossible implicit prerequisite `.intermediate/src_fps/tnsdldef.d.r'.
   Trying pattern rule with stem `tnsdldef.d'.
   Trying implicit prerequisite `.intermediate/src_fps/tnsdldef.d.s'.
   Looking for a rule with intermediate file `.intermediate/src_fps/tnsdldef.d.s'.
    Avoiding implicit rule recursion.
    Avoiding implicit rule recursion.
    Trying pattern rule with stem `tnsdldef.d'.
    Trying implicit prerequisite `.intermediate/src_fps/tnsdldef.d.S'.
    Trying pattern rule with stem `tnsdldef.d.s'.
    Trying implicit prerequisite `.intermediate/src_fps/tnsdldef.d.s,v'.
    Trying pattern rule with stem `tnsdldef.d.s'.
    Trying implicit prerequisite `.intermediate/src_fps/RCS/tnsdldef.d.s,v'.
    Trying pattern rule with stem `tnsdldef.d.s'.
    Trying implicit prerequisite `.intermediate/src_fps/RCS/tnsdldef.d.s'.
    Trying pattern rule with stem `tnsdldef.d.s'.
    Trying implicit prerequisite `.intermediate/src_fps/s.tnsdldef.d.s'.
    Trying pattern rule with stem `tnsdldef.d.s'.
    Trying implicit prerequisite `.intermediate/src_fps/SCCS/s.tnsdldef.d.s'.
    Trying pattern rule with stem `tnsdldef.d'.
    Trying implicit prerequisite `.intermediate/src_fps/tnsdldef.d.S'.
    Looking for a rule with intermediate file `.intermediate/src_fps/tnsdldef.d.S'.
     Avoiding implicit rule recursion.
     Avoiding implicit rule recursion.
     Avoiding implicit rule recursion.
     Trying pattern rule with stem `tnsdldef.d.S'.
     Trying implicit prerequisite `.intermediate/src_fps/tnsdldef.d.S,v'.
     Trying pattern rule with stem `tnsdldef.d.S'.
     Trying implicit prerequisite `.intermediate/src_fps/RCS/tnsdldef.d.S,v'.
     Trying pattern rule with stem `tnsdldef.d.S'.
     Trying implicit prerequisite `.intermediate/src_fps/RCS/tnsdldef.d.S'.
     Trying pattern rule with stem `tnsdldef.d.S'.
     Trying implicit prerequisite `.intermediate/src_fps/s.tnsdldef.d.S'.
     Trying pattern rule with stem `tnsdldef.d.S'.
     Trying implicit prerequisite `.intermediate/src_fps/SCCS/s.tnsdldef.d.S'.
   Trying pattern rule with stem `tnsdldef.d'.
   Rejecting impossible implicit prerequisite `.intermediate/src_fps/tnsdldef.d.S'.
   Trying pattern rule with stem `tnsdldef.d'.
   Trying implicit prerequisite `.intermediate/src_fps/tnsdldef.d.mod'.
   Looking for a rule with intermediate file `.intermediate/src_fps/tnsdldef.d.mod'.
    Avoiding implicit rule recursion.
    Avoiding implicit rule recursion.
    Trying pattern rule with stem `tnsdldef.d.mod'.
    Trying implicit prerequisite `.intermediate/src_fps/tnsdldef.d.mod,v'.
    Trying pattern rule with stem `tnsdldef.d.mod'.
    Trying implicit prerequisite `.intermediate/src_fps/RCS/tnsdldef.d.mod,v'.
    Trying pattern rule with stem `tnsdldef.d.mod'.
    Trying implicit prerequisite `.intermediate/src_fps/RCS/tnsdldef.d.mod'.
    Trying pattern rule with stem `tnsdldef.d.mod'.
    Trying implicit prerequisite `.intermediate/src_fps/s.tnsdldef.d.mod'.
    Trying pattern rule with stem `tnsdldef.d.mod'.
    Trying implicit prerequisite `.intermediate/src_fps/SCCS/s.tnsdldef.d.mod'.
  Trying pattern rule with stem `tnsdldef.d'.
  Rejecting impossible implicit prerequisite `.intermediate/src_fps/tnsdldef.d.c'.
  Trying pattern rule with stem `tnsdldef.d'.
  Rejecting impossible implicit prerequisite `.intermediate/src_fps/tnsdldef.d.cc'.
  Trying pattern rule with stem `tnsdldef.d'.
  Rejecting impossible implicit prerequisite `.intermediate/src_fps/tnsdldef.d.C'.
  Trying pattern rule with stem `tnsdldef.d'.
  Rejecting impossible implicit prerequisite `.intermediate/src_fps/tnsdldef.d.cpp'.
  Trying pattern rule with stem `tnsdldef.d'.
  Rejecting impossible implicit prerequisite `.intermediate/src_fps/tnsdldef.d.p'.
  Trying pattern rule with stem `tnsdldef.d'.
  Rejecting impossible implicit prerequisite `.intermediate/src_fps/tnsdldef.d.f'.
  Trying pattern rule with stem `tnsdldef.d'.
  Rejecting impossible implicit prerequisite `.intermediate/src_fps/tnsdldef.d.F'.
  Trying pattern rule with stem `tnsdldef.d'.
  Rejecting impossible implicit prerequisite `.intermediate/src_fps/tnsdldef.d.r'.
  Trying pattern rule with stem `tnsdldef.d'.
  Rejecting impossible implicit prerequisite `.intermediate/src_fps/tnsdldef.d.s'.
  Trying pattern rule with stem `tnsdldef.d'.
  Rejecting impossible implicit prerequisite `.intermediate/src_fps/tnsdldef.d.S'.
  Trying pattern rule with stem `tnsdldef.d'.
  Rejecting impossible implicit prerequisite `.intermediate/src_fps/tnsdldef.d.mod'.
  Trying pattern rule with stem `tnsdldef.d'.
  Trying implicit prerequisite `.intermediate/src_fps/tnsdldef.d.sh'.
  Looking for a rule with intermediate file `.intermediate/src_fps/tnsdldef.d.sh'.
   Avoiding implicit rule recursion.
   Trying pattern rule with stem `tnsdldef.d.sh'.
   Trying implicit prerequisite `.intermediate/src_fps/tnsdldef.d.sh,v'.
   Trying pattern rule with stem `tnsdldef.d.sh'.
   Trying implicit prerequisite `.intermediate/src_fps/RCS/tnsdldef.d.sh,v'.
   Trying pattern rule with stem `tnsdldef.d.sh'.
   Trying implicit prerequisite `.intermediate/src_fps/RCS/tnsdldef.d.sh'.
   Trying pattern rule with stem `tnsdldef.d.sh'.
   Trying implicit prerequisite `.intermediate/src_fps/s.tnsdldef.d.sh'.
   Trying pattern rule with stem `tnsdldef.d.sh'.
   Trying implicit prerequisite `.intermediate/src_fps/SCCS/s.tnsdldef.d.sh'.
  No implicit rule found for `.intermediate/src_fps/tnsdldef.d'.
  Finished prerequisites of target file `.intermediate/src_fps/tnsdldef.d'.
 Must remake target `.intermediate/src_fps/tnsdldef.d'.
 Failed to remake target file `.intermediate/src_fps/tnsdldef.d'.
 Considering target file `.intermediate/tst/main_tests.d'.
  File `.intermediate/tst/main_tests.d' does not exist.
  Looking for an implicit rule for `.intermediate/tst/main_tests.d'.
  Trying pattern rule with stem `main_tests.d'.
  Trying implicit prerequisite `.intermediate/tst/main_tests.d.o'.
  Trying pattern rule with stem `main_tests.d'.
  Trying implicit prerequisite `.intermediate/tst/main_tests.d.c'.
  Trying pattern rule with stem `main_tests.d'.
  Trying implicit prerequisite `.intermediate/tst/main_tests.d.cc'.
  Trying pattern rule with stem `main_tests.d'.
  Trying implicit prerequisite `.intermediate/tst/main_tests.d.C'.
  Trying pattern rule with stem `main_tests.d'.
  Trying implicit prerequisite `.intermediate/tst/main_tests.d.cpp'.
  Trying pattern rule with stem `main_tests.d'.
  Trying implicit prerequisite `.intermediate/tst/main_tests.d.p'.
  Trying pattern rule with stem `main_tests.d'.
  Trying implicit prerequisite `.intermediate/tst/main_tests.d.f'.
  Trying pattern rule with stem `main_tests.d'.
  Trying implicit prerequisite `.intermediate/tst/main_tests.d.F'.
  Trying pattern rule with stem `main_tests.d'.
  Trying implicit prerequisite `.intermediate/tst/main_tests.d.r'.
  Trying pattern rule with stem `main_tests.d'.
  Trying implicit prerequisite `.intermediate/tst/main_tests.d.s'.
  Trying pattern rule with stem `main_tests.d'.
  Trying implicit prerequisite `.intermediate/tst/main_tests.d.S'.
  Trying pattern rule with stem `main_tests.d'.
  Trying implicit prerequisite `.intermediate/tst/main_tests.d.mod'.
  Trying pattern rule with stem `main_tests.d'.
  Trying implicit prerequisite `.intermediate/tst/main_tests.d.sh'.
  Trying pattern rule with stem `main_tests.d'.
  Trying implicit prerequisite `.intermediate/tst/main_tests.d,v'.
  Trying pattern rule with stem `main_tests.d'.
  Trying implicit prerequisite `.intermediate/tst/RCS/main_tests.d,v'.
  Trying pattern rule with stem `main_tests.d'.
  Trying implicit prerequisite `.intermediate/tst/RCS/main_tests.d'.
  Trying pattern rule with stem `main_tests.d'.
  Trying implicit prerequisite `.intermediate/tst/s.main_tests.d'.
  Trying pattern rule with stem `main_tests.d'.
  Trying implicit prerequisite `.intermediate/tst/SCCS/s.main_tests.d'.
  Trying pattern rule with stem `main_tests.d'.
  Trying implicit prerequisite `.intermediate/tst/main_tests.d.o'.
  Looking for a rule with intermediate file `.intermediate/tst/main_tests.d.o'.
   Avoiding implicit rule recursion.
   Trying pattern rule with stem `main_tests.d'.
   Trying implicit prerequisite `tst/main_tests.d.c'.
   Trying pattern rule with stem `main_tests.d'.
   Trying implicit prerequisite `tst/main_tests.d.cpp'.
   Trying pattern rule with stem `main_tests.d'.
   Trying implicit prerequisite `.intermediate/tst/main_tests.d.c'.
   Trying pattern rule with stem `main_tests.d'.
   Trying implicit prerequisite `.intermediate/tst/main_tests.d.cc'.
   Trying pattern rule with stem `main_tests.d'.
   Trying implicit prerequisite `.intermediate/tst/main_tests.d.C'.
   Trying pattern rule with stem `main_tests.d'.
   Trying implicit prerequisite `.intermediate/tst/main_tests.d.cpp'.
   Trying pattern rule with stem `main_tests.d'.
   Trying implicit prerequisite `.intermediate/tst/main_tests.d.p'.
   Trying pattern rule with stem `main_tests.d'.
   Trying implicit prerequisite `.intermediate/tst/main_tests.d.f'.
   Trying pattern rule with stem `main_tests.d'.
   Trying implicit prerequisite `.intermediate/tst/main_tests.d.F'.
   Trying pattern rule with stem `main_tests.d'.
   Trying implicit prerequisite `.intermediate/tst/main_tests.d.r'.
   Trying pattern rule with stem `main_tests.d'.
   Trying implicit prerequisite `.intermediate/tst/main_tests.d.s'.
   Trying pattern rule with stem `main_tests.d'.
   Trying implicit prerequisite `.intermediate/tst/main_tests.d.S'.
   Trying pattern rule with stem `main_tests.d'.
   Trying implicit prerequisite `.intermediate/tst/main_tests.d.mod'.
   Trying pattern rule with stem `main_tests.d.o'.
   Trying implicit prerequisite `.intermediate/tst/main_tests.d.o,v'.
   Trying pattern rule with stem `main_tests.d.o'.
   Trying implicit prerequisite `.intermediate/tst/RCS/main_tests.d.o,v'.
   Trying pattern rule with stem `main_tests.d.o'.
   Trying implicit prerequisite `.intermediate/tst/RCS/main_tests.d.o'.
   Trying pattern rule with stem `main_tests.d.o'.
   Trying implicit prerequisite `.intermediate/tst/s.main_tests.d.o'.
   Trying pattern rule with stem `main_tests.d.o'.
   Trying implicit prerequisite `.intermediate/tst/SCCS/s.main_tests.d.o'.
   Trying pattern rule with stem `main_tests.d'.
   Trying implicit prerequisite `tst/main_tests.d.c'.
   Looking for a rule with intermediate file `tst/main_tests.d.c'.
    Avoiding implicit rule recursion.
    Avoiding implicit rule recursion.
    Trying pattern rule with stem `main_tests.d'.
    Trying implicit prerequisite `tst/main_tests.d.y'.
    Trying pattern rule with stem `main_tests.d'.
    Trying implicit prerequisite `tst/main_tests.d.l'.
    Trying pattern rule with stem `main_tests.d'.
    Trying implicit prerequisite `tst/main_tests.d.w'.
    Trying pattern rule with stem `main_tests.d'.
    Trying implicit prerequisite `tst/main_tests.d.w'.
    Trying pattern rule with stem `main_tests.d.c'.
    Trying implicit prerequisite `tst/main_tests.d.c,v'.
    Trying pattern rule with stem `main_tests.d.c'.
    Trying implicit prerequisite `tst/RCS/main_tests.d.c,v'.
    Trying pattern rule with stem `main_tests.d.c'.
    Trying implicit prerequisite `tst/RCS/main_tests.d.c'.
    Trying pattern rule with stem `main_tests.d.c'.
    Trying implicit prerequisite `tst/s.main_tests.d.c'.
    Trying pattern rule with stem `main_tests.d.c'.
    Trying implicit prerequisite `tst/SCCS/s.main_tests.d.c'.
    Trying pattern rule with stem `main_tests.d'.
    Trying implicit prerequisite `tst/main_tests.d.y'.
    Looking for a rule with intermediate file `tst/main_tests.d.y'.
     Avoiding implicit rule recursion.
     Avoiding implicit rule recursion.
     Avoiding implicit rule recursion.
     Trying pattern rule with stem `main_tests.d.y'.
     Trying implicit prerequisite `tst/main_tests.d.y,v'.
     Trying pattern rule with stem `main_tests.d.y'.
     Trying implicit prerequisite `tst/RCS/main_tests.d.y,v'.
     Trying pattern rule with stem `main_tests.d.y'.
     Trying implicit prerequisite `tst/RCS/main_tests.d.y'.
     Trying pattern rule with stem `main_tests.d.y'.
     Trying implicit prerequisite `tst/s.main_tests.d.y'.
     Trying pattern rule with stem `main_tests.d.y'.
     Trying implicit prerequisite `tst/SCCS/s.main_tests.d.y'.
    Trying pattern rule with stem `main_tests.d'.
    Trying implicit prerequisite `tst/main_tests.d.l'.
    Looking for a rule with intermediate file `tst/main_tests.d.l'.
     Avoiding implicit rule recursion.
     Avoiding implicit rule recursion.
     Avoiding implicit rule recursion.
     Trying pattern rule with stem `main_tests.d.l'.
     Trying implicit prerequisite `tst/main_tests.d.l,v'.
     Trying pattern rule with stem `main_tests.d.l'.
     Trying implicit prerequisite `tst/RCS/main_tests.d.l,v'.
     Trying pattern rule with stem `main_tests.d.l'.
     Trying implicit prerequisite `tst/RCS/main_tests.d.l'.
     Trying pattern rule with stem `main_tests.d.l'.
     Trying implicit prerequisite `tst/s.main_tests.d.l'.
     Trying pattern rule with stem `main_tests.d.l'.
     Trying implicit prerequisite `tst/SCCS/s.main_tests.d.l'.
    Trying pattern rule with stem `main_tests.d'.
    Trying implicit prerequisite `tst/main_tests.d.w'.
    Looking for a rule with intermediate file `tst/main_tests.d.w'.
     Avoiding implicit rule recursion.
     Avoiding implicit rule recursion.
     Avoiding implicit rule recursion.
     Trying pattern rule with stem `main_tests.d.w'.
     Trying implicit prerequisite `tst/main_tests.d.w,v'.
     Trying pattern rule with stem `main_tests.d.w'.
     Trying implicit prerequisite `tst/RCS/main_tests.d.w,v'.
     Trying pattern rule with stem `main_tests.d.w'.
     Trying implicit prerequisite `tst/RCS/main_tests.d.w'.
     Trying pattern rule with stem `main_tests.d.w'.
     Trying implicit prerequisite `tst/s.main_tests.d.w'.
     Trying pattern rule with stem `main_tests.d.w'.
     Trying implicit prerequisite `tst/SCCS/s.main_tests.d.w'.
    Trying pattern rule with stem `main_tests.d'.
    Rejecting impossible implicit prerequisite `tst/main_tests.d.w'.
   Trying pattern rule with stem `main_tests.d'.
   Trying implicit prerequisite `tst/main_tests.d.cpp'.
   Looking for a rule with intermediate file `tst/main_tests.d.cpp'.
    Avoiding implicit rule recursion.
    Avoiding implicit rule recursion.
    Trying pattern rule with stem `main_tests.d.cpp'.
    Trying implicit prerequisite `tst/main_tests.d.cpp,v'.
    Trying pattern rule with stem `main_tests.d.cpp'.
    Trying implicit prerequisite `tst/RCS/main_tests.d.cpp,v'.
    Trying pattern rule with stem `main_tests.d.cpp'.
    Trying implicit prerequisite `tst/RCS/main_tests.d.cpp'.
    Trying pattern rule with stem `main_tests.d.cpp'.
    Trying implicit prerequisite `tst/s.main_tests.d.cpp'.
    Trying pattern rule with stem `main_tests.d.cpp'.
    Trying implicit prerequisite `tst/SCCS/s.main_tests.d.cpp'.
   Trying pattern rule with stem `main_tests.d'.
   Trying implicit prerequisite `.intermediate/tst/main_tests.d.c'.
   Looking for a rule with intermediate file `.intermediate/tst/main_tests.d.c'.
    Avoiding implicit rule recursion.
    Avoiding implicit rule recursion.
    Trying pattern rule with stem `main_tests.d'.
    Trying implicit prerequisite `.intermediate/tst/main_tests.d.y'.
    Trying pattern rule with stem `main_tests.d'.
    Trying implicit prerequisite `.intermediate/tst/main_tests.d.l'.
    Trying pattern rule with stem `main_tests.d'.
    Trying implicit prerequisite `.intermediate/tst/main_tests.d.w'.
    Trying pattern rule with stem `main_tests.d'.
    Trying implicit prerequisite `.intermediate/tst/main_tests.d.w'.
    Trying pattern rule with stem `main_tests.d.c'.
    Trying implicit prerequisite `.intermediate/tst/main_tests.d.c,v'.
    Trying pattern rule with stem `main_tests.d.c'.
    Trying implicit prerequisite `.intermediate/tst/RCS/main_tests.d.c,v'.
    Trying pattern rule with stem `main_tests.d.c'.
    Trying implicit prerequisite `.intermediate/tst/RCS/main_tests.d.c'.
    Trying pattern rule with stem `main_tests.d.c'.
    Trying implicit prerequisite `.intermediate/tst/s.main_tests.d.c'.
    Trying pattern rule with stem `main_tests.d.c'.
    Trying implicit prerequisite `.intermediate/tst/SCCS/s.main_tests.d.c'.
    Trying pattern rule with stem `main_tests.d'.
    Trying implicit prerequisite `.intermediate/tst/main_tests.d.y'.
    Looking for a rule with intermediate file `.intermediate/tst/main_tests.d.y'.
     Avoiding implicit rule recursion.
     Avoiding implicit rule recursion.
     Avoiding implicit rule recursion.
     Trying pattern rule with stem `main_tests.d.y'.
     Trying implicit prerequisite `.intermediate/tst/main_tests.d.y,v'.
     Trying pattern rule with stem `main_tests.d.y'.
     Trying implicit prerequisite `.intermediate/tst/RCS/main_tests.d.y,v'.
     Trying pattern rule with stem `main_tests.d.y'.
     Trying implicit prerequisite `.intermediate/tst/RCS/main_tests.d.y'.
     Trying pattern rule with stem `main_tests.d.y'.
     Trying implicit prerequisite `.intermediate/tst/s.main_tests.d.y'.
     Trying pattern rule with stem `main_tests.d.y'.
     Trying implicit prerequisite `.intermediate/tst/SCCS/s.main_tests.d.y'.
    Trying pattern rule with stem `main_tests.d'.
    Trying implicit prerequisite `.intermediate/tst/main_tests.d.l'.
    Looking for a rule with intermediate file `.intermediate/tst/main_tests.d.l'.
     Avoiding implicit rule recursion.
     Avoiding implicit rule recursion.
     Avoiding implicit rule recursion.
     Trying pattern rule with stem `main_tests.d.l'.
     Trying implicit prerequisite `.intermediate/tst/main_tests.d.l,v'.
     Trying pattern rule with stem `main_tests.d.l'.
     Trying implicit prerequisite `.intermediate/tst/RCS/main_tests.d.l,v'.
     Trying pattern rule with stem `main_tests.d.l'.
     Trying implicit prerequisite `.intermediate/tst/RCS/main_tests.d.l'.
     Trying pattern rule with stem `main_tests.d.l'.
     Trying implicit prerequisite `.intermediate/tst/s.main_tests.d.l'.
     Trying pattern rule with stem `main_tests.d.l'.
     Trying implicit prerequisite `.intermediate/tst/SCCS/s.main_tests.d.l'.
    Trying pattern rule with stem `main_tests.d'.
    Trying implicit prerequisite `.intermediate/tst/main_tests.d.w'.
    Looking for a rule with intermediate file `.intermediate/tst/main_tests.d.w'.
     Avoiding implicit rule recursion.
     Avoiding implicit rule recursion.
     Avoiding implicit rule recursion.
     Trying pattern rule with stem `main_tests.d.w'.
     Trying implicit prerequisite `.intermediate/tst/main_tests.d.w,v'.
     Trying pattern rule with stem `main_tests.d.w'.
     Trying implicit prerequisite `.intermediate/tst/RCS/main_tests.d.w,v'.
     Trying pattern rule with stem `main_tests.d.w'.
     Trying implicit prerequisite `.intermediate/tst/RCS/main_tests.d.w'.
     Trying pattern rule with stem `main_tests.d.w'.
     Trying implicit prerequisite `.intermediate/tst/s.main_tests.d.w'.
     Trying pattern rule with stem `main_tests.d.w'.
     Trying implicit prerequisite `.intermediate/tst/SCCS/s.main_tests.d.w'.
    Trying pattern rule with stem `main_tests.d'.
    Rejecting impossible implicit prerequisite `.intermediate/tst/main_tests.d.w'.
   Trying pattern rule with stem `main_tests.d'.
   Trying implicit prerequisite `.intermediate/tst/main_tests.d.cc'.
   Looking for a rule with intermediate file `.intermediate/tst/main_tests.d.cc'.
    Avoiding implicit rule recursion.
    Avoiding implicit rule recursion.
    Trying pattern rule with stem `main_tests.d.cc'.
    Trying implicit prerequisite `.intermediate/tst/main_tests.d.cc,v'.
    Trying pattern rule with stem `main_tests.d.cc'.
    Trying implicit prerequisite `.intermediate/tst/RCS/main_tests.d.cc,v'.
    Trying pattern rule with stem `main_tests.d.cc'.
    Trying implicit prerequisite `.intermediate/tst/RCS/main_tests.d.cc'.
    Trying pattern rule with stem `main_tests.d.cc'.
    Trying implicit prerequisite `.intermediate/tst/s.main_tests.d.cc'.
    Trying pattern rule with stem `main_tests.d.cc'.
    Trying implicit prerequisite `.intermediate/tst/SCCS/s.main_tests.d.cc'.
   Trying pattern rule with stem `main_tests.d'.
   Trying implicit prerequisite `.intermediate/tst/main_tests.d.C'.
   Looking for a rule with intermediate file `.intermediate/tst/main_tests.d.C'.
    Avoiding implicit rule recursion.
    Avoiding implicit rule recursion.
    Trying pattern rule with stem `main_tests.d.C'.
    Trying implicit prerequisite `.intermediate/tst/main_tests.d.C,v'.
    Trying pattern rule with stem `main_tests.d.C'.
    Trying implicit prerequisite `.intermediate/tst/RCS/main_tests.d.C,v'.
    Trying pattern rule with stem `main_tests.d.C'.
    Trying implicit prerequisite `.intermediate/tst/RCS/main_tests.d.C'.
    Trying pattern rule with stem `main_tests.d.C'.
    Trying implicit prerequisite `.intermediate/tst/s.main_tests.d.C'.
    Trying pattern rule with stem `main_tests.d.C'.
    Trying implicit prerequisite `.intermediate/tst/SCCS/s.main_tests.d.C'.
   Trying pattern rule with stem `main_tests.d'.
   Trying implicit prerequisite `.intermediate/tst/main_tests.d.cpp'.
   Looking for a rule with intermediate file `.intermediate/tst/main_tests.d.cpp'.
    Avoiding implicit rule recursion.
    Avoiding implicit rule recursion.
    Trying pattern rule with stem `main_tests.d.cpp'.
    Trying implicit prerequisite `.intermediate/tst/main_tests.d.cpp,v'.
    Trying pattern rule with stem `main_tests.d.cpp'.
    Trying implicit prerequisite `.intermediate/tst/RCS/main_tests.d.cpp,v'.
    Trying pattern rule with stem `main_tests.d.cpp'.
    Trying implicit prerequisite `.intermediate/tst/RCS/main_tests.d.cpp'.
    Trying pattern rule with stem `main_tests.d.cpp'.
    Trying implicit prerequisite `.intermediate/tst/s.main_tests.d.cpp'.
    Trying pattern rule with stem `main_tests.d.cpp'.
    Trying implicit prerequisite `.intermediate/tst/SCCS/s.main_tests.d.cpp'.
   Trying pattern rule with stem `main_tests.d'.
   Trying implicit prerequisite `.intermediate/tst/main_tests.d.p'.
   Looking for a rule with intermediate file `.intermediate/tst/main_tests.d.p'.
    Avoiding implicit rule recursion.
    Avoiding implicit rule recursion.
    Trying pattern rule with stem `main_tests.d'.
    Trying implicit prerequisite `.intermediate/tst/main_tests.d.web'.
    Trying pattern rule with stem `main_tests.d.p'.
    Trying implicit prerequisite `.intermediate/tst/main_tests.d.p,v'.
    Trying pattern rule with stem `main_tests.d.p'.
    Trying implicit prerequisite `.intermediate/tst/RCS/main_tests.d.p,v'.
    Trying pattern rule with stem `main_tests.d.p'.
    Trying implicit prerequisite `.intermediate/tst/RCS/main_tests.d.p'.
    Trying pattern rule with stem `main_tests.d.p'.
    Trying implicit prerequisite `.intermediate/tst/s.main_tests.d.p'.
    Trying pattern rule with stem `main_tests.d.p'.
    Trying implicit prerequisite `.intermediate/tst/SCCS/s.main_tests.d.p'.
    Trying pattern rule with stem `main_tests.d'.
    Trying implicit prerequisite `.intermediate/tst/main_tests.d.web'.
    Looking for a rule with intermediate file `.intermediate/tst/main_tests.d.web'.
     Avoiding implicit rule recursion.
     Avoiding implicit rule recursion.
     Avoiding implicit rule recursion.
     Trying pattern rule with stem `main_tests.d.web'.
     Trying implicit prerequisite `.intermediate/tst/main_tests.d.web,v'.
     Trying pattern rule with stem `main_tests.d.web'.
     Trying implicit prerequisite `.intermediate/tst/RCS/main_tests.d.web,v'.
     Trying pattern rule with stem `main_tests.d.web'.
     Trying implicit prerequisite `.intermediate/tst/RCS/main_tests.d.web'.
     Trying pattern rule with stem `main_tests.d.web'.
     Trying implicit prerequisite `.intermediate/tst/s.main_tests.d.web'.
     Trying pattern rule with stem `main_tests.d.web'.
     Trying implicit prerequisite `.intermediate/tst/SCCS/s.main_tests.d.web'.
   Trying pattern rule with stem `main_tests.d'.
   Trying implicit prerequisite `.intermediate/tst/main_tests.d.f'.
   Looking for a rule with intermediate file `.intermediate/tst/main_tests.d.f'.
    Avoiding implicit rule recursion.
    Avoiding implicit rule recursion.
    Trying pattern rule with stem `main_tests.d'.
    Trying implicit prerequisite `.intermediate/tst/main_tests.d.F'.
    Trying pattern rule with stem `main_tests.d'.
    Trying implicit prerequisite `.intermediate/tst/main_tests.d.r'.
    Trying pattern rule with stem `main_tests.d.f'.
    Trying implicit prerequisite `.intermediate/tst/main_tests.d.f,v'.
    Trying pattern rule with stem `main_tests.d.f'.
    Trying implicit prerequisite `.intermediate/tst/RCS/main_tests.d.f,v'.
    Trying pattern rule with stem `main_tests.d.f'.
    Trying implicit prerequisite `.intermediate/tst/RCS/main_tests.d.f'.
    Trying pattern rule with stem `main_tests.d.f'.
    Trying implicit prerequisite `.intermediate/tst/s.main_tests.d.f'.
    Trying pattern rule with stem `main_tests.d.f'.
    Trying implicit prerequisite `.intermediate/tst/SCCS/s.main_tests.d.f'.
    Trying pattern rule with stem `main_tests.d'.
    Trying implicit prerequisite `.intermediate/tst/main_tests.d.F'.
    Looking for a rule with intermediate file `.intermediate/tst/main_tests.d.F'.
     Avoiding implicit rule recursion.
     Avoiding implicit rule recursion.
     Avoiding implicit rule recursion.
     Trying pattern rule with stem `main_tests.d.F'.
     Trying implicit prerequisite `.intermediate/tst/main_tests.d.F,v'.
     Trying pattern rule with stem `main_tests.d.F'.
     Trying implicit prerequisite `.intermediate/tst/RCS/main_tests.d.F,v'.
     Trying pattern rule with stem `main_tests.d.F'.
     Trying implicit prerequisite `.intermediate/tst/RCS/main_tests.d.F'.
     Trying pattern rule with stem `main_tests.d.F'.
     Trying implicit prerequisite `.intermediate/tst/s.main_tests.d.F'.
     Trying pattern rule with stem `main_tests.d.F'.
     Trying implicit prerequisite `.intermediate/tst/SCCS/s.main_tests.d.F'.
    Trying pattern rule with stem `main_tests.d'.
    Trying implicit prerequisite `.intermediate/tst/main_tests.d.r'.
    Looking for a rule with intermediate file `.intermediate/tst/main_tests.d.r'.
     Avoiding implicit rule recursion.
     Avoiding implicit rule recursion.
     Avoiding implicit rule recursion.
     Trying pattern rule with stem `main_tests.d'.
     Rejecting impossible implicit prerequisite `.intermediate/tst/main_tests.d.l'.
     Trying pattern rule with stem `main_tests.d.r'.
     Trying implicit prerequisite `.intermediate/tst/main_tests.d.r,v'.
     Trying pattern rule with stem `main_tests.d.r'.
     Trying implicit prerequisite `.intermediate/tst/RCS/main_tests.d.r,v'.
     Trying pattern rule with stem `main_tests.d.r'.
     Trying implicit prerequisite `.intermediate/tst/RCS/main_tests.d.r'.
     Trying pattern rule with stem `main_tests.d.r'.
     Trying implicit prerequisite `.intermediate/tst/s.main_tests.d.r'.
     Trying pattern rule with stem `main_tests.d.r'.
     Trying implicit prerequisite `.intermediate/tst/SCCS/s.main_tests.d.r'.
   Trying pattern rule with stem `main_tests.d'.
   Rejecting impossible implicit prerequisite `.intermediate/tst/main_tests.d.F'.
   Trying pattern rule with stem `main_tests.d'.
   Rejecting impossible implicit prerequisite `.intermediate/tst/main_tests.d.r'.
   Trying pattern rule with stem `main_tests.d'.
   Trying implicit prerequisite `.intermediate/tst/main_tests.d.s'.
   Looking for a rule with intermediate file `.intermediate/tst/main_tests.d.s'.
    Avoiding implicit rule recursion.
    Avoiding implicit rule recursion.
    Trying pattern rule with stem `main_tests.d'.
    Trying implicit prerequisite `.intermediate/tst/main_tests.d.S'.
    Trying pattern rule with stem `main_tests.d.s'.
    Trying implicit prerequisite `.intermediate/tst/main_tests.d.s,v'.
    Trying pattern rule with stem `main_tests.d.s'.
    Trying implicit prerequisite `.intermediate/tst/RCS/main_tests.d.s,v'.
    Trying pattern rule with stem `main_tests.d.s'.
    Trying implicit prerequisite `.intermediate/tst/RCS/main_tests.d.s'.
    Trying pattern rule with stem `main_tests.d.s'.
    Trying implicit prerequisite `.intermediate/tst/s.main_tests.d.s'.
    Trying pattern rule with stem `main_tests.d.s'.
    Trying implicit prerequisite `.intermediate/tst/SCCS/s.main_tests.d.s'.
    Trying pattern rule with stem `main_tests.d'.
    Trying implicit prerequisite `.intermediate/tst/main_tests.d.S'.
    Looking for a rule with intermediate file `.intermediate/tst/main_tests.d.S'.
     Avoiding implicit rule recursion.
     Avoiding implicit rule recursion.
     Avoiding implicit rule recursion.
     Trying pattern rule with stem `main_tests.d.S'.
     Trying implicit prerequisite `.intermediate/tst/main_tests.d.S,v'.
     Trying pattern rule with stem `main_tests.d.S'.
     Trying implicit prerequisite `.intermediate/tst/RCS/main_tests.d.S,v'.
     Trying pattern rule with stem `main_tests.d.S'.
     Trying implicit prerequisite `.intermediate/tst/RCS/main_tests.d.S'.
     Trying pattern rule with stem `main_tests.d.S'.
     Trying implicit prerequisite `.intermediate/tst/s.main_tests.d.S'.
     Trying pattern rule with stem `main_tests.d.S'.
     Trying implicit prerequisite `.intermediate/tst/SCCS/s.main_tests.d.S'.
   Trying pattern rule with stem `main_tests.d'.
   Rejecting impossible implicit prerequisite `.intermediate/tst/main_tests.d.S'.
   Trying pattern rule with stem `main_tests.d'.
   Trying implicit prerequisite `.intermediate/tst/main_tests.d.mod'.
   Looking for a rule with intermediate file `.intermediate/tst/main_tests.d.mod'.
    Avoiding implicit rule recursion.
    Avoiding implicit rule recursion.
    Trying pattern rule with stem `main_tests.d.mod'.
    Trying implicit prerequisite `.intermediate/tst/main_tests.d.mod,v'.
    Trying pattern rule with stem `main_tests.d.mod'.
    Trying implicit prerequisite `.intermediate/tst/RCS/main_tests.d.mod,v'.
    Trying pattern rule with stem `main_tests.d.mod'.
    Trying implicit prerequisite `.intermediate/tst/RCS/main_tests.d.mod'.
    Trying pattern rule with stem `main_tests.d.mod'.
    Trying implicit prerequisite `.intermediate/tst/s.main_tests.d.mod'.
    Trying pattern rule with stem `main_tests.d.mod'.
    Trying implicit prerequisite `.intermediate/tst/SCCS/s.main_tests.d.mod'.
  Trying pattern rule with stem `main_tests.d'.
  Rejecting impossible implicit prerequisite `.intermediate/tst/main_tests.d.c'.
  Trying pattern rule with stem `main_tests.d'.
  Rejecting impossible implicit prerequisite `.intermediate/tst/main_tests.d.cc'.
  Trying pattern rule with stem `main_tests.d'.
  Rejecting impossible implicit prerequisite `.intermediate/tst/main_tests.d.C'.
  Trying pattern rule with stem `main_tests.d'.
  Rejecting impossible implicit prerequisite `.intermediate/tst/main_tests.d.cpp'.
  Trying pattern rule with stem `main_tests.d'.
  Rejecting impossible implicit prerequisite `.intermediate/tst/main_tests.d.p'.
  Trying pattern rule with stem `main_tests.d'.
  Rejecting impossible implicit prerequisite `.intermediate/tst/main_tests.d.f'.
  Trying pattern rule with stem `main_tests.d'.
  Rejecting impossible implicit prerequisite `.intermediate/tst/main_tests.d.F'.
  Trying pattern rule with stem `main_tests.d'.
  Rejecting impossible implicit prerequisite `.intermediate/tst/main_tests.d.r'.
  Trying pattern rule with stem `main_tests.d'.
  Rejecting impossible implicit prerequisite `.intermediate/tst/main_tests.d.s'.
  Trying pattern rule with stem `main_tests.d'.
  Rejecting impossible implicit prerequisite `.intermediate/tst/main_tests.d.S'.
  Trying pattern rule with stem `main_tests.d'.
  Rejecting impossible implicit prerequisite `.intermediate/tst/main_tests.d.mod'.
  Trying pattern rule with stem `main_tests.d'.
  Trying implicit prerequisite `.intermediate/tst/main_tests.d.sh'.
  Looking for a rule with intermediate file `.intermediate/tst/main_tests.d.sh'.
   Avoiding implicit rule recursion.
   Trying pattern rule with stem `main_tests.d.sh'.
   Trying implicit prerequisite `.intermediate/tst/main_tests.d.sh,v'.
   Trying pattern rule with stem `main_tests.d.sh'.
   Trying implicit prerequisite `.intermediate/tst/RCS/main_tests.d.sh,v'.
   Trying pattern rule with stem `main_tests.d.sh'.
   Trying implicit prerequisite `.intermediate/tst/RCS/main_tests.d.sh'.
   Trying pattern rule with stem `main_tests.d.sh'.
   Trying implicit prerequisite `.intermediate/tst/s.main_tests.d.sh'.
   Trying pattern rule with stem `main_tests.d.sh'.
   Trying implicit prerequisite `.intermediate/tst/SCCS/s.main_tests.d.sh'.
  No implicit rule found for `.intermediate/tst/main_tests.d'.
  Finished prerequisites of target file `.intermediate/tst/main_tests.d'.
 Must remake target `.intermediate/tst/main_tests.d'.
 Failed to remake target file `.intermediate/tst/main_tests.d'.
 Considering target file `.intermediate/tst/stub.d'.
  File `.intermediate/tst/stub.d' does not exist.
  Looking for an implicit rule for `.intermediate/tst/stub.d'.
  Trying pattern rule with stem `stub.d'.
  Trying implicit prerequisite `.intermediate/tst/stub.d.o'.
  Trying pattern rule with stem `stub.d'.
  Trying implicit prerequisite `.intermediate/tst/stub.d.c'.
  Trying pattern rule with stem `stub.d'.
  Trying implicit prerequisite `.intermediate/tst/stub.d.cc'.
  Trying pattern rule with stem `stub.d'.
  Trying implicit prerequisite `.intermediate/tst/stub.d.C'.
  Trying pattern rule with stem `stub.d'.
  Trying implicit prerequisite `.intermediate/tst/stub.d.cpp'.
  Trying pattern rule with stem `stub.d'.
  Trying implicit prerequisite `.intermediate/tst/stub.d.p'.
  Trying pattern rule with stem `stub.d'.
  Trying implicit prerequisite `.intermediate/tst/stub.d.f'.
  Trying pattern rule with stem `stub.d'.
  Trying implicit prerequisite `.intermediate/tst/stub.d.F'.
  Trying pattern rule with stem `stub.d'.
  Trying implicit prerequisite `.intermediate/tst/stub.d.r'.
  Trying pattern rule with stem `stub.d'.
  Trying implicit prerequisite `.intermediate/tst/stub.d.s'.
  Trying pattern rule with stem `stub.d'.
  Trying implicit prerequisite `.intermediate/tst/stub.d.S'.
  Trying pattern rule with stem `stub.d'.
  Trying implicit prerequisite `.intermediate/tst/stub.d.mod'.
  Trying pattern rule with stem `stub.d'.
  Trying implicit prerequisite `.intermediate/tst/stub.d.sh'.
  Trying pattern rule with stem `stub.d'.
  Trying implicit prerequisite `.intermediate/tst/stub.d,v'.
  Trying pattern rule with stem `stub.d'.
  Trying implicit prerequisite `.intermediate/tst/RCS/stub.d,v'.
  Trying pattern rule with stem `stub.d'.
  Trying implicit prerequisite `.intermediate/tst/RCS/stub.d'.
  Trying pattern rule with stem `stub.d'.
  Trying implicit prerequisite `.intermediate/tst/s.stub.d'.
  Trying pattern rule with stem `stub.d'.
  Trying implicit prerequisite `.intermediate/tst/SCCS/s.stub.d'.
  Trying pattern rule with stem `stub.d'.
  Trying implicit prerequisite `.intermediate/tst/stub.d.o'.
  Looking for a rule with intermediate file `.intermediate/tst/stub.d.o'.
   Avoiding implicit rule recursion.
   Trying pattern rule with stem `stub.d'.
   Trying implicit prerequisite `tst/stub.d.c'.
   Trying pattern rule with stem `stub.d'.
   Trying implicit prerequisite `tst/stub.d.cpp'.
   Trying pattern rule with stem `stub.d'.
   Trying implicit prerequisite `.intermediate/tst/stub.d.c'.
   Trying pattern rule with stem `stub.d'.
   Trying implicit prerequisite `.intermediate/tst/stub.d.cc'.
   Trying pattern rule with stem `stub.d'.
   Trying implicit prerequisite `.intermediate/tst/stub.d.C'.
   Trying pattern rule with stem `stub.d'.
   Trying implicit prerequisite `.intermediate/tst/stub.d.cpp'.
   Trying pattern rule with stem `stub.d'.
   Trying implicit prerequisite `.intermediate/tst/stub.d.p'.
   Trying pattern rule with stem `stub.d'.
   Trying implicit prerequisite `.intermediate/tst/stub.d.f'.
   Trying pattern rule with stem `stub.d'.
   Trying implicit prerequisite `.intermediate/tst/stub.d.F'.
   Trying pattern rule with stem `stub.d'.
   Trying implicit prerequisite `.intermediate/tst/stub.d.r'.
   Trying pattern rule with stem `stub.d'.
   Trying implicit prerequisite `.intermediate/tst/stub.d.s'.
   Trying pattern rule with stem `stub.d'.
   Trying implicit prerequisite `.intermediate/tst/stub.d.S'.
   Trying pattern rule with stem `stub.d'.
   Trying implicit prerequisite `.intermediate/tst/stub.d.mod'.
   Trying pattern rule with stem `stub.d.o'.
   Trying implicit prerequisite `.intermediate/tst/stub.d.o,v'.
   Trying pattern rule with stem `stub.d.o'.
   Trying implicit prerequisite `.intermediate/tst/RCS/stub.d.o,v'.
   Trying pattern rule with stem `stub.d.o'.
   Trying implicit prerequisite `.intermediate/tst/RCS/stub.d.o'.
   Trying pattern rule with stem `stub.d.o'.
   Trying implicit prerequisite `.intermediate/tst/s.stub.d.o'.
   Trying pattern rule with stem `stub.d.o'.
   Trying implicit prerequisite `.intermediate/tst/SCCS/s.stub.d.o'.
   Trying pattern rule with stem `stub.d'.
   Trying implicit prerequisite `tst/stub.d.c'.
   Looking for a rule with intermediate file `tst/stub.d.c'.
    Avoiding implicit rule recursion.
    Avoiding implicit rule recursion.
    Trying pattern rule with stem `stub.d'.
    Trying implicit prerequisite `tst/stub.d.y'.
    Trying pattern rule with stem `stub.d'.
    Trying implicit prerequisite `tst/stub.d.l'.
    Trying pattern rule with stem `stub.d'.
    Trying implicit prerequisite `tst/stub.d.w'.
    Trying pattern rule with stem `stub.d'.
    Trying implicit prerequisite `tst/stub.d.w'.
    Trying pattern rule with stem `stub.d.c'.
    Trying implicit prerequisite `tst/stub.d.c,v'.
    Trying pattern rule with stem `stub.d.c'.
    Trying implicit prerequisite `tst/RCS/stub.d.c,v'.
    Trying pattern rule with stem `stub.d.c'.
    Trying implicit prerequisite `tst/RCS/stub.d.c'.
    Trying pattern rule with stem `stub.d.c'.
    Trying implicit prerequisite `tst/s.stub.d.c'.
    Trying pattern rule with stem `stub.d.c'.
    Trying implicit prerequisite `tst/SCCS/s.stub.d.c'.
    Trying pattern rule with stem `stub.d'.
    Trying implicit prerequisite `tst/stub.d.y'.
    Looking for a rule with intermediate file `tst/stub.d.y'.
     Avoiding implicit rule recursion.
     Avoiding implicit rule recursion.
     Avoiding implicit rule recursion.
     Trying pattern rule with stem `stub.d.y'.
     Trying implicit prerequisite `tst/stub.d.y,v'.
     Trying pattern rule with stem `stub.d.y'.
     Trying implicit prerequisite `tst/RCS/stub.d.y,v'.
     Trying pattern rule with stem `stub.d.y'.
     Trying implicit prerequisite `tst/RCS/stub.d.y'.
     Trying pattern rule with stem `stub.d.y'.
     Trying implicit prerequisite `tst/s.stub.d.y'.
     Trying pattern rule with stem `stub.d.y'.
     Trying implicit prerequisite `tst/SCCS/s.stub.d.y'.
    Trying pattern rule with stem `stub.d'.
    Trying implicit prerequisite `tst/stub.d.l'.
    Looking for a rule with intermediate file `tst/stub.d.l'.
     Avoiding implicit rule recursion.
     Avoiding implicit rule recursion.
     Avoiding implicit rule recursion.
     Trying pattern rule with stem `stub.d.l'.
     Trying implicit prerequisite `tst/stub.d.l,v'.
     Trying pattern rule with stem `stub.d.l'.
     Trying implicit prerequisite `tst/RCS/stub.d.l,v'.
     Trying pattern rule with stem `stub.d.l'.
     Trying implicit prerequisite `tst/RCS/stub.d.l'.
     Trying pattern rule with stem `stub.d.l'.
     Trying implicit prerequisite `tst/s.stub.d.l'.
     Trying pattern rule with stem `stub.d.l'.
     Trying implicit prerequisite `tst/SCCS/s.stub.d.l'.
    Trying pattern rule with stem `stub.d'.
    Trying implicit prerequisite `tst/stub.d.w'.
    Looking for a rule with intermediate file `tst/stub.d.w'.
     Avoiding implicit rule recursion.
     Avoiding implicit rule recursion.
     Avoiding implicit rule recursion.
     Trying pattern rule with stem `stub.d.w'.
     Trying implicit prerequisite `tst/stub.d.w,v'.
     Trying pattern rule with stem `stub.d.w'.
     Trying implicit prerequisite `tst/RCS/stub.d.w,v'.
     Trying pattern rule with stem `stub.d.w'.
     Trying implicit prerequisite `tst/RCS/stub.d.w'.
     Trying pattern rule with stem `stub.d.w'.
     Trying implicit prerequisite `tst/s.stub.d.w'.
     Trying pattern rule with stem `stub.d.w'.
     Trying implicit prerequisite `tst/SCCS/s.stub.d.w'.
    Trying pattern rule with stem `stub.d'.
    Rejecting impossible implicit prerequisite `tst/stub.d.w'.
   Trying pattern rule with stem `stub.d'.
   Trying implicit prerequisite `tst/stub.d.cpp'.
   Looking for a rule with intermediate file `tst/stub.d.cpp'.
    Avoiding implicit rule recursion.
    Avoiding implicit rule recursion.
    Trying pattern rule with stem `stub.d.cpp'.
    Trying implicit prerequisite `tst/stub.d.cpp,v'.
    Trying pattern rule with stem `stub.d.cpp'.
    Trying implicit prerequisite `tst/RCS/stub.d.cpp,v'.
    Trying pattern rule with stem `stub.d.cpp'.
    Trying implicit prerequisite `tst/RCS/stub.d.cpp'.
    Trying pattern rule with stem `stub.d.cpp'.
    Trying implicit prerequisite `tst/s.stub.d.cpp'.
    Trying pattern rule with stem `stub.d.cpp'.
    Trying implicit prerequisite `tst/SCCS/s.stub.d.cpp'.
   Trying pattern rule with stem `stub.d'.
   Trying implicit prerequisite `.intermediate/tst/stub.d.c'.
   Looking for a rule with intermediate file `.intermediate/tst/stub.d.c'.
    Avoiding implicit rule recursion.
    Avoiding implicit rule recursion.
    Trying pattern rule with stem `stub.d'.
    Trying implicit prerequisite `.intermediate/tst/stub.d.y'.
    Trying pattern rule with stem `stub.d'.
    Trying implicit prerequisite `.intermediate/tst/stub.d.l'.
    Trying pattern rule with stem `stub.d'.
    Trying implicit prerequisite `.intermediate/tst/stub.d.w'.
    Trying pattern rule with stem `stub.d'.
    Trying implicit prerequisite `.intermediate/tst/stub.d.w'.
    Trying pattern rule with stem `stub.d.c'.
    Trying implicit prerequisite `.intermediate/tst/stub.d.c,v'.
    Trying pattern rule with stem `stub.d.c'.
    Trying implicit prerequisite `.intermediate/tst/RCS/stub.d.c,v'.
    Trying pattern rule with stem `stub.d.c'.
    Trying implicit prerequisite `.intermediate/tst/RCS/stub.d.c'.
    Trying pattern rule with stem `stub.d.c'.
    Trying implicit prerequisite `.intermediate/tst/s.stub.d.c'.
    Trying pattern rule with stem `stub.d.c'.
    Trying implicit prerequisite `.intermediate/tst/SCCS/s.stub.d.c'.
    Trying pattern rule with stem `stub.d'.
    Trying implicit prerequisite `.intermediate/tst/stub.d.y'.
    Looking for a rule with intermediate file `.intermediate/tst/stub.d.y'.
     Avoiding implicit rule recursion.
     Avoiding implicit rule recursion.
     Avoiding implicit rule recursion.
     Trying pattern rule with stem `stub.d.y'.
     Trying implicit prerequisite `.intermediate/tst/stub.d.y,v'.
     Trying pattern rule with stem `stub.d.y'.
     Trying implicit prerequisite `.intermediate/tst/RCS/stub.d.y,v'.
     Trying pattern rule with stem `stub.d.y'.
     Trying implicit prerequisite `.intermediate/tst/RCS/stub.d.y'.
     Trying pattern rule with stem `stub.d.y'.
     Trying implicit prerequisite `.intermediate/tst/s.stub.d.y'.
     Trying pattern rule with stem `stub.d.y'.
     Trying implicit prerequisite `.intermediate/tst/SCCS/s.stub.d.y'.
    Trying pattern rule with stem `stub.d'.
    Trying implicit prerequisite `.intermediate/tst/stub.d.l'.
    Looking for a rule with intermediate file `.intermediate/tst/stub.d.l'.
     Avoiding implicit rule recursion.
     Avoiding implicit rule recursion.
     Avoiding implicit rule recursion.
     Trying pattern rule with stem `stub.d.l'.
     Trying implicit prerequisite `.intermediate/tst/stub.d.l,v'.
     Trying pattern rule with stem `stub.d.l'.
     Trying implicit prerequisite `.intermediate/tst/RCS/stub.d.l,v'.
     Trying pattern rule with stem `stub.d.l'.
     Trying implicit prerequisite `.intermediate/tst/RCS/stub.d.l'.
     Trying pattern rule with stem `stub.d.l'.
     Trying implicit prerequisite `.intermediate/tst/s.stub.d.l'.
     Trying pattern rule with stem `stub.d.l'.
     Trying implicit prerequisite `.intermediate/tst/SCCS/s.stub.d.l'.
    Trying pattern rule with stem `stub.d'.
    Trying implicit prerequisite `.intermediate/tst/stub.d.w'.
    Looking for a rule with intermediate file `.intermediate/tst/stub.d.w'.
     Avoiding implicit rule recursion.
     Avoiding implicit rule recursion.
     Avoiding implicit rule recursion.
     Trying pattern rule with stem `stub.d.w'.
     Trying implicit prerequisite `.intermediate/tst/stub.d.w,v'.
     Trying pattern rule with stem `stub.d.w'.
     Trying implicit prerequisite `.intermediate/tst/RCS/stub.d.w,v'.
     Trying pattern rule with stem `stub.d.w'.
     Trying implicit prerequisite `.intermediate/tst/RCS/stub.d.w'.
     Trying pattern rule with stem `stub.d.w'.
     Trying implicit prerequisite `.intermediate/tst/s.stub.d.w'.
     Trying pattern rule with stem `stub.d.w'.
     Trying implicit prerequisite `.intermediate/tst/SCCS/s.stub.d.w'.
    Trying pattern rule with stem `stub.d'.
    Rejecting impossible implicit prerequisite `.intermediate/tst/stub.d.w'.
   Trying pattern rule with stem `stub.d'.
   Trying implicit prerequisite `.intermediate/tst/stub.d.cc'.
   Looking for a rule with intermediate file `.intermediate/tst/stub.d.cc'.
    Avoiding implicit rule recursion.
    Avoiding implicit rule recursion.
    Trying pattern rule with stem `stub.d.cc'.
    Trying implicit prerequisite `.intermediate/tst/stub.d.cc,v'.
    Trying pattern rule with stem `stub.d.cc'.
    Trying implicit prerequisite `.intermediate/tst/RCS/stub.d.cc,v'.
    Trying pattern rule with stem `stub.d.cc'.
    Trying implicit prerequisite `.intermediate/tst/RCS/stub.d.cc'.
    Trying pattern rule with stem `stub.d.cc'.
    Trying implicit prerequisite `.intermediate/tst/s.stub.d.cc'.
    Trying pattern rule with stem `stub.d.cc'.
    Trying implicit prerequisite `.intermediate/tst/SCCS/s.stub.d.cc'.
   Trying pattern rule with stem `stub.d'.
   Trying implicit prerequisite `.intermediate/tst/stub.d.C'.
   Looking for a rule with intermediate file `.intermediate/tst/stub.d.C'.
    Avoiding implicit rule recursion.
    Avoiding implicit rule recursion.
    Trying pattern rule with stem `stub.d.C'.
    Trying implicit prerequisite `.intermediate/tst/stub.d.C,v'.
    Trying pattern rule with stem `stub.d.C'.
    Trying implicit prerequisite `.intermediate/tst/RCS/stub.d.C,v'.
    Trying pattern rule with stem `stub.d.C'.
    Trying implicit prerequisite `.intermediate/tst/RCS/stub.d.C'.
    Trying pattern rule with stem `stub.d.C'.
    Trying implicit prerequisite `.intermediate/tst/s.stub.d.C'.
    Trying pattern rule with stem `stub.d.C'.
    Trying implicit prerequisite `.intermediate/tst/SCCS/s.stub.d.C'.
   Trying pattern rule with stem `stub.d'.
   Trying implicit prerequisite `.intermediate/tst/stub.d.cpp'.
   Looking for a rule with intermediate file `.intermediate/tst/stub.d.cpp'.
    Avoiding implicit rule recursion.
    Avoiding implicit rule recursion.
    Trying pattern rule with stem `stub.d.cpp'.
    Trying implicit prerequisite `.intermediate/tst/stub.d.cpp,v'.
    Trying pattern rule with stem `stub.d.cpp'.
    Trying implicit prerequisite `.intermediate/tst/RCS/stub.d.cpp,v'.
    Trying pattern rule with stem `stub.d.cpp'.
    Trying implicit prerequisite `.intermediate/tst/RCS/stub.d.cpp'.
    Trying pattern rule with stem `stub.d.cpp'.
    Trying implicit prerequisite `.intermediate/tst/s.stub.d.cpp'.
    Trying pattern rule with stem `stub.d.cpp'.
    Trying implicit prerequisite `.intermediate/tst/SCCS/s.stub.d.cpp'.
   Trying pattern rule with stem `stub.d'.
   Trying implicit prerequisite `.intermediate/tst/stub.d.p'.
   Looking for a rule with intermediate file `.intermediate/tst/stub.d.p'.
    Avoiding implicit rule recursion.
    Avoiding implicit rule recursion.
    Trying pattern rule with stem `stub.d'.
    Trying implicit prerequisite `.intermediate/tst/stub.d.web'.
    Trying pattern rule with stem `stub.d.p'.
    Trying implicit prerequisite `.intermediate/tst/stub.d.p,v'.
    Trying pattern rule with stem `stub.d.p'.
    Trying implicit prerequisite `.intermediate/tst/RCS/stub.d.p,v'.
    Trying pattern rule with stem `stub.d.p'.
    Trying implicit prerequisite `.intermediate/tst/RCS/stub.d.p'.
    Trying pattern rule with stem `stub.d.p'.
    Trying implicit prerequisite `.intermediate/tst/s.stub.d.p'.
    Trying pattern rule with stem `stub.d.p'.
    Trying implicit prerequisite `.intermediate/tst/SCCS/s.stub.d.p'.
    Trying pattern rule with stem `stub.d'.
    Trying implicit prerequisite `.intermediate/tst/stub.d.web'.
    Looking for a rule with intermediate file `.intermediate/tst/stub.d.web'.
     Avoiding implicit rule recursion.
     Avoiding implicit rule recursion.
     Avoiding implicit rule recursion.
     Trying pattern rule with stem `stub.d.web'.
     Trying implicit prerequisite `.intermediate/tst/stub.d.web,v'.
     Trying pattern rule with stem `stub.d.web'.
     Trying implicit prerequisite `.intermediate/tst/RCS/stub.d.web,v'.
     Trying pattern rule with stem `stub.d.web'.
     Trying implicit prerequisite `.intermediate/tst/RCS/stub.d.web'.
     Trying pattern rule with stem `stub.d.web'.
     Trying implicit prerequisite `.intermediate/tst/s.stub.d.web'.
     Trying pattern rule with stem `stub.d.web'.
     Trying implicit prerequisite `.intermediate/tst/SCCS/s.stub.d.web'.
   Trying pattern rule with stem `stub.d'.
   Trying implicit prerequisite `.intermediate/tst/stub.d.f'.
   Looking for a rule with intermediate file `.intermediate/tst/stub.d.f'.
    Avoiding implicit rule recursion.
    Avoiding implicit rule recursion.
    Trying pattern rule with stem `stub.d'.
    Trying implicit prerequisite `.intermediate/tst/stub.d.F'.
    Trying pattern rule with stem `stub.d'.
    Trying implicit prerequisite `.intermediate/tst/stub.d.r'.
    Trying pattern rule with stem `stub.d.f'.
    Trying implicit prerequisite `.intermediate/tst/stub.d.f,v'.
    Trying pattern rule with stem `stub.d.f'.
    Trying implicit prerequisite `.intermediate/tst/RCS/stub.d.f,v'.
    Trying pattern rule with stem `stub.d.f'.
    Trying implicit prerequisite `.intermediate/tst/RCS/stub.d.f'.
    Trying pattern rule with stem `stub.d.f'.
    Trying implicit prerequisite `.intermediate/tst/s.stub.d.f'.
    Trying pattern rule with stem `stub.d.f'.
    Trying implicit prerequisite `.intermediate/tst/SCCS/s.stub.d.f'.
    Trying pattern rule with stem `stub.d'.
    Trying implicit prerequisite `.intermediate/tst/stub.d.F'.
    Looking for a rule with intermediate file `.intermediate/tst/stub.d.F'.
     Avoiding implicit rule recursion.
     Avoiding implicit rule recursion.
     Avoiding implicit rule recursion.
     Trying pattern rule with stem `stub.d.F'.
     Trying implicit prerequisite `.intermediate/tst/stub.d.F,v'.
     Trying pattern rule with stem `stub.d.F'.
     Trying implicit prerequisite `.intermediate/tst/RCS/stub.d.F,v'.
     Trying pattern rule with stem `stub.d.F'.
     Trying implicit prerequisite `.intermediate/tst/RCS/stub.d.F'.
     Trying pattern rule with stem `stub.d.F'.
     Trying implicit prerequisite `.intermediate/tst/s.stub.d.F'.
     Trying pattern rule with stem `stub.d.F'.
     Trying implicit prerequisite `.intermediate/tst/SCCS/s.stub.d.F'.
    Trying pattern rule with stem `stub.d'.
    Trying implicit prerequisite `.intermediate/tst/stub.d.r'.
    Looking for a rule with intermediate file `.intermediate/tst/stub.d.r'.
     Avoiding implicit rule recursion.
     Avoiding implicit rule recursion.
     Avoiding implicit rule recursion.
     Trying pattern rule with stem `stub.d'.
     Rejecting impossible implicit prerequisite `.intermediate/tst/stub.d.l'.
     Trying pattern rule with stem `stub.d.r'.
     Trying implicit prerequisite `.intermediate/tst/stub.d.r,v'.
     Trying pattern rule with stem `stub.d.r'.
     Trying implicit prerequisite `.intermediate/tst/RCS/stub.d.r,v'.
     Trying pattern rule with stem `stub.d.r'.
     Trying implicit prerequisite `.intermediate/tst/RCS/stub.d.r'.
     Trying pattern rule with stem `stub.d.r'.
     Trying implicit prerequisite `.intermediate/tst/s.stub.d.r'.
     Trying pattern rule with stem `stub.d.r'.
     Trying implicit prerequisite `.intermediate/tst/SCCS/s.stub.d.r'.
   Trying pattern rule with stem `stub.d'.
   Rejecting impossible implicit prerequisite `.intermediate/tst/stub.d.F'.
   Trying pattern rule with stem `stub.d'.
   Rejecting impossible implicit prerequisite `.intermediate/tst/stub.d.r'.
   Trying pattern rule with stem `stub.d'.
   Trying implicit prerequisite `.intermediate/tst/stub.d.s'.
   Looking for a rule with intermediate file `.intermediate/tst/stub.d.s'.
    Avoiding implicit rule recursion.
    Avoiding implicit rule recursion.
    Trying pattern rule with stem `stub.d'.
    Trying implicit prerequisite `.intermediate/tst/stub.d.S'.
    Trying pattern rule with stem `stub.d.s'.
    Trying implicit prerequisite `.intermediate/tst/stub.d.s,v'.
    Trying pattern rule with stem `stub.d.s'.
    Trying implicit prerequisite `.intermediate/tst/RCS/stub.d.s,v'.
    Trying pattern rule with stem `stub.d.s'.
    Trying implicit prerequisite `.intermediate/tst/RCS/stub.d.s'.
    Trying pattern rule with stem `stub.d.s'.
    Trying implicit prerequisite `.intermediate/tst/s.stub.d.s'.
    Trying pattern rule with stem `stub.d.s'.
    Trying implicit prerequisite `.intermediate/tst/SCCS/s.stub.d.s'.
    Trying pattern rule with stem `stub.d'.
    Trying implicit prerequisite `.intermediate/tst/stub.d.S'.
    Looking for a rule with intermediate file `.intermediate/tst/stub.d.S'.
     Avoiding implicit rule recursion.
     Avoiding implicit rule recursion.
     Avoiding implicit rule recursion.
     Trying pattern rule with stem `stub.d.S'.
     Trying implicit prerequisite `.intermediate/tst/stub.d.S,v'.
     Trying pattern rule with stem `stub.d.S'.
     Trying implicit prerequisite `.intermediate/tst/RCS/stub.d.S,v'.
     Trying pattern rule with stem `stub.d.S'.
     Trying implicit prerequisite `.intermediate/tst/RCS/stub.d.S'.
     Trying pattern rule with stem `stub.d.S'.
     Trying implicit prerequisite `.intermediate/tst/s.stub.d.S'.
     Trying pattern rule with stem `stub.d.S'.
     Trying implicit prerequisite `.intermediate/tst/SCCS/s.stub.d.S'.
   Trying pattern rule with stem `stub.d'.
   Rejecting impossible implicit prerequisite `.intermediate/tst/stub.d.S'.
   Trying pattern rule with stem `stub.d'.
   Trying implicit prerequisite `.intermediate/tst/stub.d.mod'.
   Looking for a rule with intermediate file `.intermediate/tst/stub.d.mod'.
    Avoiding implicit rule recursion.
    Avoiding implicit rule recursion.
    Trying pattern rule with stem `stub.d.mod'.
    Trying implicit prerequisite `.intermediate/tst/stub.d.mod,v'.
    Trying pattern rule with stem `stub.d.mod'.
    Trying implicit prerequisite `.intermediate/tst/RCS/stub.d.mod,v'.
    Trying pattern rule with stem `stub.d.mod'.
    Trying implicit prerequisite `.intermediate/tst/RCS/stub.d.mod'.
    Trying pattern rule with stem `stub.d.mod'.
    Trying implicit prerequisite `.intermediate/tst/s.stub.d.mod'.
    Trying pattern rule with stem `stub.d.mod'.
    Trying implicit prerequisite `.intermediate/tst/SCCS/s.stub.d.mod'.
  Trying pattern rule with stem `stub.d'.
  Rejecting impossible implicit prerequisite `.intermediate/tst/stub.d.c'.
  Trying pattern rule with stem `stub.d'.
  Rejecting impossible implicit prerequisite `.intermediate/tst/stub.d.cc'.
  Trying pattern rule with stem `stub.d'.
  Rejecting impossible implicit prerequisite `.intermediate/tst/stub.d.C'.
  Trying pattern rule with stem `stub.d'.
  Rejecting impossible implicit prerequisite `.intermediate/tst/stub.d.cpp'.
  Trying pattern rule with stem `stub.d'.
  Rejecting impossible implicit prerequisite `.intermediate/tst/stub.d.p'.
  Trying pattern rule with stem `stub.d'.
  Rejecting impossible implicit prerequisite `.intermediate/tst/stub.d.f'.
  Trying pattern rule with stem `stub.d'.
  Rejecting impossible implicit prerequisite `.intermediate/tst/stub.d.F'.
  Trying pattern rule with stem `stub.d'.
  Rejecting impossible implicit prerequisite `.intermediate/tst/stub.d.r'.
  Trying pattern rule with stem `stub.d'.
  Rejecting impossible implicit prerequisite `.intermediate/tst/stub.d.s'.
  Trying pattern rule with stem `stub.d'.
  Rejecting impossible implicit prerequisite `.intermediate/tst/stub.d.S'.
  Trying pattern rule with stem `stub.d'.
  Rejecting impossible implicit prerequisite `.intermediate/tst/stub.d.mod'.
  Trying pattern rule with stem `stub.d'.
  Trying implicit prerequisite `.intermediate/tst/stub.d.sh'.
  Looking for a rule with intermediate file `.intermediate/tst/stub.d.sh'.
   Avoiding implicit rule recursion.
   Trying pattern rule with stem `stub.d.sh'.
   Trying implicit prerequisite `.intermediate/tst/stub.d.sh,v'.
   Trying pattern rule with stem `stub.d.sh'.
   Trying implicit prerequisite `.intermediate/tst/RCS/stub.d.sh,v'.
   Trying pattern rule with stem `stub.d.sh'.
   Trying implicit prerequisite `.intermediate/tst/RCS/stub.d.sh'.
   Trying pattern rule with stem `stub.d.sh'.
   Trying implicit prerequisite `.intermediate/tst/s.stub.d.sh'.
   Trying pattern rule with stem `stub.d.sh'.
   Trying implicit prerequisite `.intermediate/tst/SCCS/s.stub.d.sh'.
  No implicit rule found for `.intermediate/tst/stub.d'.
  Finished prerequisites of target file `.intermediate/tst/stub.d'.
 Must remake target `.intermediate/tst/stub.d'.
 Failed to remake target file `.intermediate/tst/stub.d'.
 Considering target file `.intermediate/tst/test_basic/wrapper.d'.
  File `.intermediate/tst/test_basic/wrapper.d' does not exist.
  Looking for an implicit rule for `.intermediate/tst/test_basic/wrapper.d'.
  Trying pattern rule with stem `wrapper.d'.
  Trying implicit prerequisite `.intermediate/tst/test_basic/wrapper.d.o'.
  Trying pattern rule with stem `wrapper.d'.
  Trying implicit prerequisite `.intermediate/tst/test_basic/wrapper.d.c'.
  Trying pattern rule with stem `wrapper.d'.
  Trying implicit prerequisite `.intermediate/tst/test_basic/wrapper.d.cc'.
  Trying pattern rule with stem `wrapper.d'.
  Trying implicit prerequisite `.intermediate/tst/test_basic/wrapper.d.C'.
  Trying pattern rule with stem `wrapper.d'.
  Trying implicit prerequisite `.intermediate/tst/test_basic/wrapper.d.cpp'.
  Trying pattern rule with stem `wrapper.d'.
  Trying implicit prerequisite `.intermediate/tst/test_basic/wrapper.d.p'.
  Trying pattern rule with stem `wrapper.d'.
  Trying implicit prerequisite `.intermediate/tst/test_basic/wrapper.d.f'.
  Trying pattern rule with stem `wrapper.d'.
  Trying implicit prerequisite `.intermediate/tst/test_basic/wrapper.d.F'.
  Trying pattern rule with stem `wrapper.d'.
  Trying implicit prerequisite `.intermediate/tst/test_basic/wrapper.d.r'.
  Trying pattern rule with stem `wrapper.d'.
  Trying implicit prerequisite `.intermediate/tst/test_basic/wrapper.d.s'.
  Trying pattern rule with stem `wrapper.d'.
  Trying implicit prerequisite `.intermediate/tst/test_basic/wrapper.d.S'.
  Trying pattern rule with stem `wrapper.d'.
  Trying implicit prerequisite `.intermediate/tst/test_basic/wrapper.d.mod'.
  Trying pattern rule with stem `wrapper.d'.
  Trying implicit prerequisite `.intermediate/tst/test_basic/wrapper.d.sh'.
  Trying pattern rule with stem `wrapper.d'.
  Trying implicit prerequisite `.intermediate/tst/test_basic/wrapper.d,v'.
  Trying pattern rule with stem `wrapper.d'.
  Trying implicit prerequisite `.intermediate/tst/test_basic/RCS/wrapper.d,v'.
  Trying pattern rule with stem `wrapper.d'.
  Trying implicit prerequisite `.intermediate/tst/test_basic/RCS/wrapper.d'.
  Trying pattern rule with stem `wrapper.d'.
  Trying implicit prerequisite `.intermediate/tst/test_basic/s.wrapper.d'.
  Trying pattern rule with stem `wrapper.d'.
  Trying implicit prerequisite `.intermediate/tst/test_basic/SCCS/s.wrapper.d'.
  Trying pattern rule with stem `wrapper.d'.
  Trying implicit prerequisite `.intermediate/tst/test_basic/wrapper.d.o'.
  Looking for a rule with intermediate file `.intermediate/tst/test_basic/wrapper.d.o'.
   Avoiding implicit rule recursion.
   Trying pattern rule with stem `test_basic/wrapper.d'.
   Trying implicit prerequisite `tst/test_basic/wrapper.d.c'.
   Trying pattern rule with stem `test_basic/wrapper.d'.
   Trying implicit prerequisite `tst/test_basic/wrapper.d.cpp'.
   Trying pattern rule with stem `wrapper.d'.
   Trying implicit prerequisite `.intermediate/tst/test_basic/wrapper.d.c'.
   Trying pattern rule with stem `wrapper.d'.
   Trying implicit prerequisite `.intermediate/tst/test_basic/wrapper.d.cc'.
   Trying pattern rule with stem `wrapper.d'.
   Trying implicit prerequisite `.intermediate/tst/test_basic/wrapper.d.C'.
   Trying pattern rule with stem `wrapper.d'.
   Trying implicit prerequisite `.intermediate/tst/test_basic/wrapper.d.cpp'.
   Trying pattern rule with stem `wrapper.d'.
   Trying implicit prerequisite `.intermediate/tst/test_basic/wrapper.d.p'.
   Trying pattern rule with stem `wrapper.d'.
   Trying implicit prerequisite `.intermediate/tst/test_basic/wrapper.d.f'.
   Trying pattern rule with stem `wrapper.d'.
   Trying implicit prerequisite `.intermediate/tst/test_basic/wrapper.d.F'.
   Trying pattern rule with stem `wrapper.d'.
   Trying implicit prerequisite `.intermediate/tst/test_basic/wrapper.d.r'.
   Trying pattern rule with stem `wrapper.d'.
   Trying implicit prerequisite `.intermediate/tst/test_basic/wrapper.d.s'.
   Trying pattern rule with stem `wrapper.d'.
   Trying implicit prerequisite `.intermediate/tst/test_basic/wrapper.d.S'.
   Trying pattern rule with stem `wrapper.d'.
   Trying implicit prerequisite `.intermediate/tst/test_basic/wrapper.d.mod'.
   Trying pattern rule with stem `wrapper.d.o'.
   Trying implicit prerequisite `.intermediate/tst/test_basic/wrapper.d.o,v'.
   Trying pattern rule with stem `wrapper.d.o'.
   Trying implicit prerequisite `.intermediate/tst/test_basic/RCS/wrapper.d.o,v'.
   Trying pattern rule with stem `wrapper.d.o'.
   Trying implicit prerequisite `.intermediate/tst/test_basic/RCS/wrapper.d.o'.
   Trying pattern rule with stem `wrapper.d.o'.
   Trying implicit prerequisite `.intermediate/tst/test_basic/s.wrapper.d.o'.
   Trying pattern rule with stem `wrapper.d.o'.
   Trying implicit prerequisite `.intermediate/tst/test_basic/SCCS/s.wrapper.d.o'.
   Trying pattern rule with stem `test_basic/wrapper.d'.
   Trying implicit prerequisite `tst/test_basic/wrapper.d.c'.
   Looking for a rule with intermediate file `tst/test_basic/wrapper.d.c'.
    Avoiding implicit rule recursion.
    Avoiding implicit rule recursion.
    Trying pattern rule with stem `wrapper.d'.
    Trying implicit prerequisite `tst/test_basic/wrapper.d.y'.
    Trying pattern rule with stem `wrapper.d'.
    Trying implicit prerequisite `tst/test_basic/wrapper.d.l'.
    Trying pattern rule with stem `wrapper.d'.
    Trying implicit prerequisite `tst/test_basic/wrapper.d.w'.
    Trying pattern rule with stem `wrapper.d'.
    Trying implicit prerequisite `tst/test_basic/wrapper.d.w'.
    Trying pattern rule with stem `wrapper.d.c'.
    Trying implicit prerequisite `tst/test_basic/wrapper.d.c,v'.
    Trying pattern rule with stem `wrapper.d.c'.
    Trying implicit prerequisite `tst/test_basic/RCS/wrapper.d.c,v'.
    Trying pattern rule with stem `wrapper.d.c'.
    Trying implicit prerequisite `tst/test_basic/RCS/wrapper.d.c'.
    Trying pattern rule with stem `wrapper.d.c'.
    Trying implicit prerequisite `tst/test_basic/s.wrapper.d.c'.
    Trying pattern rule with stem `wrapper.d.c'.
    Trying implicit prerequisite `tst/test_basic/SCCS/s.wrapper.d.c'.
    Trying pattern rule with stem `wrapper.d'.
    Trying implicit prerequisite `tst/test_basic/wrapper.d.y'.
    Looking for a rule with intermediate file `tst/test_basic/wrapper.d.y'.
     Avoiding implicit rule recursion.
     Avoiding implicit rule recursion.
     Avoiding implicit rule recursion.
     Trying pattern rule with stem `wrapper.d.y'.
     Trying implicit prerequisite `tst/test_basic/wrapper.d.y,v'.
     Trying pattern rule with stem `wrapper.d.y'.
     Trying implicit prerequisite `tst/test_basic/RCS/wrapper.d.y,v'.
     Trying pattern rule with stem `wrapper.d.y'.
     Trying implicit prerequisite `tst/test_basic/RCS/wrapper.d.y'.
     Trying pattern rule with stem `wrapper.d.y'.
     Trying implicit prerequisite `tst/test_basic/s.wrapper.d.y'.
     Trying pattern rule with stem `wrapper.d.y'.
     Trying implicit prerequisite `tst/test_basic/SCCS/s.wrapper.d.y'.
    Trying pattern rule with stem `wrapper.d'.
    Trying implicit prerequisite `tst/test_basic/wrapper.d.l'.
    Looking for a rule with intermediate file `tst/test_basic/wrapper.d.l'.
     Avoiding implicit rule recursion.
     Avoiding implicit rule recursion.
     Avoiding implicit rule recursion.
     Trying pattern rule with stem `wrapper.d.l'.
     Trying implicit prerequisite `tst/test_basic/wrapper.d.l,v'.
     Trying pattern rule with stem `wrapper.d.l'.
     Trying implicit prerequisite `tst/test_basic/RCS/wrapper.d.l,v'.
     Trying pattern rule with stem `wrapper.d.l'.
     Trying implicit prerequisite `tst/test_basic/RCS/wrapper.d.l'.
     Trying pattern rule with stem `wrapper.d.l'.
     Trying implicit prerequisite `tst/test_basic/s.wrapper.d.l'.
     Trying pattern rule with stem `wrapper.d.l'.
     Trying implicit prerequisite `tst/test_basic/SCCS/s.wrapper.d.l'.
    Trying pattern rule with stem `wrapper.d'.
    Trying implicit prerequisite `tst/test_basic/wrapper.d.w'.
    Looking for a rule with intermediate file `tst/test_basic/wrapper.d.w'.
     Avoiding implicit rule recursion.
     Avoiding implicit rule recursion.
     Avoiding implicit rule recursion.
     Trying pattern rule with stem `wrapper.d.w'.
     Trying implicit prerequisite `tst/test_basic/wrapper.d.w,v'.
     Trying pattern rule with stem `wrapper.d.w'.
     Trying implicit prerequisite `tst/test_basic/RCS/wrapper.d.w,v'.
     Trying pattern rule with stem `wrapper.d.w'.
     Trying implicit prerequisite `tst/test_basic/RCS/wrapper.d.w'.
     Trying pattern rule with stem `wrapper.d.w'.
     Trying implicit prerequisite `tst/test_basic/s.wrapper.d.w'.
     Trying pattern rule with stem `wrapper.d.w'.
     Trying implicit prerequisite `tst/test_basic/SCCS/s.wrapper.d.w'.
    Trying pattern rule with stem `wrapper.d'.
    Rejecting impossible implicit prerequisite `tst/test_basic/wrapper.d.w'.
   Trying pattern rule with stem `test_basic/wrapper.d'.
   Trying implicit prerequisite `tst/test_basic/wrapper.d.cpp'.
   Looking for a rule with intermediate file `tst/test_basic/wrapper.d.cpp'.
    Avoiding implicit rule recursion.
    Avoiding implicit rule recursion.
    Trying pattern rule with stem `wrapper.d.cpp'.
    Trying implicit prerequisite `tst/test_basic/wrapper.d.cpp,v'.
    Trying pattern rule with stem `wrapper.d.cpp'.
    Trying implicit prerequisite `tst/test_basic/RCS/wrapper.d.cpp,v'.
    Trying pattern rule with stem `wrapper.d.cpp'.
    Trying implicit prerequisite `tst/test_basic/RCS/wrapper.d.cpp'.
    Trying pattern rule with stem `wrapper.d.cpp'.
    Trying implicit prerequisite `tst/test_basic/s.wrapper.d.cpp'.
    Trying pattern rule with stem `wrapper.d.cpp'.
    Trying implicit prerequisite `tst/test_basic/SCCS/s.wrapper.d.cpp'.
   Trying pattern rule with stem `wrapper.d'.
   Trying implicit prerequisite `.intermediate/tst/test_basic/wrapper.d.c'.
   Looking for a rule with intermediate file `.intermediate/tst/test_basic/wrapper.d.c'.
    Avoiding implicit rule recursion.
    Avoiding implicit rule recursion.
    Trying pattern rule with stem `wrapper.d'.
    Trying implicit prerequisite `.intermediate/tst/test_basic/wrapper.d.y'.
    Trying pattern rule with stem `wrapper.d'.
    Trying implicit prerequisite `.intermediate/tst/test_basic/wrapper.d.l'.
    Trying pattern rule with stem `wrapper.d'.
    Trying implicit prerequisite `.intermediate/tst/test_basic/wrapper.d.w'.
    Trying pattern rule with stem `wrapper.d'.
    Trying implicit prerequisite `.intermediate/tst/test_basic/wrapper.d.w'.
    Trying pattern rule with stem `wrapper.d.c'.
    Trying implicit prerequisite `.intermediate/tst/test_basic/wrapper.d.c,v'.
    Trying pattern rule with stem `wrapper.d.c'.
    Trying implicit prerequisite `.intermediate/tst/test_basic/RCS/wrapper.d.c,v'.
    Trying pattern rule with stem `wrapper.d.c'.
    Trying implicit prerequisite `.intermediate/tst/test_basic/RCS/wrapper.d.c'.
    Trying pattern rule with stem `wrapper.d.c'.
    Trying implicit prerequisite `.intermediate/tst/test_basic/s.wrapper.d.c'.
    Trying pattern rule with stem `wrapper.d.c'.
    Trying implicit prerequisite `.intermediate/tst/test_basic/SCCS/s.wrapper.d.c'.
    Trying pattern rule with stem `wrapper.d'.
    Trying implicit prerequisite `.intermediate/tst/test_basic/wrapper.d.y'.
    Looking for a rule with intermediate file `.intermediate/tst/test_basic/wrapper.d.y'.
     Avoiding implicit rule recursion.
     Avoiding implicit rule recursion.
     Avoiding implicit rule recursion.
     Trying pattern rule with stem `wrapper.d.y'.
     Trying implicit prerequisite `.intermediate/tst/test_basic/wrapper.d.y,v'.
     Trying pattern rule with stem `wrapper.d.y'.
     Trying implicit prerequisite `.intermediate/tst/test_basic/RCS/wrapper.d.y,v'.
     Trying pattern rule with stem `wrapper.d.y'.
     Trying implicit prerequisite `.intermediate/tst/test_basic/RCS/wrapper.d.y'.
     Trying pattern rule with stem `wrapper.d.y'.
     Trying implicit prerequisite `.intermediate/tst/test_basic/s.wrapper.d.y'.
     Trying pattern rule with stem `wrapper.d.y'.
     Trying implicit prerequisite `.intermediate/tst/test_basic/SCCS/s.wrapper.d.y'.
    Trying pattern rule with stem `wrapper.d'.
    Trying implicit prerequisite `.intermediate/tst/test_basic/wrapper.d.l'.
    Looking for a rule with intermediate file `.intermediate/tst/test_basic/wrapper.d.l'.
     Avoiding implicit rule recursion.
     Avoiding implicit rule recursion.
     Avoiding implicit rule recursion.
     Trying pattern rule with stem `wrapper.d.l'.
     Trying implicit prerequisite `.intermediate/tst/test_basic/wrapper.d.l,v'.
     Trying pattern rule with stem `wrapper.d.l'.
     Trying implicit prerequisite `.intermediate/tst/test_basic/RCS/wrapper.d.l,v'.
     Trying pattern rule with stem `wrapper.d.l'.
     Trying implicit prerequisite `.intermediate/tst/test_basic/RCS/wrapper.d.l'.
     Trying pattern rule with stem `wrapper.d.l'.
     Trying implicit prerequisite `.intermediate/tst/test_basic/s.wrapper.d.l'.
     Trying pattern rule with stem `wrapper.d.l'.
     Trying implicit prerequisite `.intermediate/tst/test_basic/SCCS/s.wrapper.d.l'.
    Trying pattern rule with stem `wrapper.d'.
    Trying implicit prerequisite `.intermediate/tst/test_basic/wrapper.d.w'.
    Looking for a rule with intermediate file `.intermediate/tst/test_basic/wrapper.d.w'.
     Avoiding implicit rule recursion.
     Avoiding implicit rule recursion.
     Avoiding implicit rule recursion.
     Trying pattern rule with stem `wrapper.d.w'.
     Trying implicit prerequisite `.intermediate/tst/test_basic/wrapper.d.w,v'.
     Trying pattern rule with stem `wrapper.d.w'.
     Trying implicit prerequisite `.intermediate/tst/test_basic/RCS/wrapper.d.w,v'.
     Trying pattern rule with stem `wrapper.d.w'.
     Trying implicit prerequisite `.intermediate/tst/test_basic/RCS/wrapper.d.w'.
     Trying pattern rule with stem `wrapper.d.w'.
     Trying implicit prerequisite `.intermediate/tst/test_basic/s.wrapper.d.w'.
     Trying pattern rule with stem `wrapper.d.w'.
     Trying implicit prerequisite `.intermediate/tst/test_basic/SCCS/s.wrapper.d.w'.
    Trying pattern rule with stem `wrapper.d'.
    Rejecting impossible implicit prerequisite `.intermediate/tst/test_basic/wrapper.d.w'.
   Trying pattern rule with stem `wrapper.d'.
   Trying implicit prerequisite `.intermediate/tst/test_basic/wrapper.d.cc'.
   Looking for a rule with intermediate file `.intermediate/tst/test_basic/wrapper.d.cc'.
    Avoiding implicit rule recursion.
    Avoiding implicit rule recursion.
    Trying pattern rule with stem `wrapper.d.cc'.
    Trying implicit prerequisite `.intermediate/tst/test_basic/wrapper.d.cc,v'.
    Trying pattern rule with stem `wrapper.d.cc'.
    Trying implicit prerequisite `.intermediate/tst/test_basic/RCS/wrapper.d.cc,v'.
    Trying pattern rule with stem `wrapper.d.cc'.
    Trying implicit prerequisite `.intermediate/tst/test_basic/RCS/wrapper.d.cc'.
    Trying pattern rule with stem `wrapper.d.cc'.
    Trying implicit prerequisite `.intermediate/tst/test_basic/s.wrapper.d.cc'.
    Trying pattern rule with stem `wrapper.d.cc'.
    Trying implicit prerequisite `.intermediate/tst/test_basic/SCCS/s.wrapper.d.cc'.
   Trying pattern rule with stem `wrapper.d'.
   Trying implicit prerequisite `.intermediate/tst/test_basic/wrapper.d.C'.
   Looking for a rule with intermediate file `.intermediate/tst/test_basic/wrapper.d.C'.
    Avoiding implicit rule recursion.
    Avoiding implicit rule recursion.
    Trying pattern rule with stem `wrapper.d.C'.
    Trying implicit prerequisite `.intermediate/tst/test_basic/wrapper.d.C,v'.
    Trying pattern rule with stem `wrapper.d.C'.
    Trying implicit prerequisite `.intermediate/tst/test_basic/RCS/wrapper.d.C,v'.
    Trying pattern rule with stem `wrapper.d.C'.
    Trying implicit prerequisite `.intermediate/tst/test_basic/RCS/wrapper.d.C'.
    Trying pattern rule with stem `wrapper.d.C'.
    Trying implicit prerequisite `.intermediate/tst/test_basic/s.wrapper.d.C'.
    Trying pattern rule with stem `wrapper.d.C'.
    Trying implicit prerequisite `.intermediate/tst/test_basic/SCCS/s.wrapper.d.C'.
   Trying pattern rule with stem `wrapper.d'.
   Trying implicit prerequisite `.intermediate/tst/test_basic/wrapper.d.cpp'.
   Looking for a rule with intermediate file `.intermediate/tst/test_basic/wrapper.d.cpp'.
    Avoiding implicit rule recursion.
    Avoiding implicit rule recursion.
    Trying pattern rule with stem `wrapper.d.cpp'.
    Trying implicit prerequisite `.intermediate/tst/test_basic/wrapper.d.cpp,v'.
    Trying pattern rule with stem `wrapper.d.cpp'.
    Trying implicit prerequisite `.intermediate/tst/test_basic/RCS/wrapper.d.cpp,v'.
    Trying pattern rule with stem `wrapper.d.cpp'.
    Trying implicit prerequisite `.intermediate/tst/test_basic/RCS/wrapper.d.cpp'.
    Trying pattern rule with stem `wrapper.d.cpp'.
    Trying implicit prerequisite `.intermediate/tst/test_basic/s.wrapper.d.cpp'.
    Trying pattern rule with stem `wrapper.d.cpp'.
    Trying implicit prerequisite `.intermediate/tst/test_basic/SCCS/s.wrapper.d.cpp'.
   Trying pattern rule with stem `wrapper.d'.
   Trying implicit prerequisite `.intermediate/tst/test_basic/wrapper.d.p'.
   Looking for a rule with intermediate file `.intermediate/tst/test_basic/wrapper.d.p'.
    Avoiding implicit rule recursion.
    Avoiding implicit rule recursion.
    Trying pattern rule with stem `wrapper.d'.
    Trying implicit prerequisite `.intermediate/tst/test_basic/wrapper.d.web'.
    Trying pattern rule with stem `wrapper.d.p'.
    Trying implicit prerequisite `.intermediate/tst/test_basic/wrapper.d.p,v'.
    Trying pattern rule with stem `wrapper.d.p'.
    Trying implicit prerequisite `.intermediate/tst/test_basic/RCS/wrapper.d.p,v'.
    Trying pattern rule with stem `wrapper.d.p'.
    Trying implicit prerequisite `.intermediate/tst/test_basic/RCS/wrapper.d.p'.
    Trying pattern rule with stem `wrapper.d.p'.
    Trying implicit prerequisite `.intermediate/tst/test_basic/s.wrapper.d.p'.
    Trying pattern rule with stem `wrapper.d.p'.
    Trying implicit prerequisite `.intermediate/tst/test_basic/SCCS/s.wrapper.d.p'.
    Trying pattern rule with stem `wrapper.d'.
    Trying implicit prerequisite `.intermediate/tst/test_basic/wrapper.d.web'.
    Looking for a rule with intermediate file `.intermediate/tst/test_basic/wrapper.d.web'.
     Avoiding implicit rule recursion.
     Avoiding implicit rule recursion.
     Avoiding implicit rule recursion.
     Trying pattern rule with stem `wrapper.d.web'.
     Trying implicit prerequisite `.intermediate/tst/test_basic/wrapper.d.web,v'.
     Trying pattern rule with stem `wrapper.d.web'.
     Trying implicit prerequisite `.intermediate/tst/test_basic/RCS/wrapper.d.web,v'.
     Trying pattern rule with stem `wrapper.d.web'.
     Trying implicit prerequisite `.intermediate/tst/test_basic/RCS/wrapper.d.web'.
     Trying pattern rule with stem `wrapper.d.web'.
     Trying implicit prerequisite `.intermediate/tst/test_basic/s.wrapper.d.web'.
     Trying pattern rule with stem `wrapper.d.web'.
     Trying implicit prerequisite `.intermediate/tst/test_basic/SCCS/s.wrapper.d.web'.
   Trying pattern rule with stem `wrapper.d'.
   Trying implicit prerequisite `.intermediate/tst/test_basic/wrapper.d.f'.
   Looking for a rule with intermediate file `.intermediate/tst/test_basic/wrapper.d.f'.
    Avoiding implicit rule recursion.
    Avoiding implicit rule recursion.
    Trying pattern rule with stem `wrapper.d'.
    Trying implicit prerequisite `.intermediate/tst/test_basic/wrapper.d.F'.
    Trying pattern rule with stem `wrapper.d'.
    Trying implicit prerequisite `.intermediate/tst/test_basic/wrapper.d.r'.
    Trying pattern rule with stem `wrapper.d.f'.
    Trying implicit prerequisite `.intermediate/tst/test_basic/wrapper.d.f,v'.
    Trying pattern rule with stem `wrapper.d.f'.
    Trying implicit prerequisite `.intermediate/tst/test_basic/RCS/wrapper.d.f,v'.
    Trying pattern rule with stem `wrapper.d.f'.
    Trying implicit prerequisite `.intermediate/tst/test_basic/RCS/wrapper.d.f'.
    Trying pattern rule with stem `wrapper.d.f'.
    Trying implicit prerequisite `.intermediate/tst/test_basic/s.wrapper.d.f'.
    Trying pattern rule with stem `wrapper.d.f'.
    Trying implicit prerequisite `.intermediate/tst/test_basic/SCCS/s.wrapper.d.f'.
    Trying pattern rule with stem `wrapper.d'.
    Trying implicit prerequisite `.intermediate/tst/test_basic/wrapper.d.F'.
    Looking for a rule with intermediate file `.intermediate/tst/test_basic/wrapper.d.F'.
     Avoiding implicit rule recursion.
     Avoiding implicit rule recursion.
     Avoiding implicit rule recursion.
     Trying pattern rule with stem `wrapper.d.F'.
     Trying implicit prerequisite `.intermediate/tst/test_basic/wrapper.d.F,v'.
     Trying pattern rule with stem `wrapper.d.F'.
     Trying implicit prerequisite `.intermediate/tst/test_basic/RCS/wrapper.d.F,v'.
     Trying pattern rule with stem `wrapper.d.F'.
     Trying implicit prerequisite `.intermediate/tst/test_basic/RCS/wrapper.d.F'.
     Trying pattern rule with stem `wrapper.d.F'.
     Trying implicit prerequisite `.intermediate/tst/test_basic/s.wrapper.d.F'.
     Trying pattern rule with stem `wrapper.d.F'.
     Trying implicit prerequisite `.intermediate/tst/test_basic/SCCS/s.wrapper.d.F'.
    Trying pattern rule with stem `wrapper.d'.
    Trying implicit prerequisite `.intermediate/tst/test_basic/wrapper.d.r'.
    Looking for a rule with intermediate file `.intermediate/tst/test_basic/wrapper.d.r'.
     Avoiding implicit rule recursion.
     Avoiding implicit rule recursion.
     Avoiding implicit rule recursion.
     Trying pattern rule with stem `wrapper.d'.
     Rejecting impossible implicit prerequisite `.intermediate/tst/test_basic/wrapper.d.l'.
     Trying pattern rule with stem `wrapper.d.r'.
     Trying implicit prerequisite `.intermediate/tst/test_basic/wrapper.d.r,v'.
     Trying pattern rule with stem `wrapper.d.r'.
     Trying implicit prerequisite `.intermediate/tst/test_basic/RCS/wrapper.d.r,v'.
     Trying pattern rule with stem `wrapper.d.r'.
     Trying implicit prerequisite `.intermediate/tst/test_basic/RCS/wrapper.d.r'.
     Trying pattern rule with stem `wrapper.d.r'.
     Trying implicit prerequisite `.intermediate/tst/test_basic/s.wrapper.d.r'.
     Trying pattern rule with stem `wrapper.d.r'.
     Trying implicit prerequisite `.intermediate/tst/test_basic/SCCS/s.wrapper.d.r'.
   Trying pattern rule with stem `wrapper.d'.
   Rejecting impossible implicit prerequisite `.intermediate/tst/test_basic/wrapper.d.F'.
   Trying pattern rule with stem `wrapper.d'.
   Rejecting impossible implicit prerequisite `.intermediate/tst/test_basic/wrapper.d.r'.
   Trying pattern rule with stem `wrapper.d'.
   Trying implicit prerequisite `.intermediate/tst/test_basic/wrapper.d.s'.
   Looking for a rule with intermediate file `.intermediate/tst/test_basic/wrapper.d.s'.
    Avoiding implicit rule recursion.
    Avoiding implicit rule recursion.
    Trying pattern rule with stem `wrapper.d'.
    Trying implicit prerequisite `.intermediate/tst/test_basic/wrapper.d.S'.
    Trying pattern rule with stem `wrapper.d.s'.
    Trying implicit prerequisite `.intermediate/tst/test_basic/wrapper.d.s,v'.
    Trying pattern rule with stem `wrapper.d.s'.
    Trying implicit prerequisite `.intermediate/tst/test_basic/RCS/wrapper.d.s,v'.
    Trying pattern rule with stem `wrapper.d.s'.
    Trying implicit prerequisite `.intermediate/tst/test_basic/RCS/wrapper.d.s'.
    Trying pattern rule with stem `wrapper.d.s'.
    Trying implicit prerequisite `.intermediate/tst/test_basic/s.wrapper.d.s'.
    Trying pattern rule with stem `wrapper.d.s'.
    Trying implicit prerequisite `.intermediate/tst/test_basic/SCCS/s.wrapper.d.s'.
    Trying pattern rule with stem `wrapper.d'.
    Trying implicit prerequisite `.intermediate/tst/test_basic/wrapper.d.S'.
    Looking for a rule with intermediate file `.intermediate/tst/test_basic/wrapper.d.S'.
     Avoiding implicit rule recursion.
     Avoiding implicit rule recursion.
     Avoiding implicit rule recursion.
     Trying pattern rule with stem `wrapper.d.S'.
     Trying implicit prerequisite `.intermediate/tst/test_basic/wrapper.d.S,v'.
     Trying pattern rule with stem `wrapper.d.S'.
     Trying implicit prerequisite `.intermediate/tst/test_basic/RCS/wrapper.d.S,v'.
     Trying pattern rule with stem `wrapper.d.S'.
     Trying implicit prerequisite `.intermediate/tst/test_basic/RCS/wrapper.d.S'.
     Trying pattern rule with stem `wrapper.d.S'.
     Trying implicit prerequisite `.intermediate/tst/test_basic/s.wrapper.d.S'.
     Trying pattern rule with stem `wrapper.d.S'.
     Trying implicit prerequisite `.intermediate/tst/test_basic/SCCS/s.wrapper.d.S'.
   Trying pattern rule with stem `wrapper.d'.
   Rejecting impossible implicit prerequisite `.intermediate/tst/test_basic/wrapper.d.S'.
   Trying pattern rule with stem `wrapper.d'.
   Trying implicit prerequisite `.intermediate/tst/test_basic/wrapper.d.mod'.
   Looking for a rule with intermediate file `.intermediate/tst/test_basic/wrapper.d.mod'.
    Avoiding implicit rule recursion.
    Avoiding implicit rule recursion.
    Trying pattern rule with stem `wrapper.d.mod'.
    Trying implicit prerequisite `.intermediate/tst/test_basic/wrapper.d.mod,v'.
    Trying pattern rule with stem `wrapper.d.mod'.
    Trying implicit prerequisite `.intermediate/tst/test_basic/RCS/wrapper.d.mod,v'.
    Trying pattern rule with stem `wrapper.d.mod'.
    Trying implicit prerequisite `.intermediate/tst/test_basic/RCS/wrapper.d.mod'.
    Trying pattern rule with stem `wrapper.d.mod'.
    Trying implicit prerequisite `.intermediate/tst/test_basic/s.wrapper.d.mod'.
    Trying pattern rule with stem `wrapper.d.mod'.
    Trying implicit prerequisite `.intermediate/tst/test_basic/SCCS/s.wrapper.d.mod'.
  Trying pattern rule with stem `wrapper.d'.
  Rejecting impossible implicit prerequisite `.intermediate/tst/test_basic/wrapper.d.c'.
  Trying pattern rule with stem `wrapper.d'.
  Rejecting impossible implicit prerequisite `.intermediate/tst/test_basic/wrapper.d.cc'.
  Trying pattern rule with stem `wrapper.d'.
  Rejecting impossible implicit prerequisite `.intermediate/tst/test_basic/wrapper.d.C'.
  Trying pattern rule with stem `wrapper.d'.
  Rejecting impossible implicit prerequisite `.intermediate/tst/test_basic/wrapper.d.cpp'.
  Trying pattern rule with stem `wrapper.d'.
  Rejecting impossible implicit prerequisite `.intermediate/tst/test_basic/wrapper.d.p'.
  Trying pattern rule with stem `wrapper.d'.
  Rejecting impossible implicit prerequisite `.intermediate/tst/test_basic/wrapper.d.f'.
  Trying pattern rule with stem `wrapper.d'.
  Rejecting impossible implicit prerequisite `.intermediate/tst/test_basic/wrapper.d.F'.
  Trying pattern rule with stem `wrapper.d'.
  Rejecting impossible implicit prerequisite `.intermediate/tst/test_basic/wrapper.d.r'.
  Trying pattern rule with stem `wrapper.d'.
  Rejecting impossible implicit prerequisite `.intermediate/tst/test_basic/wrapper.d.s'.
  Trying pattern rule with stem `wrapper.d'.
  Rejecting impossible implicit prerequisite `.intermediate/tst/test_basic/wrapper.d.S'.
  Trying pattern rule with stem `wrapper.d'.
  Rejecting impossible implicit prerequisite `.intermediate/tst/test_basic/wrapper.d.mod'.
  Trying pattern rule with stem `wrapper.d'.
  Trying implicit prerequisite `.intermediate/tst/test_basic/wrapper.d.sh'.
  Looking for a rule with intermediate file `.intermediate/tst/test_basic/wrapper.d.sh'.
   Avoiding implicit rule recursion.
   Trying pattern rule with stem `wrapper.d.sh'.
   Trying implicit prerequisite `.intermediate/tst/test_basic/wrapper.d.sh,v'.
   Trying pattern rule with stem `wrapper.d.sh'.
   Trying implicit prerequisite `.intermediate/tst/test_basic/RCS/wrapper.d.sh,v'.
   Trying pattern rule with stem `wrapper.d.sh'.
   Trying implicit prerequisite `.intermediate/tst/test_basic/RCS/wrapper.d.sh'.
   Trying pattern rule with stem `wrapper.d.sh'.
   Trying implicit prerequisite `.intermediate/tst/test_basic/s.wrapper.d.sh'.
   Trying pattern rule with stem `wrapper.d.sh'.
   Trying implicit prerequisite `.intermediate/tst/test_basic/SCCS/s.wrapper.d.sh'.
  No implicit rule found for `.intermediate/tst/test_basic/wrapper.d'.
  Finished prerequisites of target file `.intermediate/tst/test_basic/wrapper.d'.
 Must remake target `.intermediate/tst/test_basic/wrapper.d'.
 Failed to remake target file `.intermediate/tst/test_basic/wrapper.d'.
 Considering target file `.intermediate/src_fps/rnwencqx.d'.
  File `.intermediate/src_fps/rnwencqx.d' does not exist.
  Looking for an implicit rule for `.intermediate/src_fps/rnwencqx.d'.
  Trying pattern rule with stem `rnwencqx.d'.
  Trying implicit prerequisite `.intermediate/src_fps/rnwencqx.d.o'.
  Trying pattern rule with stem `rnwencqx.d'.
  Trying implicit prerequisite `.intermediate/src_fps/rnwencqx.d.c'.
  Trying pattern rule with stem `rnwencqx.d'.
  Trying implicit prerequisite `.intermediate/src_fps/rnwencqx.d.cc'.
  Trying pattern rule with stem `rnwencqx.d'.
  Trying implicit prerequisite `.intermediate/src_fps/rnwencqx.d.C'.
  Trying pattern rule with stem `rnwencqx.d'.
  Trying implicit prerequisite `.intermediate/src_fps/rnwencqx.d.cpp'.
  Trying pattern rule with stem `rnwencqx.d'.
  Trying implicit prerequisite `.intermediate/src_fps/rnwencqx.d.p'.
  Trying pattern rule with stem `rnwencqx.d'.
  Trying implicit prerequisite `.intermediate/src_fps/rnwencqx.d.f'.
  Trying pattern rule with stem `rnwencqx.d'.
  Trying implicit prerequisite `.intermediate/src_fps/rnwencqx.d.F'.
  Trying pattern rule with stem `rnwencqx.d'.
  Trying implicit prerequisite `.intermediate/src_fps/rnwencqx.d.r'.
  Trying pattern rule with stem `rnwencqx.d'.
  Trying implicit prerequisite `.intermediate/src_fps/rnwencqx.d.s'.
  Trying pattern rule with stem `rnwencqx.d'.
  Trying implicit prerequisite `.intermediate/src_fps/rnwencqx.d.S'.
  Trying pattern rule with stem `rnwencqx.d'.
  Trying implicit prerequisite `.intermediate/src_fps/rnwencqx.d.mod'.
  Trying pattern rule with stem `rnwencqx.d'.
  Trying implicit prerequisite `.intermediate/src_fps/rnwencqx.d.sh'.
  Trying pattern rule with stem `rnwencqx.d'.
  Trying implicit prerequisite `.intermediate/src_fps/rnwencqx.d,v'.
  Trying pattern rule with stem `rnwencqx.d'.
  Trying implicit prerequisite `.intermediate/src_fps/RCS/rnwencqx.d,v'.
  Trying pattern rule with stem `rnwencqx.d'.
  Trying implicit prerequisite `.intermediate/src_fps/RCS/rnwencqx.d'.
  Trying pattern rule with stem `rnwencqx.d'.
  Trying implicit prerequisite `.intermediate/src_fps/s.rnwencqx.d'.
  Trying pattern rule with stem `rnwencqx.d'.
  Trying implicit prerequisite `.intermediate/src_fps/SCCS/s.rnwencqx.d'.
  Trying pattern rule with stem `rnwencqx.d'.
  Trying implicit prerequisite `.intermediate/src_fps/rnwencqx.d.o'.
  Looking for a rule with intermediate file `.intermediate/src_fps/rnwencqx.d.o'.
   Avoiding implicit rule recursion.
   Trying pattern rule with stem `rnwencqx.d'.
   Trying implicit prerequisite `src/rnwencqx.d.c'.
   Trying pattern rule with stem `rnwencqx.d'.
   Trying implicit prerequisite `src/rnwencqx.d.cpp'.
   Trying pattern rule with stem `rnwencqx.d'.
   Trying implicit prerequisite `.intermediate/src_fps/rnwencqx.d.c'.
   Trying pattern rule with stem `rnwencqx.d'.
   Trying implicit prerequisite `.intermediate/src_fps/rnwencqx.d.cc'.
   Trying pattern rule with stem `rnwencqx.d'.
   Trying implicit prerequisite `.intermediate/src_fps/rnwencqx.d.C'.
   Trying pattern rule with stem `rnwencqx.d'.
   Trying implicit prerequisite `.intermediate/src_fps/rnwencqx.d.cpp'.
   Trying pattern rule with stem `rnwencqx.d'.
   Trying implicit prerequisite `.intermediate/src_fps/rnwencqx.d.p'.
   Trying pattern rule with stem `rnwencqx.d'.
   Trying implicit prerequisite `.intermediate/src_fps/rnwencqx.d.f'.
   Trying pattern rule with stem `rnwencqx.d'.
   Trying implicit prerequisite `.intermediate/src_fps/rnwencqx.d.F'.
   Trying pattern rule with stem `rnwencqx.d'.
   Trying implicit prerequisite `.intermediate/src_fps/rnwencqx.d.r'.
   Trying pattern rule with stem `rnwencqx.d'.
   Trying implicit prerequisite `.intermediate/src_fps/rnwencqx.d.s'.
   Trying pattern rule with stem `rnwencqx.d'.
   Trying implicit prerequisite `.intermediate/src_fps/rnwencqx.d.S'.
   Trying pattern rule with stem `rnwencqx.d'.
   Trying implicit prerequisite `.intermediate/src_fps/rnwencqx.d.mod'.
   Trying pattern rule with stem `rnwencqx.d.o'.
   Trying implicit prerequisite `.intermediate/src_fps/rnwencqx.d.o,v'.
   Trying pattern rule with stem `rnwencqx.d.o'.
   Trying implicit prerequisite `.intermediate/src_fps/RCS/rnwencqx.d.o,v'.
   Trying pattern rule with stem `rnwencqx.d.o'.
   Trying implicit prerequisite `.intermediate/src_fps/RCS/rnwencqx.d.o'.
   Trying pattern rule with stem `rnwencqx.d.o'.
   Trying implicit prerequisite `.intermediate/src_fps/s.rnwencqx.d.o'.
   Trying pattern rule with stem `rnwencqx.d.o'.
   Trying implicit prerequisite `.intermediate/src_fps/SCCS/s.rnwencqx.d.o'.
   Trying pattern rule with stem `rnwencqx.d'.
   Trying implicit prerequisite `src/rnwencqx.d.c'.
   Looking for a rule with intermediate file `src/rnwencqx.d.c'.
    Avoiding implicit rule recursion.
    Avoiding implicit rule recursion.
    Trying pattern rule with stem `rnwencqx.d'.
    Trying implicit prerequisite `src/rnwencqx.d.y'.
    Trying pattern rule with stem `rnwencqx.d'.
    Trying implicit prerequisite `src/rnwencqx.d.l'.
    Trying pattern rule with stem `rnwencqx.d'.
    Trying implicit prerequisite `src/rnwencqx.d.w'.
    Trying pattern rule with stem `rnwencqx.d'.
    Trying implicit prerequisite `src/rnwencqx.d.w'.
    Trying pattern rule with stem `rnwencqx.d.c'.
    Trying implicit prerequisite `src/rnwencqx.d.c,v'.
    Trying pattern rule with stem `rnwencqx.d.c'.
    Trying implicit prerequisite `src/RCS/rnwencqx.d.c,v'.
    Trying pattern rule with stem `rnwencqx.d.c'.
    Trying implicit prerequisite `src/RCS/rnwencqx.d.c'.
    Trying pattern rule with stem `rnwencqx.d.c'.
    Trying implicit prerequisite `src/s.rnwencqx.d.c'.
    Trying pattern rule with stem `rnwencqx.d.c'.
    Trying implicit prerequisite `src/SCCS/s.rnwencqx.d.c'.
    Trying pattern rule with stem `rnwencqx.d'.
    Trying implicit prerequisite `src/rnwencqx.d.y'.
    Looking for a rule with intermediate file `src/rnwencqx.d.y'.
     Avoiding implicit rule recursion.
     Avoiding implicit rule recursion.
     Avoiding implicit rule recursion.
     Trying pattern rule with stem `rnwencqx.d.y'.
     Trying implicit prerequisite `src/rnwencqx.d.y,v'.
     Trying pattern rule with stem `rnwencqx.d.y'.
     Trying implicit prerequisite `src/RCS/rnwencqx.d.y,v'.
     Trying pattern rule with stem `rnwencqx.d.y'.
     Trying implicit prerequisite `src/RCS/rnwencqx.d.y'.
     Trying pattern rule with stem `rnwencqx.d.y'.
     Trying implicit prerequisite `src/s.rnwencqx.d.y'.
     Trying pattern rule with stem `rnwencqx.d.y'.
     Trying implicit prerequisite `src/SCCS/s.rnwencqx.d.y'.
    Trying pattern rule with stem `rnwencqx.d'.
    Trying implicit prerequisite `src/rnwencqx.d.l'.
    Looking for a rule with intermediate file `src/rnwencqx.d.l'.
     Avoiding implicit rule recursion.
     Avoiding implicit rule recursion.
     Avoiding implicit rule recursion.
     Trying pattern rule with stem `rnwencqx.d.l'.
     Trying implicit prerequisite `src/rnwencqx.d.l,v'.
     Trying pattern rule with stem `rnwencqx.d.l'.
     Trying implicit prerequisite `src/RCS/rnwencqx.d.l,v'.
     Trying pattern rule with stem `rnwencqx.d.l'.
     Trying implicit prerequisite `src/RCS/rnwencqx.d.l'.
     Trying pattern rule with stem `rnwencqx.d.l'.
     Trying implicit prerequisite `src/s.rnwencqx.d.l'.
     Trying pattern rule with stem `rnwencqx.d.l'.
     Trying implicit prerequisite `src/SCCS/s.rnwencqx.d.l'.
    Trying pattern rule with stem `rnwencqx.d'.
    Trying implicit prerequisite `src/rnwencqx.d.w'.
    Looking for a rule with intermediate file `src/rnwencqx.d.w'.
     Avoiding implicit rule recursion.
     Avoiding implicit rule recursion.
     Avoiding implicit rule recursion.
     Trying pattern rule with stem `rnwencqx.d.w'.
     Trying implicit prerequisite `src/rnwencqx.d.w,v'.
     Trying pattern rule with stem `rnwencqx.d.w'.
     Trying implicit prerequisite `src/RCS/rnwencqx.d.w,v'.
     Trying pattern rule with stem `rnwencqx.d.w'.
     Trying implicit prerequisite `src/RCS/rnwencqx.d.w'.
     Trying pattern rule with stem `rnwencqx.d.w'.
     Trying implicit prerequisite `src/s.rnwencqx.d.w'.
     Trying pattern rule with stem `rnwencqx.d.w'.
     Trying implicit prerequisite `src/SCCS/s.rnwencqx.d.w'.
    Trying pattern rule with stem `rnwencqx.d'.
    Rejecting impossible implicit prerequisite `src/rnwencqx.d.w'.
   Trying pattern rule with stem `rnwencqx.d'.
   Trying implicit prerequisite `src/rnwencqx.d.cpp'.
   Looking for a rule with intermediate file `src/rnwencqx.d.cpp'.
    Avoiding implicit rule recursion.
    Avoiding implicit rule recursion.
    Trying pattern rule with stem `rnwencqx.d.cpp'.
    Trying implicit prerequisite `src/rnwencqx.d.cpp,v'.
    Trying pattern rule with stem `rnwencqx.d.cpp'.
    Trying implicit prerequisite `src/RCS/rnwencqx.d.cpp,v'.
    Trying pattern rule with stem `rnwencqx.d.cpp'.
    Trying implicit prerequisite `src/RCS/rnwencqx.d.cpp'.
    Trying pattern rule with stem `rnwencqx.d.cpp'.
    Trying implicit prerequisite `src/s.rnwencqx.d.cpp'.
    Trying pattern rule with stem `rnwencqx.d.cpp'.
    Trying implicit prerequisite `src/SCCS/s.rnwencqx.d.cpp'.
   Trying pattern rule with stem `rnwencqx.d'.
   Trying implicit prerequisite `.intermediate/src_fps/rnwencqx.d.c'.
   Looking for a rule with intermediate file `.intermediate/src_fps/rnwencqx.d.c'.
    Avoiding implicit rule recursion.
    Avoiding implicit rule recursion.
    Trying pattern rule with stem `rnwencqx.d'.
    Trying implicit prerequisite `.intermediate/src_fps/rnwencqx.d.y'.
    Trying pattern rule with stem `rnwencqx.d'.
    Trying implicit prerequisite `.intermediate/src_fps/rnwencqx.d.l'.
    Trying pattern rule with stem `rnwencqx.d'.
    Trying implicit prerequisite `.intermediate/src_fps/rnwencqx.d.w'.
    Trying pattern rule with stem `rnwencqx.d'.
    Trying implicit prerequisite `.intermediate/src_fps/rnwencqx.d.w'.
    Trying pattern rule with stem `rnwencqx.d.c'.
    Trying implicit prerequisite `.intermediate/src_fps/rnwencqx.d.c,v'.
    Trying pattern rule with stem `rnwencqx.d.c'.
    Trying implicit prerequisite `.intermediate/src_fps/RCS/rnwencqx.d.c,v'.
    Trying pattern rule with stem `rnwencqx.d.c'.
    Trying implicit prerequisite `.intermediate/src_fps/RCS/rnwencqx.d.c'.
    Trying pattern rule with stem `rnwencqx.d.c'.
    Trying implicit prerequisite `.intermediate/src_fps/s.rnwencqx.d.c'.
    Trying pattern rule with stem `rnwencqx.d.c'.
    Trying implicit prerequisite `.intermediate/src_fps/SCCS/s.rnwencqx.d.c'.
    Trying pattern rule with stem `rnwencqx.d'.
    Trying implicit prerequisite `.intermediate/src_fps/rnwencqx.d.y'.
    Looking for a rule with intermediate file `.intermediate/src_fps/rnwencqx.d.y'.
     Avoiding implicit rule recursion.
     Avoiding implicit rule recursion.
     Avoiding implicit rule recursion.
     Trying pattern rule with stem `rnwencqx.d.y'.
     Trying implicit prerequisite `.intermediate/src_fps/rnwencqx.d.y,v'.
     Trying pattern rule with stem `rnwencqx.d.y'.
     Trying implicit prerequisite `.intermediate/src_fps/RCS/rnwencqx.d.y,v'.
     Trying pattern rule with stem `rnwencqx.d.y'.
     Trying implicit prerequisite `.intermediate/src_fps/RCS/rnwencqx.d.y'.
     Trying pattern rule with stem `rnwencqx.d.y'.
     Trying implicit prerequisite `.intermediate/src_fps/s.rnwencqx.d.y'.
     Trying pattern rule with stem `rnwencqx.d.y'.
     Trying implicit prerequisite `.intermediate/src_fps/SCCS/s.rnwencqx.d.y'.
    Trying pattern rule with stem `rnwencqx.d'.
    Trying implicit prerequisite `.intermediate/src_fps/rnwencqx.d.l'.
    Looking for a rule with intermediate file `.intermediate/src_fps/rnwencqx.d.l'.
     Avoiding implicit rule recursion.
     Avoiding implicit rule recursion.
     Avoiding implicit rule recursion.
     Trying pattern rule with stem `rnwencqx.d.l'.
     Trying implicit prerequisite `.intermediate/src_fps/rnwencqx.d.l,v'.
     Trying pattern rule with stem `rnwencqx.d.l'.
     Trying implicit prerequisite `.intermediate/src_fps/RCS/rnwencqx.d.l,v'.
     Trying pattern rule with stem `rnwencqx.d.l'.
     Trying implicit prerequisite `.intermediate/src_fps/RCS/rnwencqx.d.l'.
     Trying pattern rule with stem `rnwencqx.d.l'.
     Trying implicit prerequisite `.intermediate/src_fps/s.rnwencqx.d.l'.
     Trying pattern rule with stem `rnwencqx.d.l'.
     Trying implicit prerequisite `.intermediate/src_fps/SCCS/s.rnwencqx.d.l'.
    Trying pattern rule with stem `rnwencqx.d'.
    Trying implicit prerequisite `.intermediate/src_fps/rnwencqx.d.w'.
    Looking for a rule with intermediate file `.intermediate/src_fps/rnwencqx.d.w'.
     Avoiding implicit rule recursion.
     Avoiding implicit rule recursion.
     Avoiding implicit rule recursion.
     Trying pattern rule with stem `rnwencqx.d.w'.
     Trying implicit prerequisite `.intermediate/src_fps/rnwencqx.d.w,v'.
     Trying pattern rule with stem `rnwencqx.d.w'.
     Trying implicit prerequisite `.intermediate/src_fps/RCS/rnwencqx.d.w,v'.
     Trying pattern rule with stem `rnwencqx.d.w'.
     Trying implicit prerequisite `.intermediate/src_fps/RCS/rnwencqx.d.w'.
     Trying pattern rule with stem `rnwencqx.d.w'.
     Trying implicit prerequisite `.intermediate/src_fps/s.rnwencqx.d.w'.
     Trying pattern rule with stem `rnwencqx.d.w'.
     Trying implicit prerequisite `.intermediate/src_fps/SCCS/s.rnwencqx.d.w'.
    Trying pattern rule with stem `rnwencqx.d'.
    Rejecting impossible implicit prerequisite `.intermediate/src_fps/rnwencqx.d.w'.
   Trying pattern rule with stem `rnwencqx.d'.
   Trying implicit prerequisite `.intermediate/src_fps/rnwencqx.d.cc'.
   Looking for a rule with intermediate file `.intermediate/src_fps/rnwencqx.d.cc'.
    Avoiding implicit rule recursion.
    Avoiding implicit rule recursion.
    Trying pattern rule with stem `rnwencqx.d.cc'.
    Trying implicit prerequisite `.intermediate/src_fps/rnwencqx.d.cc,v'.
    Trying pattern rule with stem `rnwencqx.d.cc'.
    Trying implicit prerequisite `.intermediate/src_fps/RCS/rnwencqx.d.cc,v'.
    Trying pattern rule with stem `rnwencqx.d.cc'.
    Trying implicit prerequisite `.intermediate/src_fps/RCS/rnwencqx.d.cc'.
    Trying pattern rule with stem `rnwencqx.d.cc'.
    Trying implicit prerequisite `.intermediate/src_fps/s.rnwencqx.d.cc'.
    Trying pattern rule with stem `rnwencqx.d.cc'.
    Trying implicit prerequisite `.intermediate/src_fps/SCCS/s.rnwencqx.d.cc'.
   Trying pattern rule with stem `rnwencqx.d'.
   Trying implicit prerequisite `.intermediate/src_fps/rnwencqx.d.C'.
   Looking for a rule with intermediate file `.intermediate/src_fps/rnwencqx.d.C'.
    Avoiding implicit rule recursion.
    Avoiding implicit rule recursion.
    Trying pattern rule with stem `rnwencqx.d.C'.
    Trying implicit prerequisite `.intermediate/src_fps/rnwencqx.d.C,v'.
    Trying pattern rule with stem `rnwencqx.d.C'.
    Trying implicit prerequisite `.intermediate/src_fps/RCS/rnwencqx.d.C,v'.
    Trying pattern rule with stem `rnwencqx.d.C'.
    Trying implicit prerequisite `.intermediate/src_fps/RCS/rnwencqx.d.C'.
    Trying pattern rule with stem `rnwencqx.d.C'.
    Trying implicit prerequisite `.intermediate/src_fps/s.rnwencqx.d.C'.
    Trying pattern rule with stem `rnwencqx.d.C'.
    Trying implicit prerequisite `.intermediate/src_fps/SCCS/s.rnwencqx.d.C'.
   Trying pattern rule with stem `rnwencqx.d'.
   Trying implicit prerequisite `.intermediate/src_fps/rnwencqx.d.cpp'.
   Looking for a rule with intermediate file `.intermediate/src_fps/rnwencqx.d.cpp'.
    Avoiding implicit rule recursion.
    Avoiding implicit rule recursion.
    Trying pattern rule with stem `rnwencqx.d.cpp'.
    Trying implicit prerequisite `.intermediate/src_fps/rnwencqx.d.cpp,v'.
    Trying pattern rule with stem `rnwencqx.d.cpp'.
    Trying implicit prerequisite `.intermediate/src_fps/RCS/rnwencqx.d.cpp,v'.
    Trying pattern rule with stem `rnwencqx.d.cpp'.
    Trying implicit prerequisite `.intermediate/src_fps/RCS/rnwencqx.d.cpp'.
    Trying pattern rule with stem `rnwencqx.d.cpp'.
    Trying implicit prerequisite `.intermediate/src_fps/s.rnwencqx.d.cpp'.
    Trying pattern rule with stem `rnwencqx.d.cpp'.
    Trying implicit prerequisite `.intermediate/src_fps/SCCS/s.rnwencqx.d.cpp'.
   Trying pattern rule with stem `rnwencqx.d'.
   Trying implicit prerequisite `.intermediate/src_fps/rnwencqx.d.p'.
   Looking for a rule with intermediate file `.intermediate/src_fps/rnwencqx.d.p'.
    Avoiding implicit rule recursion.
    Avoiding implicit rule recursion.
    Trying pattern rule with stem `rnwencqx.d'.
    Trying implicit prerequisite `.intermediate/src_fps/rnwencqx.d.web'.
    Trying pattern rule with stem `rnwencqx.d.p'.
    Trying implicit prerequisite `.intermediate/src_fps/rnwencqx.d.p,v'.
    Trying pattern rule with stem `rnwencqx.d.p'.
    Trying implicit prerequisite `.intermediate/src_fps/RCS/rnwencqx.d.p,v'.
    Trying pattern rule with stem `rnwencqx.d.p'.
    Trying implicit prerequisite `.intermediate/src_fps/RCS/rnwencqx.d.p'.
    Trying pattern rule with stem `rnwencqx.d.p'.
    Trying implicit prerequisite `.intermediate/src_fps/s.rnwencqx.d.p'.
    Trying pattern rule with stem `rnwencqx.d.p'.
    Trying implicit prerequisite `.intermediate/src_fps/SCCS/s.rnwencqx.d.p'.
    Trying pattern rule with stem `rnwencqx.d'.
    Trying implicit prerequisite `.intermediate/src_fps/rnwencqx.d.web'.
    Looking for a rule with intermediate file `.intermediate/src_fps/rnwencqx.d.web'.
     Avoiding implicit rule recursion.
     Avoiding implicit rule recursion.
     Avoiding implicit rule recursion.
     Trying pattern rule with stem `rnwencqx.d.web'.
     Trying implicit prerequisite `.intermediate/src_fps/rnwencqx.d.web,v'.
     Trying pattern rule with stem `rnwencqx.d.web'.
     Trying implicit prerequisite `.intermediate/src_fps/RCS/rnwencqx.d.web,v'.
     Trying pattern rule with stem `rnwencqx.d.web'.
     Trying implicit prerequisite `.intermediate/src_fps/RCS/rnwencqx.d.web'.
     Trying pattern rule with stem `rnwencqx.d.web'.
     Trying implicit prerequisite `.intermediate/src_fps/s.rnwencqx.d.web'.
     Trying pattern rule with stem `rnwencqx.d.web'.
     Trying implicit prerequisite `.intermediate/src_fps/SCCS/s.rnwencqx.d.web'.
   Trying pattern rule with stem `rnwencqx.d'.
   Trying implicit prerequisite `.intermediate/src_fps/rnwencqx.d.f'.
   Looking for a rule with intermediate file `.intermediate/src_fps/rnwencqx.d.f'.
    Avoiding implicit rule recursion.
    Avoiding implicit rule recursion.
    Trying pattern rule with stem `rnwencqx.d'.
    Trying implicit prerequisite `.intermediate/src_fps/rnwencqx.d.F'.
    Trying pattern rule with stem `rnwencqx.d'.
    Trying implicit prerequisite `.intermediate/src_fps/rnwencqx.d.r'.
    Trying pattern rule with stem `rnwencqx.d.f'.
    Trying implicit prerequisite `.intermediate/src_fps/rnwencqx.d.f,v'.
    Trying pattern rule with stem `rnwencqx.d.f'.
    Trying implicit prerequisite `.intermediate/src_fps/RCS/rnwencqx.d.f,v'.
    Trying pattern rule with stem `rnwencqx.d.f'.
    Trying implicit prerequisite `.intermediate/src_fps/RCS/rnwencqx.d.f'.
    Trying pattern rule with stem `rnwencqx.d.f'.
    Trying implicit prerequisite `.intermediate/src_fps/s.rnwencqx.d.f'.
    Trying pattern rule with stem `rnwencqx.d.f'.
    Trying implicit prerequisite `.intermediate/src_fps/SCCS/s.rnwencqx.d.f'.
    Trying pattern rule with stem `rnwencqx.d'.
    Trying implicit prerequisite `.intermediate/src_fps/rnwencqx.d.F'.
    Looking for a rule with intermediate file `.intermediate/src_fps/rnwencqx.d.F'.
     Avoiding implicit rule recursion.
     Avoiding implicit rule recursion.
     Avoiding implicit rule recursion.
     Trying pattern rule with stem `rnwencqx.d.F'.
     Trying implicit prerequisite `.intermediate/src_fps/rnwencqx.d.F,v'.
     Trying pattern rule with stem `rnwencqx.d.F'.
     Trying implicit prerequisite `.intermediate/src_fps/RCS/rnwencqx.d.F,v'.
     Trying pattern rule with stem `rnwencqx.d.F'.
     Trying implicit prerequisite `.intermediate/src_fps/RCS/rnwencqx.d.F'.
     Trying pattern rule with stem `rnwencqx.d.F'.
     Trying implicit prerequisite `.intermediate/src_fps/s.rnwencqx.d.F'.
     Trying pattern rule with stem `rnwencqx.d.F'.
     Trying implicit prerequisite `.intermediate/src_fps/SCCS/s.rnwencqx.d.F'.
    Trying pattern rule with stem `rnwencqx.d'.
    Trying implicit prerequisite `.intermediate/src_fps/rnwencqx.d.r'.
    Looking for a rule with intermediate file `.intermediate/src_fps/rnwencqx.d.r'.
     Avoiding implicit rule recursion.
     Avoiding implicit rule recursion.
     Avoiding implicit rule recursion.
     Trying pattern rule with stem `rnwencqx.d'.
     Rejecting impossible implicit prerequisite `.intermediate/src_fps/rnwencqx.d.l'.
     Trying pattern rule with stem `rnwencqx.d.r'.
     Trying implicit prerequisite `.intermediate/src_fps/rnwencqx.d.r,v'.
     Trying pattern rule with stem `rnwencqx.d.r'.
     Trying implicit prerequisite `.intermediate/src_fps/RCS/rnwencqx.d.r,v'.
     Trying pattern rule with stem `rnwencqx.d.r'.
     Trying implicit prerequisite `.intermediate/src_fps/RCS/rnwencqx.d.r'.
     Trying pattern rule with stem `rnwencqx.d.r'.
     Trying implicit prerequisite `.intermediate/src_fps/s.rnwencqx.d.r'.
     Trying pattern rule with stem `rnwencqx.d.r'.
     Trying implicit prerequisite `.intermediate/src_fps/SCCS/s.rnwencqx.d.r'.
   Trying pattern rule with stem `rnwencqx.d'.
   Rejecting impossible implicit prerequisite `.intermediate/src_fps/rnwencqx.d.F'.
   Trying pattern rule with stem `rnwencqx.d'.
   Rejecting impossible implicit prerequisite `.intermediate/src_fps/rnwencqx.d.r'.
   Trying pattern rule with stem `rnwencqx.d'.
   Trying implicit prerequisite `.intermediate/src_fps/rnwencqx.d.s'.
   Looking for a rule with intermediate file `.intermediate/src_fps/rnwencqx.d.s'.
    Avoiding implicit rule recursion.
    Avoiding implicit rule recursion.
    Trying pattern rule with stem `rnwencqx.d'.
    Trying implicit prerequisite `.intermediate/src_fps/rnwencqx.d.S'.
    Trying pattern rule with stem `rnwencqx.d.s'.
    Trying implicit prerequisite `.intermediate/src_fps/rnwencqx.d.s,v'.
    Trying pattern rule with stem `rnwencqx.d.s'.
    Trying implicit prerequisite `.intermediate/src_fps/RCS/rnwencqx.d.s,v'.
    Trying pattern rule with stem `rnwencqx.d.s'.
    Trying implicit prerequisite `.intermediate/src_fps/RCS/rnwencqx.d.s'.
    Trying pattern rule with stem `rnwencqx.d.s'.
    Trying implicit prerequisite `.intermediate/src_fps/s.rnwencqx.d.s'.
    Trying pattern rule with stem `rnwencqx.d.s'.
    Trying implicit prerequisite `.intermediate/src_fps/SCCS/s.rnwencqx.d.s'.
    Trying pattern rule with stem `rnwencqx.d'.
    Trying implicit prerequisite `.intermediate/src_fps/rnwencqx.d.S'.
    Looking for a rule with intermediate file `.intermediate/src_fps/rnwencqx.d.S'.
     Avoiding implicit rule recursion.
     Avoiding implicit rule recursion.
     Avoiding implicit rule recursion.
     Trying pattern rule with stem `rnwencqx.d.S'.
     Trying implicit prerequisite `.intermediate/src_fps/rnwencqx.d.S,v'.
     Trying pattern rule with stem `rnwencqx.d.S'.
     Trying implicit prerequisite `.intermediate/src_fps/RCS/rnwencqx.d.S,v'.
     Trying pattern rule with stem `rnwencqx.d.S'.
     Trying implicit prerequisite `.intermediate/src_fps/RCS/rnwencqx.d.S'.
     Trying pattern rule with stem `rnwencqx.d.S'.
     Trying implicit prerequisite `.intermediate/src_fps/s.rnwencqx.d.S'.
     Trying pattern rule with stem `rnwencqx.d.S'.
     Trying implicit prerequisite `.intermediate/src_fps/SCCS/s.rnwencqx.d.S'.
   Trying pattern rule with stem `rnwencqx.d'.
   Rejecting impossible implicit prerequisite `.intermediate/src_fps/rnwencqx.d.S'.
   Trying pattern rule with stem `rnwencqx.d'.
   Trying implicit prerequisite `.intermediate/src_fps/rnwencqx.d.mod'.
   Looking for a rule with intermediate file `.intermediate/src_fps/rnwencqx.d.mod'.
    Avoiding implicit rule recursion.
    Avoiding implicit rule recursion.
    Trying pattern rule with stem `rnwencqx.d.mod'.
    Trying implicit prerequisite `.intermediate/src_fps/rnwencqx.d.mod,v'.
    Trying pattern rule with stem `rnwencqx.d.mod'.
    Trying implicit prerequisite `.intermediate/src_fps/RCS/rnwencqx.d.mod,v'.
    Trying pattern rule with stem `rnwencqx.d.mod'.
    Trying implicit prerequisite `.intermediate/src_fps/RCS/rnwencqx.d.mod'.
    Trying pattern rule with stem `rnwencqx.d.mod'.
    Trying implicit prerequisite `.intermediate/src_fps/s.rnwencqx.d.mod'.
    Trying pattern rule with stem `rnwencqx.d.mod'.
    Trying implicit prerequisite `.intermediate/src_fps/SCCS/s.rnwencqx.d.mod'.
  Trying pattern rule with stem `rnwencqx.d'.
  Rejecting impossible implicit prerequisite `.intermediate/src_fps/rnwencqx.d.c'.
  Trying pattern rule with stem `rnwencqx.d'.
  Rejecting impossible implicit prerequisite `.intermediate/src_fps/rnwencqx.d.cc'.
  Trying pattern rule with stem `rnwencqx.d'.
  Rejecting impossible implicit prerequisite `.intermediate/src_fps/rnwencqx.d.C'.
  Trying pattern rule with stem `rnwencqx.d'.
  Rejecting impossible implicit prerequisite `.intermediate/src_fps/rnwencqx.d.cpp'.
  Trying pattern rule with stem `rnwencqx.d'.
  Rejecting impossible implicit prerequisite `.intermediate/src_fps/rnwencqx.d.p'.
  Trying pattern rule with stem `rnwencqx.d'.
  Rejecting impossible implicit prerequisite `.intermediate/src_fps/rnwencqx.d.f'.
  Trying pattern rule with stem `rnwencqx.d'.
  Rejecting impossible implicit prerequisite `.intermediate/src_fps/rnwencqx.d.F'.
  Trying pattern rule with stem `rnwencqx.d'.
  Rejecting impossible implicit prerequisite `.intermediate/src_fps/rnwencqx.d.r'.
  Trying pattern rule with stem `rnwencqx.d'.
  Rejecting impossible implicit prerequisite `.intermediate/src_fps/rnwencqx.d.s'.
  Trying pattern rule with stem `rnwencqx.d'.
  Rejecting impossible implicit prerequisite `.intermediate/src_fps/rnwencqx.d.S'.
  Trying pattern rule with stem `rnwencqx.d'.
  Rejecting impossible implicit prerequisite `.intermediate/src_fps/rnwencqx.d.mod'.
  Trying pattern rule with stem `rnwencqx.d'.
  Trying implicit prerequisite `.intermediate/src_fps/rnwencqx.d.sh'.
  Looking for a rule with intermediate file `.intermediate/src_fps/rnwencqx.d.sh'.
   Avoiding implicit rule recursion.
   Trying pattern rule with stem `rnwencqx.d.sh'.
   Trying implicit prerequisite `.intermediate/src_fps/rnwencqx.d.sh,v'.
   Trying pattern rule with stem `rnwencqx.d.sh'.
   Trying implicit prerequisite `.intermediate/src_fps/RCS/rnwencqx.d.sh,v'.
   Trying pattern rule with stem `rnwencqx.d.sh'.
   Trying implicit prerequisite `.intermediate/src_fps/RCS/rnwencqx.d.sh'.
   Trying pattern rule with stem `rnwencqx.d.sh'.
   Trying implicit prerequisite `.intermediate/src_fps/s.rnwencqx.d.sh'.
   Trying pattern rule with stem `rnwencqx.d.sh'.
   Trying implicit prerequisite `.intermediate/src_fps/SCCS/s.rnwencqx.d.sh'.
  No implicit rule found for `.intermediate/src_fps/rnwencqx.d'.
  Finished prerequisites of target file `.intermediate/src_fps/rnwencqx.d'.
 Must remake target `.intermediate/src_fps/rnwencqx.d'.
 Failed to remake target file `.intermediate/src_fps/rnwencqx.d'.
 Considering target file `.intermediate/src_fps/raqsubqx.d'.
  File `.intermediate/src_fps/raqsubqx.d' does not exist.
  Looking for an implicit rule for `.intermediate/src_fps/raqsubqx.d'.
  Trying pattern rule with stem `raqsubqx.d'.
  Trying implicit prerequisite `.intermediate/src_fps/raqsubqx.d.o'.
  Trying pattern rule with stem `raqsubqx.d'.
  Trying implicit prerequisite `.intermediate/src_fps/raqsubqx.d.c'.
  Trying pattern rule with stem `raqsubqx.d'.
  Trying implicit prerequisite `.intermediate/src_fps/raqsubqx.d.cc'.
  Trying pattern rule with stem `raqsubqx.d'.
  Trying implicit prerequisite `.intermediate/src_fps/raqsubqx.d.C'.
  Trying pattern rule with stem `raqsubqx.d'.
  Trying implicit prerequisite `.intermediate/src_fps/raqsubqx.d.cpp'.
  Trying pattern rule with stem `raqsubqx.d'.
  Trying implicit prerequisite `.intermediate/src_fps/raqsubqx.d.p'.
  Trying pattern rule with stem `raqsubqx.d'.
  Trying implicit prerequisite `.intermediate/src_fps/raqsubqx.d.f'.
  Trying pattern rule with stem `raqsubqx.d'.
  Trying implicit prerequisite `.intermediate/src_fps/raqsubqx.d.F'.
  Trying pattern rule with stem `raqsubqx.d'.
  Trying implicit prerequisite `.intermediate/src_fps/raqsubqx.d.r'.
  Trying pattern rule with stem `raqsubqx.d'.
  Trying implicit prerequisite `.intermediate/src_fps/raqsubqx.d.s'.
  Trying pattern rule with stem `raqsubqx.d'.
  Trying implicit prerequisite `.intermediate/src_fps/raqsubqx.d.S'.
  Trying pattern rule with stem `raqsubqx.d'.
  Trying implicit prerequisite `.intermediate/src_fps/raqsubqx.d.mod'.
  Trying pattern rule with stem `raqsubqx.d'.
  Trying implicit prerequisite `.intermediate/src_fps/raqsubqx.d.sh'.
  Trying pattern rule with stem `raqsubqx.d'.
  Trying implicit prerequisite `.intermediate/src_fps/raqsubqx.d,v'.
  Trying pattern rule with stem `raqsubqx.d'.
  Trying implicit prerequisite `.intermediate/src_fps/RCS/raqsubqx.d,v'.
  Trying pattern rule with stem `raqsubqx.d'.
  Trying implicit prerequisite `.intermediate/src_fps/RCS/raqsubqx.d'.
  Trying pattern rule with stem `raqsubqx.d'.
  Trying implicit prerequisite `.intermediate/src_fps/s.raqsubqx.d'.
  Trying pattern rule with stem `raqsubqx.d'.
  Trying implicit prerequisite `.intermediate/src_fps/SCCS/s.raqsubqx.d'.
  Trying pattern rule with stem `raqsubqx.d'.
  Trying implicit prerequisite `.intermediate/src_fps/raqsubqx.d.o'.
  Looking for a rule with intermediate file `.intermediate/src_fps/raqsubqx.d.o'.
   Avoiding implicit rule recursion.
   Trying pattern rule with stem `raqsubqx.d'.
   Trying implicit prerequisite `src/raqsubqx.d.c'.
   Trying pattern rule with stem `raqsubqx.d'.
   Trying implicit prerequisite `src/raqsubqx.d.cpp'.
   Trying pattern rule with stem `raqsubqx.d'.
   Trying implicit prerequisite `.intermediate/src_fps/raqsubqx.d.c'.
   Trying pattern rule with stem `raqsubqx.d'.
   Trying implicit prerequisite `.intermediate/src_fps/raqsubqx.d.cc'.
   Trying pattern rule with stem `raqsubqx.d'.
   Trying implicit prerequisite `.intermediate/src_fps/raqsubqx.d.C'.
   Trying pattern rule with stem `raqsubqx.d'.
   Trying implicit prerequisite `.intermediate/src_fps/raqsubqx.d.cpp'.
   Trying pattern rule with stem `raqsubqx.d'.
   Trying implicit prerequisite `.intermediate/src_fps/raqsubqx.d.p'.
   Trying pattern rule with stem `raqsubqx.d'.
   Trying implicit prerequisite `.intermediate/src_fps/raqsubqx.d.f'.
   Trying pattern rule with stem `raqsubqx.d'.
   Trying implicit prerequisite `.intermediate/src_fps/raqsubqx.d.F'.
   Trying pattern rule with stem `raqsubqx.d'.
   Trying implicit prerequisite `.intermediate/src_fps/raqsubqx.d.r'.
   Trying pattern rule with stem `raqsubqx.d'.
   Trying implicit prerequisite `.intermediate/src_fps/raqsubqx.d.s'.
   Trying pattern rule with stem `raqsubqx.d'.
   Trying implicit prerequisite `.intermediate/src_fps/raqsubqx.d.S'.
   Trying pattern rule with stem `raqsubqx.d'.
   Trying implicit prerequisite `.intermediate/src_fps/raqsubqx.d.mod'.
   Trying pattern rule with stem `raqsubqx.d.o'.
   Trying implicit prerequisite `.intermediate/src_fps/raqsubqx.d.o,v'.
   Trying pattern rule with stem `raqsubqx.d.o'.
   Trying implicit prerequisite `.intermediate/src_fps/RCS/raqsubqx.d.o,v'.
   Trying pattern rule with stem `raqsubqx.d.o'.
   Trying implicit prerequisite `.intermediate/src_fps/RCS/raqsubqx.d.o'.
   Trying pattern rule with stem `raqsubqx.d.o'.
   Trying implicit prerequisite `.intermediate/src_fps/s.raqsubqx.d.o'.
   Trying pattern rule with stem `raqsubqx.d.o'.
   Trying implicit prerequisite `.intermediate/src_fps/SCCS/s.raqsubqx.d.o'.
   Trying pattern rule with stem `raqsubqx.d'.
   Trying implicit prerequisite `src/raqsubqx.d.c'.
   Looking for a rule with intermediate file `src/raqsubqx.d.c'.
    Avoiding implicit rule recursion.
    Avoiding implicit rule recursion.
    Trying pattern rule with stem `raqsubqx.d'.
    Trying implicit prerequisite `src/raqsubqx.d.y'.
    Trying pattern rule with stem `raqsubqx.d'.
    Trying implicit prerequisite `src/raqsubqx.d.l'.
    Trying pattern rule with stem `raqsubqx.d'.
    Trying implicit prerequisite `src/raqsubqx.d.w'.
    Trying pattern rule with stem `raqsubqx.d'.
    Trying implicit prerequisite `src/raqsubqx.d.w'.
    Trying pattern rule with stem `raqsubqx.d.c'.
    Trying implicit prerequisite `src/raqsubqx.d.c,v'.
    Trying pattern rule with stem `raqsubqx.d.c'.
    Trying implicit prerequisite `src/RCS/raqsubqx.d.c,v'.
    Trying pattern rule with stem `raqsubqx.d.c'.
    Trying implicit prerequisite `src/RCS/raqsubqx.d.c'.
    Trying pattern rule with stem `raqsubqx.d.c'.
    Trying implicit prerequisite `src/s.raqsubqx.d.c'.
    Trying pattern rule with stem `raqsubqx.d.c'.
    Trying implicit prerequisite `src/SCCS/s.raqsubqx.d.c'.
    Trying pattern rule with stem `raqsubqx.d'.
    Trying implicit prerequisite `src/raqsubqx.d.y'.
    Looking for a rule with intermediate file `src/raqsubqx.d.y'.
     Avoiding implicit rule recursion.
     Avoiding implicit rule recursion.
     Avoiding implicit rule recursion.
     Trying pattern rule with stem `raqsubqx.d.y'.
     Trying implicit prerequisite `src/raqsubqx.d.y,v'.
     Trying pattern rule with stem `raqsubqx.d.y'.
     Trying implicit prerequisite `src/RCS/raqsubqx.d.y,v'.
     Trying pattern rule with stem `raqsubqx.d.y'.
     Trying implicit prerequisite `src/RCS/raqsubqx.d.y'.
     Trying pattern rule with stem `raqsubqx.d.y'.
     Trying implicit prerequisite `src/s.raqsubqx.d.y'.
     Trying pattern rule with stem `raqsubqx.d.y'.
     Trying implicit prerequisite `src/SCCS/s.raqsubqx.d.y'.
    Trying pattern rule with stem `raqsubqx.d'.
    Trying implicit prerequisite `src/raqsubqx.d.l'.
    Looking for a rule with intermediate file `src/raqsubqx.d.l'.
     Avoiding implicit rule recursion.
     Avoiding implicit rule recursion.
     Avoiding implicit rule recursion.
     Trying pattern rule with stem `raqsubqx.d.l'.
     Trying implicit prerequisite `src/raqsubqx.d.l,v'.
     Trying pattern rule with stem `raqsubqx.d.l'.
     Trying implicit prerequisite `src/RCS/raqsubqx.d.l,v'.
     Trying pattern rule with stem `raqsubqx.d.l'.
     Trying implicit prerequisite `src/RCS/raqsubqx.d.l'.
     Trying pattern rule with stem `raqsubqx.d.l'.
     Trying implicit prerequisite `src/s.raqsubqx.d.l'.
     Trying pattern rule with stem `raqsubqx.d.l'.
     Trying implicit prerequisite `src/SCCS/s.raqsubqx.d.l'.
    Trying pattern rule with stem `raqsubqx.d'.
    Trying implicit prerequisite `src/raqsubqx.d.w'.
    Looking for a rule with intermediate file `src/raqsubqx.d.w'.
     Avoiding implicit rule recursion.
     Avoiding implicit rule recursion.
     Avoiding implicit rule recursion.
     Trying pattern rule with stem `raqsubqx.d.w'.
     Trying implicit prerequisite `src/raqsubqx.d.w,v'.
     Trying pattern rule with stem `raqsubqx.d.w'.
     Trying implicit prerequisite `src/RCS/raqsubqx.d.w,v'.
     Trying pattern rule with stem `raqsubqx.d.w'.
     Trying implicit prerequisite `src/RCS/raqsubqx.d.w'.
     Trying pattern rule with stem `raqsubqx.d.w'.
     Trying implicit prerequisite `src/s.raqsubqx.d.w'.
     Trying pattern rule with stem `raqsubqx.d.w'.
     Trying implicit prerequisite `src/SCCS/s.raqsubqx.d.w'.
    Trying pattern rule with stem `raqsubqx.d'.
    Rejecting impossible implicit prerequisite `src/raqsubqx.d.w'.
   Trying pattern rule with stem `raqsubqx.d'.
   Trying implicit prerequisite `src/raqsubqx.d.cpp'.
   Looking for a rule with intermediate file `src/raqsubqx.d.cpp'.
    Avoiding implicit rule recursion.
    Avoiding implicit rule recursion.
    Trying pattern rule with stem `raqsubqx.d.cpp'.
    Trying implicit prerequisite `src/raqsubqx.d.cpp,v'.
    Trying pattern rule with stem `raqsubqx.d.cpp'.
    Trying implicit prerequisite `src/RCS/raqsubqx.d.cpp,v'.
    Trying pattern rule with stem `raqsubqx.d.cpp'.
    Trying implicit prerequisite `src/RCS/raqsubqx.d.cpp'.
    Trying pattern rule with stem `raqsubqx.d.cpp'.
    Trying implicit prerequisite `src/s.raqsubqx.d.cpp'.
    Trying pattern rule with stem `raqsubqx.d.cpp'.
    Trying implicit prerequisite `src/SCCS/s.raqsubqx.d.cpp'.
   Trying pattern rule with stem `raqsubqx.d'.
   Trying implicit prerequisite `.intermediate/src_fps/raqsubqx.d.c'.
   Looking for a rule with intermediate file `.intermediate/src_fps/raqsubqx.d.c'.
    Avoiding implicit rule recursion.
    Avoiding implicit rule recursion.
    Trying pattern rule with stem `raqsubqx.d'.
    Trying implicit prerequisite `.intermediate/src_fps/raqsubqx.d.y'.
    Trying pattern rule with stem `raqsubqx.d'.
    Trying implicit prerequisite `.intermediate/src_fps/raqsubqx.d.l'.
    Trying pattern rule with stem `raqsubqx.d'.
    Trying implicit prerequisite `.intermediate/src_fps/raqsubqx.d.w'.
    Trying pattern rule with stem `raqsubqx.d'.
    Trying implicit prerequisite `.intermediate/src_fps/raqsubqx.d.w'.
    Trying pattern rule with stem `raqsubqx.d.c'.
    Trying implicit prerequisite `.intermediate/src_fps/raqsubqx.d.c,v'.
    Trying pattern rule with stem `raqsubqx.d.c'.
    Trying implicit prerequisite `.intermediate/src_fps/RCS/raqsubqx.d.c,v'.
    Trying pattern rule with stem `raqsubqx.d.c'.
    Trying implicit prerequisite `.intermediate/src_fps/RCS/raqsubqx.d.c'.
    Trying pattern rule with stem `raqsubqx.d.c'.
    Trying implicit prerequisite `.intermediate/src_fps/s.raqsubqx.d.c'.
    Trying pattern rule with stem `raqsubqx.d.c'.
    Trying implicit prerequisite `.intermediate/src_fps/SCCS/s.raqsubqx.d.c'.
    Trying pattern rule with stem `raqsubqx.d'.
    Trying implicit prerequisite `.intermediate/src_fps/raqsubqx.d.y'.
    Looking for a rule with intermediate file `.intermediate/src_fps/raqsubqx.d.y'.
     Avoiding implicit rule recursion.
     Avoiding implicit rule recursion.
     Avoiding implicit rule recursion.
     Trying pattern rule with stem `raqsubqx.d.y'.
     Trying implicit prerequisite `.intermediate/src_fps/raqsubqx.d.y,v'.
     Trying pattern rule with stem `raqsubqx.d.y'.
     Trying implicit prerequisite `.intermediate/src_fps/RCS/raqsubqx.d.y,v'.
     Trying pattern rule with stem `raqsubqx.d.y'.
     Trying implicit prerequisite `.intermediate/src_fps/RCS/raqsubqx.d.y'.
     Trying pattern rule with stem `raqsubqx.d.y'.
     Trying implicit prerequisite `.intermediate/src_fps/s.raqsubqx.d.y'.
     Trying pattern rule with stem `raqsubqx.d.y'.
     Trying implicit prerequisite `.intermediate/src_fps/SCCS/s.raqsubqx.d.y'.
    Trying pattern rule with stem `raqsubqx.d'.
    Trying implicit prerequisite `.intermediate/src_fps/raqsubqx.d.l'.
    Looking for a rule with intermediate file `.intermediate/src_fps/raqsubqx.d.l'.
     Avoiding implicit rule recursion.
     Avoiding implicit rule recursion.
     Avoiding implicit rule recursion.
     Trying pattern rule with stem `raqsubqx.d.l'.
     Trying implicit prerequisite `.intermediate/src_fps/raqsubqx.d.l,v'.
     Trying pattern rule with stem `raqsubqx.d.l'.
     Trying implicit prerequisite `.intermediate/src_fps/RCS/raqsubqx.d.l,v'.
     Trying pattern rule with stem `raqsubqx.d.l'.
     Trying implicit prerequisite `.intermediate/src_fps/RCS/raqsubqx.d.l'.
     Trying pattern rule with stem `raqsubqx.d.l'.
     Trying implicit prerequisite `.intermediate/src_fps/s.raqsubqx.d.l'.
     Trying pattern rule with stem `raqsubqx.d.l'.
     Trying implicit prerequisite `.intermediate/src_fps/SCCS/s.raqsubqx.d.l'.
    Trying pattern rule with stem `raqsubqx.d'.
    Trying implicit prerequisite `.intermediate/src_fps/raqsubqx.d.w'.
    Looking for a rule with intermediate file `.intermediate/src_fps/raqsubqx.d.w'.
     Avoiding implicit rule recursion.
     Avoiding implicit rule recursion.
     Avoiding implicit rule recursion.
     Trying pattern rule with stem `raqsubqx.d.w'.
     Trying implicit prerequisite `.intermediate/src_fps/raqsubqx.d.w,v'.
     Trying pattern rule with stem `raqsubqx.d.w'.
     Trying implicit prerequisite `.intermediate/src_fps/RCS/raqsubqx.d.w,v'.
     Trying pattern rule with stem `raqsubqx.d.w'.
     Trying implicit prerequisite `.intermediate/src_fps/RCS/raqsubqx.d.w'.
     Trying pattern rule with stem `raqsubqx.d.w'.
     Trying implicit prerequisite `.intermediate/src_fps/s.raqsubqx.d.w'.
     Trying pattern rule with stem `raqsubqx.d.w'.
     Trying implicit prerequisite `.intermediate/src_fps/SCCS/s.raqsubqx.d.w'.
    Trying pattern rule with stem `raqsubqx.d'.
    Rejecting impossible implicit prerequisite `.intermediate/src_fps/raqsubqx.d.w'.
   Trying pattern rule with stem `raqsubqx.d'.
   Trying implicit prerequisite `.intermediate/src_fps/raqsubqx.d.cc'.
   Looking for a rule with intermediate file `.intermediate/src_fps/raqsubqx.d.cc'.
    Avoiding implicit rule recursion.
    Avoiding implicit rule recursion.
    Trying pattern rule with stem `raqsubqx.d.cc'.
    Trying implicit prerequisite `.intermediate/src_fps/raqsubqx.d.cc,v'.
    Trying pattern rule with stem `raqsubqx.d.cc'.
    Trying implicit prerequisite `.intermediate/src_fps/RCS/raqsubqx.d.cc,v'.
    Trying pattern rule with stem `raqsubqx.d.cc'.
    Trying implicit prerequisite `.intermediate/src_fps/RCS/raqsubqx.d.cc'.
    Trying pattern rule with stem `raqsubqx.d.cc'.
    Trying implicit prerequisite `.intermediate/src_fps/s.raqsubqx.d.cc'.
    Trying pattern rule with stem `raqsubqx.d.cc'.
    Trying implicit prerequisite `.intermediate/src_fps/SCCS/s.raqsubqx.d.cc'.
   Trying pattern rule with stem `raqsubqx.d'.
   Trying implicit prerequisite `.intermediate/src_fps/raqsubqx.d.C'.
   Looking for a rule with intermediate file `.intermediate/src_fps/raqsubqx.d.C'.
    Avoiding implicit rule recursion.
    Avoiding implicit rule recursion.
    Trying pattern rule with stem `raqsubqx.d.C'.
    Trying implicit prerequisite `.intermediate/src_fps/raqsubqx.d.C,v'.
    Trying pattern rule with stem `raqsubqx.d.C'.
    Trying implicit prerequisite `.intermediate/src_fps/RCS/raqsubqx.d.C,v'.
    Trying pattern rule with stem `raqsubqx.d.C'.
    Trying implicit prerequisite `.intermediate/src_fps/RCS/raqsubqx.d.C'.
    Trying pattern rule with stem `raqsubqx.d.C'.
    Trying implicit prerequisite `.intermediate/src_fps/s.raqsubqx.d.C'.
    Trying pattern rule with stem `raqsubqx.d.C'.
    Trying implicit prerequisite `.intermediate/src_fps/SCCS/s.raqsubqx.d.C'.
   Trying pattern rule with stem `raqsubqx.d'.
   Trying implicit prerequisite `.intermediate/src_fps/raqsubqx.d.cpp'.
   Looking for a rule with intermediate file `.intermediate/src_fps/raqsubqx.d.cpp'.
    Avoiding implicit rule recursion.
    Avoiding implicit rule recursion.
    Trying pattern rule with stem `raqsubqx.d.cpp'.
    Trying implicit prerequisite `.intermediate/src_fps/raqsubqx.d.cpp,v'.
    Trying pattern rule with stem `raqsubqx.d.cpp'.
    Trying implicit prerequisite `.intermediate/src_fps/RCS/raqsubqx.d.cpp,v'.
    Trying pattern rule with stem `raqsubqx.d.cpp'.
    Trying implicit prerequisite `.intermediate/src_fps/RCS/raqsubqx.d.cpp'.
    Trying pattern rule with stem `raqsubqx.d.cpp'.
    Trying implicit prerequisite `.intermediate/src_fps/s.raqsubqx.d.cpp'.
    Trying pattern rule with stem `raqsubqx.d.cpp'.
    Trying implicit prerequisite `.intermediate/src_fps/SCCS/s.raqsubqx.d.cpp'.
   Trying pattern rule with stem `raqsubqx.d'.
   Trying implicit prerequisite `.intermediate/src_fps/raqsubqx.d.p'.
   Looking for a rule with intermediate file `.intermediate/src_fps/raqsubqx.d.p'.
    Avoiding implicit rule recursion.
    Avoiding implicit rule recursion.
    Trying pattern rule with stem `raqsubqx.d'.
    Trying implicit prerequisite `.intermediate/src_fps/raqsubqx.d.web'.
    Trying pattern rule with stem `raqsubqx.d.p'.
    Trying implicit prerequisite `.intermediate/src_fps/raqsubqx.d.p,v'.
    Trying pattern rule with stem `raqsubqx.d.p'.
    Trying implicit prerequisite `.intermediate/src_fps/RCS/raqsubqx.d.p,v'.
    Trying pattern rule with stem `raqsubqx.d.p'.
    Trying implicit prerequisite `.intermediate/src_fps/RCS/raqsubqx.d.p'.
    Trying pattern rule with stem `raqsubqx.d.p'.
    Trying implicit prerequisite `.intermediate/src_fps/s.raqsubqx.d.p'.
    Trying pattern rule with stem `raqsubqx.d.p'.
    Trying implicit prerequisite `.intermediate/src_fps/SCCS/s.raqsubqx.d.p'.
    Trying pattern rule with stem `raqsubqx.d'.
    Trying implicit prerequisite `.intermediate/src_fps/raqsubqx.d.web'.
    Looking for a rule with intermediate file `.intermediate/src_fps/raqsubqx.d.web'.
     Avoiding implicit rule recursion.
     Avoiding implicit rule recursion.
     Avoiding implicit rule recursion.
     Trying pattern rule with stem `raqsubqx.d.web'.
     Trying implicit prerequisite `.intermediate/src_fps/raqsubqx.d.web,v'.
     Trying pattern rule with stem `raqsubqx.d.web'.
     Trying implicit prerequisite `.intermediate/src_fps/RCS/raqsubqx.d.web,v'.
     Trying pattern rule with stem `raqsubqx.d.web'.
     Trying implicit prerequisite `.intermediate/src_fps/RCS/raqsubqx.d.web'.
     Trying pattern rule with stem `raqsubqx.d.web'.
     Trying implicit prerequisite `.intermediate/src_fps/s.raqsubqx.d.web'.
     Trying pattern rule with stem `raqsubqx.d.web'.
     Trying implicit prerequisite `.intermediate/src_fps/SCCS/s.raqsubqx.d.web'.
   Trying pattern rule with stem `raqsubqx.d'.
   Trying implicit prerequisite `.intermediate/src_fps/raqsubqx.d.f'.
   Looking for a rule with intermediate file `.intermediate/src_fps/raqsubqx.d.f'.
    Avoiding implicit rule recursion.
    Avoiding implicit rule recursion.
    Trying pattern rule with stem `raqsubqx.d'.
    Trying implicit prerequisite `.intermediate/src_fps/raqsubqx.d.F'.
    Trying pattern rule with stem `raqsubqx.d'.
    Trying implicit prerequisite `.intermediate/src_fps/raqsubqx.d.r'.
    Trying pattern rule with stem `raqsubqx.d.f'.
    Trying implicit prerequisite `.intermediate/src_fps/raqsubqx.d.f,v'.
    Trying pattern rule with stem `raqsubqx.d.f'.
    Trying implicit prerequisite `.intermediate/src_fps/RCS/raqsubqx.d.f,v'.
    Trying pattern rule with stem `raqsubqx.d.f'.
    Trying implicit prerequisite `.intermediate/src_fps/RCS/raqsubqx.d.f'.
    Trying pattern rule with stem `raqsubqx.d.f'.
    Trying implicit prerequisite `.intermediate/src_fps/s.raqsubqx.d.f'.
    Trying pattern rule with stem `raqsubqx.d.f'.
    Trying implicit prerequisite `.intermediate/src_fps/SCCS/s.raqsubqx.d.f'.
    Trying pattern rule with stem `raqsubqx.d'.
    Trying implicit prerequisite `.intermediate/src_fps/raqsubqx.d.F'.
    Looking for a rule with intermediate file `.intermediate/src_fps/raqsubqx.d.F'.
     Avoiding implicit rule recursion.
     Avoiding implicit rule recursion.
     Avoiding implicit rule recursion.
     Trying pattern rule with stem `raqsubqx.d.F'.
     Trying implicit prerequisite `.intermediate/src_fps/raqsubqx.d.F,v'.
     Trying pattern rule with stem `raqsubqx.d.F'.
     Trying implicit prerequisite `.intermediate/src_fps/RCS/raqsubqx.d.F,v'.
     Trying pattern rule with stem `raqsubqx.d.F'.
     Trying implicit prerequisite `.intermediate/src_fps/RCS/raqsubqx.d.F'.
     Trying pattern rule with stem `raqsubqx.d.F'.
     Trying implicit prerequisite `.intermediate/src_fps/s.raqsubqx.d.F'.
     Trying pattern rule with stem `raqsubqx.d.F'.
     Trying implicit prerequisite `.intermediate/src_fps/SCCS/s.raqsubqx.d.F'.
    Trying pattern rule with stem `raqsubqx.d'.
    Trying implicit prerequisite `.intermediate/src_fps/raqsubqx.d.r'.
    Looking for a rule with intermediate file `.intermediate/src_fps/raqsubqx.d.r'.
     Avoiding implicit rule recursion.
     Avoiding implicit rule recursion.
     Avoiding implicit rule recursion.
     Trying pattern rule with stem `raqsubqx.d'.
     Rejecting impossible implicit prerequisite `.intermediate/src_fps/raqsubqx.d.l'.
     Trying pattern rule with stem `raqsubqx.d.r'.
     Trying implicit prerequisite `.intermediate/src_fps/raqsubqx.d.r,v'.
     Trying pattern rule with stem `raqsubqx.d.r'.
     Trying implicit prerequisite `.intermediate/src_fps/RCS/raqsubqx.d.r,v'.
     Trying pattern rule with stem `raqsubqx.d.r'.
     Trying implicit prerequisite `.intermediate/src_fps/RCS/raqsubqx.d.r'.
     Trying pattern rule with stem `raqsubqx.d.r'.
     Trying implicit prerequisite `.intermediate/src_fps/s.raqsubqx.d.r'.
     Trying pattern rule with stem `raqsubqx.d.r'.
     Trying implicit prerequisite `.intermediate/src_fps/SCCS/s.raqsubqx.d.r'.
   Trying pattern rule with stem `raqsubqx.d'.
   Rejecting impossible implicit prerequisite `.intermediate/src_fps/raqsubqx.d.F'.
   Trying pattern rule with stem `raqsubqx.d'.
   Rejecting impossible implicit prerequisite `.intermediate/src_fps/raqsubqx.d.r'.
   Trying pattern rule with stem `raqsubqx.d'.
   Trying implicit prerequisite `.intermediate/src_fps/raqsubqx.d.s'.
   Looking for a rule with intermediate file `.intermediate/src_fps/raqsubqx.d.s'.
    Avoiding implicit rule recursion.
    Avoiding implicit rule recursion.
    Trying pattern rule with stem `raqsubqx.d'.
    Trying implicit prerequisite `.intermediate/src_fps/raqsubqx.d.S'.
    Trying pattern rule with stem `raqsubqx.d.s'.
    Trying implicit prerequisite `.intermediate/src_fps/raqsubqx.d.s,v'.
    Trying pattern rule with stem `raqsubqx.d.s'.
    Trying implicit prerequisite `.intermediate/src_fps/RCS/raqsubqx.d.s,v'.
    Trying pattern rule with stem `raqsubqx.d.s'.
    Trying implicit prerequisite `.intermediate/src_fps/RCS/raqsubqx.d.s'.
    Trying pattern rule with stem `raqsubqx.d.s'.
    Trying implicit prerequisite `.intermediate/src_fps/s.raqsubqx.d.s'.
    Trying pattern rule with stem `raqsubqx.d.s'.
    Trying implicit prerequisite `.intermediate/src_fps/SCCS/s.raqsubqx.d.s'.
    Trying pattern rule with stem `raqsubqx.d'.
    Trying implicit prerequisite `.intermediate/src_fps/raqsubqx.d.S'.
    Looking for a rule with intermediate file `.intermediate/src_fps/raqsubqx.d.S'.
     Avoiding implicit rule recursion.
     Avoiding implicit rule recursion.
     Avoiding implicit rule recursion.
     Trying pattern rule with stem `raqsubqx.d.S'.
     Trying implicit prerequisite `.intermediate/src_fps/raqsubqx.d.S,v'.
     Trying pattern rule with stem `raqsubqx.d.S'.
     Trying implicit prerequisite `.intermediate/src_fps/RCS/raqsubqx.d.S,v'.
     Trying pattern rule with stem `raqsubqx.d.S'.
     Trying implicit prerequisite `.intermediate/src_fps/RCS/raqsubqx.d.S'.
     Trying pattern rule with stem `raqsubqx.d.S'.
     Trying implicit prerequisite `.intermediate/src_fps/s.raqsubqx.d.S'.
     Trying pattern rule with stem `raqsubqx.d.S'.
     Trying implicit prerequisite `.intermediate/src_fps/SCCS/s.raqsubqx.d.S'.
   Trying pattern rule with stem `raqsubqx.d'.
   Rejecting impossible implicit prerequisite `.intermediate/src_fps/raqsubqx.d.S'.
   Trying pattern rule with stem `raqsubqx.d'.
   Trying implicit prerequisite `.intermediate/src_fps/raqsubqx.d.mod'.
   Looking for a rule with intermediate file `.intermediate/src_fps/raqsubqx.d.mod'.
    Avoiding implicit rule recursion.
    Avoiding implicit rule recursion.
    Trying pattern rule with stem `raqsubqx.d.mod'.
    Trying implicit prerequisite `.intermediate/src_fps/raqsubqx.d.mod,v'.
    Trying pattern rule with stem `raqsubqx.d.mod'.
    Trying implicit prerequisite `.intermediate/src_fps/RCS/raqsubqx.d.mod,v'.
    Trying pattern rule with stem `raqsubqx.d.mod'.
    Trying implicit prerequisite `.intermediate/src_fps/RCS/raqsubqx.d.mod'.
    Trying pattern rule with stem `raqsubqx.d.mod'.
    Trying implicit prerequisite `.intermediate/src_fps/s.raqsubqx.d.mod'.
    Trying pattern rule with stem `raqsubqx.d.mod'.
    Trying implicit prerequisite `.intermediate/src_fps/SCCS/s.raqsubqx.d.mod'.
  Trying pattern rule with stem `raqsubqx.d'.
  Rejecting impossible implicit prerequisite `.intermediate/src_fps/raqsubqx.d.c'.
  Trying pattern rule with stem `raqsubqx.d'.
  Rejecting impossible implicit prerequisite `.intermediate/src_fps/raqsubqx.d.cc'.
  Trying pattern rule with stem `raqsubqx.d'.
  Rejecting impossible implicit prerequisite `.intermediate/src_fps/raqsubqx.d.C'.
  Trying pattern rule with stem `raqsubqx.d'.
  Rejecting impossible implicit prerequisite `.intermediate/src_fps/raqsubqx.d.cpp'.
  Trying pattern rule with stem `raqsubqx.d'.
  Rejecting impossible implicit prerequisite `.intermediate/src_fps/raqsubqx.d.p'.
  Trying pattern rule with stem `raqsubqx.d'.
  Rejecting impossible implicit prerequisite `.intermediate/src_fps/raqsubqx.d.f'.
  Trying pattern rule with stem `raqsubqx.d'.
  Rejecting impossible implicit prerequisite `.intermediate/src_fps/raqsubqx.d.F'.
  Trying pattern rule with stem `raqsubqx.d'.
  Rejecting impossible implicit prerequisite `.intermediate/src_fps/raqsubqx.d.r'.
  Trying pattern rule with stem `raqsubqx.d'.
  Rejecting impossible implicit prerequisite `.intermediate/src_fps/raqsubqx.d.s'.
  Trying pattern rule with stem `raqsubqx.d'.
  Rejecting impossible implicit prerequisite `.intermediate/src_fps/raqsubqx.d.S'.
  Trying pattern rule with stem `raqsubqx.d'.
  Rejecting impossible implicit prerequisite `.intermediate/src_fps/raqsubqx.d.mod'.
  Trying pattern rule with stem `raqsubqx.d'.
  Trying implicit prerequisite `.intermediate/src_fps/raqsubqx.d.sh'.
  Looking for a rule with intermediate file `.intermediate/src_fps/raqsubqx.d.sh'.
   Avoiding implicit rule recursion.
   Trying pattern rule with stem `raqsubqx.d.sh'.
   Trying implicit prerequisite `.intermediate/src_fps/raqsubqx.d.sh,v'.
   Trying pattern rule with stem `raqsubqx.d.sh'.
   Trying implicit prerequisite `.intermediate/src_fps/RCS/raqsubqx.d.sh,v'.
   Trying pattern rule with stem `raqsubqx.d.sh'.
   Trying implicit prerequisite `.intermediate/src_fps/RCS/raqsubqx.d.sh'.
   Trying pattern rule with stem `raqsubqx.d.sh'.
   Trying implicit prerequisite `.intermediate/src_fps/s.raqsubqx.d.sh'.
   Trying pattern rule with stem `raqsubqx.d.sh'.
   Trying implicit prerequisite `.intermediate/src_fps/SCCS/s.raqsubqx.d.sh'.
  No implicit rule found for `.intermediate/src_fps/raqsubqx.d'.
  Finished prerequisites of target file `.intermediate/src_fps/raqsubqx.d'.
 Must remake target `.intermediate/src_fps/raqsubqx.d'.
 Failed to remake target file `.intermediate/src_fps/raqsubqx.d'.
 Considering target file `.intermediate/src_fps/host_ip.d'.
  File `.intermediate/src_fps/host_ip.d' does not exist.
  Looking for an implicit rule for `.intermediate/src_fps/host_ip.d'.
  Trying pattern rule with stem `host_ip.d'.
  Trying implicit prerequisite `.intermediate/src_fps/host_ip.d.o'.
  Trying pattern rule with stem `host_ip.d'.
  Trying implicit prerequisite `.intermediate/src_fps/host_ip.d.c'.
  Trying pattern rule with stem `host_ip.d'.
  Trying implicit prerequisite `.intermediate/src_fps/host_ip.d.cc'.
  Trying pattern rule with stem `host_ip.d'.
  Trying implicit prerequisite `.intermediate/src_fps/host_ip.d.C'.
  Trying pattern rule with stem `host_ip.d'.
  Trying implicit prerequisite `.intermediate/src_fps/host_ip.d.cpp'.
  Trying pattern rule with stem `host_ip.d'.
  Trying implicit prerequisite `.intermediate/src_fps/host_ip.d.p'.
  Trying pattern rule with stem `host_ip.d'.
  Trying implicit prerequisite `.intermediate/src_fps/host_ip.d.f'.
  Trying pattern rule with stem `host_ip.d'.
  Trying implicit prerequisite `.intermediate/src_fps/host_ip.d.F'.
  Trying pattern rule with stem `host_ip.d'.
  Trying implicit prerequisite `.intermediate/src_fps/host_ip.d.r'.
  Trying pattern rule with stem `host_ip.d'.
  Trying implicit prerequisite `.intermediate/src_fps/host_ip.d.s'.
  Trying pattern rule with stem `host_ip.d'.
  Trying implicit prerequisite `.intermediate/src_fps/host_ip.d.S'.
  Trying pattern rule with stem `host_ip.d'.
  Trying implicit prerequisite `.intermediate/src_fps/host_ip.d.mod'.
  Trying pattern rule with stem `host_ip.d'.
  Trying implicit prerequisite `.intermediate/src_fps/host_ip.d.sh'.
  Trying pattern rule with stem `host_ip.d'.
  Trying implicit prerequisite `.intermediate/src_fps/host_ip.d,v'.
  Trying pattern rule with stem `host_ip.d'.
  Trying implicit prerequisite `.intermediate/src_fps/RCS/host_ip.d,v'.
  Trying pattern rule with stem `host_ip.d'.
  Trying implicit prerequisite `.intermediate/src_fps/RCS/host_ip.d'.
  Trying pattern rule with stem `host_ip.d'.
  Trying implicit prerequisite `.intermediate/src_fps/s.host_ip.d'.
  Trying pattern rule with stem `host_ip.d'.
  Trying implicit prerequisite `.intermediate/src_fps/SCCS/s.host_ip.d'.
  Trying pattern rule with stem `host_ip.d'.
  Trying implicit prerequisite `.intermediate/src_fps/host_ip.d.o'.
  Looking for a rule with intermediate file `.intermediate/src_fps/host_ip.d.o'.
   Avoiding implicit rule recursion.
   Trying pattern rule with stem `host_ip.d'.
   Trying implicit prerequisite `src/host_ip.d.c'.
   Trying pattern rule with stem `host_ip.d'.
   Trying implicit prerequisite `src/host_ip.d.cpp'.
   Trying pattern rule with stem `host_ip.d'.
   Trying implicit prerequisite `.intermediate/src_fps/host_ip.d.c'.
   Trying pattern rule with stem `host_ip.d'.
   Trying implicit prerequisite `.intermediate/src_fps/host_ip.d.cc'.
   Trying pattern rule with stem `host_ip.d'.
   Trying implicit prerequisite `.intermediate/src_fps/host_ip.d.C'.
   Trying pattern rule with stem `host_ip.d'.
   Trying implicit prerequisite `.intermediate/src_fps/host_ip.d.cpp'.
   Trying pattern rule with stem `host_ip.d'.
   Trying implicit prerequisite `.intermediate/src_fps/host_ip.d.p'.
   Trying pattern rule with stem `host_ip.d'.
   Trying implicit prerequisite `.intermediate/src_fps/host_ip.d.f'.
   Trying pattern rule with stem `host_ip.d'.
   Trying implicit prerequisite `.intermediate/src_fps/host_ip.d.F'.
   Trying pattern rule with stem `host_ip.d'.
   Trying implicit prerequisite `.intermediate/src_fps/host_ip.d.r'.
   Trying pattern rule with stem `host_ip.d'.
   Trying implicit prerequisite `.intermediate/src_fps/host_ip.d.s'.
   Trying pattern rule with stem `host_ip.d'.
   Trying implicit prerequisite `.intermediate/src_fps/host_ip.d.S'.
   Trying pattern rule with stem `host_ip.d'.
   Trying implicit prerequisite `.intermediate/src_fps/host_ip.d.mod'.
   Trying pattern rule with stem `host_ip.d.o'.
   Trying implicit prerequisite `.intermediate/src_fps/host_ip.d.o,v'.
   Trying pattern rule with stem `host_ip.d.o'.
   Trying implicit prerequisite `.intermediate/src_fps/RCS/host_ip.d.o,v'.
   Trying pattern rule with stem `host_ip.d.o'.
   Trying implicit prerequisite `.intermediate/src_fps/RCS/host_ip.d.o'.
   Trying pattern rule with stem `host_ip.d.o'.
   Trying implicit prerequisite `.intermediate/src_fps/s.host_ip.d.o'.
   Trying pattern rule with stem `host_ip.d.o'.
   Trying implicit prerequisite `.intermediate/src_fps/SCCS/s.host_ip.d.o'.
   Trying pattern rule with stem `host_ip.d'.
   Trying implicit prerequisite `src/host_ip.d.c'.
   Looking for a rule with intermediate file `src/host_ip.d.c'.
    Avoiding implicit rule recursion.
    Avoiding implicit rule recursion.
    Trying pattern rule with stem `host_ip.d'.
    Trying implicit prerequisite `src/host_ip.d.y'.
    Trying pattern rule with stem `host_ip.d'.
    Trying implicit prerequisite `src/host_ip.d.l'.
    Trying pattern rule with stem `host_ip.d'.
    Trying implicit prerequisite `src/host_ip.d.w'.
    Trying pattern rule with stem `host_ip.d'.
    Trying implicit prerequisite `src/host_ip.d.w'.
    Trying pattern rule with stem `host_ip.d.c'.
    Trying implicit prerequisite `src/host_ip.d.c,v'.
    Trying pattern rule with stem `host_ip.d.c'.
    Trying implicit prerequisite `src/RCS/host_ip.d.c,v'.
    Trying pattern rule with stem `host_ip.d.c'.
    Trying implicit prerequisite `src/RCS/host_ip.d.c'.
    Trying pattern rule with stem `host_ip.d.c'.
    Trying implicit prerequisite `src/s.host_ip.d.c'.
    Trying pattern rule with stem `host_ip.d.c'.
    Trying implicit prerequisite `src/SCCS/s.host_ip.d.c'.
    Trying pattern rule with stem `host_ip.d'.
    Trying implicit prerequisite `src/host_ip.d.y'.
    Looking for a rule with intermediate file `src/host_ip.d.y'.
     Avoiding implicit rule recursion.
     Avoiding implicit rule recursion.
     Avoiding implicit rule recursion.
     Trying pattern rule with stem `host_ip.d.y'.
     Trying implicit prerequisite `src/host_ip.d.y,v'.
     Trying pattern rule with stem `host_ip.d.y'.
     Trying implicit prerequisite `src/RCS/host_ip.d.y,v'.
     Trying pattern rule with stem `host_ip.d.y'.
     Trying implicit prerequisite `src/RCS/host_ip.d.y'.
     Trying pattern rule with stem `host_ip.d.y'.
     Trying implicit prerequisite `src/s.host_ip.d.y'.
     Trying pattern rule with stem `host_ip.d.y'.
     Trying implicit prerequisite `src/SCCS/s.host_ip.d.y'.
    Trying pattern rule with stem `host_ip.d'.
    Trying implicit prerequisite `src/host_ip.d.l'.
    Looking for a rule with intermediate file `src/host_ip.d.l'.
     Avoiding implicit rule recursion.
     Avoiding implicit rule recursion.
     Avoiding implicit rule recursion.
     Trying pattern rule with stem `host_ip.d.l'.
     Trying implicit prerequisite `src/host_ip.d.l,v'.
     Trying pattern rule with stem `host_ip.d.l'.
     Trying implicit prerequisite `src/RCS/host_ip.d.l,v'.
     Trying pattern rule with stem `host_ip.d.l'.
     Trying implicit prerequisite `src/RCS/host_ip.d.l'.
     Trying pattern rule with stem `host_ip.d.l'.
     Trying implicit prerequisite `src/s.host_ip.d.l'.
     Trying pattern rule with stem `host_ip.d.l'.
     Trying implicit prerequisite `src/SCCS/s.host_ip.d.l'.
    Trying pattern rule with stem `host_ip.d'.
    Trying implicit prerequisite `src/host_ip.d.w'.
    Looking for a rule with intermediate file `src/host_ip.d.w'.
     Avoiding implicit rule recursion.
     Avoiding implicit rule recursion.
     Avoiding implicit rule recursion.
     Trying pattern rule with stem `host_ip.d.w'.
     Trying implicit prerequisite `src/host_ip.d.w,v'.
     Trying pattern rule with stem `host_ip.d.w'.
     Trying implicit prerequisite `src/RCS/host_ip.d.w,v'.
     Trying pattern rule with stem `host_ip.d.w'.
     Trying implicit prerequisite `src/RCS/host_ip.d.w'.
     Trying pattern rule with stem `host_ip.d.w'.
     Trying implicit prerequisite `src/s.host_ip.d.w'.
     Trying pattern rule with stem `host_ip.d.w'.
     Trying implicit prerequisite `src/SCCS/s.host_ip.d.w'.
    Trying pattern rule with stem `host_ip.d'.
    Rejecting impossible implicit prerequisite `src/host_ip.d.w'.
   Trying pattern rule with stem `host_ip.d'.
   Trying implicit prerequisite `src/host_ip.d.cpp'.
   Looking for a rule with intermediate file `src/host_ip.d.cpp'.
    Avoiding implicit rule recursion.
    Avoiding implicit rule recursion.
    Trying pattern rule with stem `host_ip.d.cpp'.
    Trying implicit prerequisite `src/host_ip.d.cpp,v'.
    Trying pattern rule with stem `host_ip.d.cpp'.
    Trying implicit prerequisite `src/RCS/host_ip.d.cpp,v'.
    Trying pattern rule with stem `host_ip.d.cpp'.
    Trying implicit prerequisite `src/RCS/host_ip.d.cpp'.
    Trying pattern rule with stem `host_ip.d.cpp'.
    Trying implicit prerequisite `src/s.host_ip.d.cpp'.
    Trying pattern rule with stem `host_ip.d.cpp'.
    Trying implicit prerequisite `src/SCCS/s.host_ip.d.cpp'.
   Trying pattern rule with stem `host_ip.d'.
   Trying implicit prerequisite `.intermediate/src_fps/host_ip.d.c'.
   Looking for a rule with intermediate file `.intermediate/src_fps/host_ip.d.c'.
    Avoiding implicit rule recursion.
    Avoiding implicit rule recursion.
    Trying pattern rule with stem `host_ip.d'.
    Trying implicit prerequisite `.intermediate/src_fps/host_ip.d.y'.
    Trying pattern rule with stem `host_ip.d'.
    Trying implicit prerequisite `.intermediate/src_fps/host_ip.d.l'.
    Trying pattern rule with stem `host_ip.d'.
    Trying implicit prerequisite `.intermediate/src_fps/host_ip.d.w'.
    Trying pattern rule with stem `host_ip.d'.
    Trying implicit prerequisite `.intermediate/src_fps/host_ip.d.w'.
    Trying pattern rule with stem `host_ip.d.c'.
    Trying implicit prerequisite `.intermediate/src_fps/host_ip.d.c,v'.
    Trying pattern rule with stem `host_ip.d.c'.
    Trying implicit prerequisite `.intermediate/src_fps/RCS/host_ip.d.c,v'.
    Trying pattern rule with stem `host_ip.d.c'.
    Trying implicit prerequisite `.intermediate/src_fps/RCS/host_ip.d.c'.
    Trying pattern rule with stem `host_ip.d.c'.
    Trying implicit prerequisite `.intermediate/src_fps/s.host_ip.d.c'.
    Trying pattern rule with stem `host_ip.d.c'.
    Trying implicit prerequisite `.intermediate/src_fps/SCCS/s.host_ip.d.c'.
    Trying pattern rule with stem `host_ip.d'.
    Trying implicit prerequisite `.intermediate/src_fps/host_ip.d.y'.
    Looking for a rule with intermediate file `.intermediate/src_fps/host_ip.d.y'.
     Avoiding implicit rule recursion.
     Avoiding implicit rule recursion.
     Avoiding implicit rule recursion.
     Trying pattern rule with stem `host_ip.d.y'.
     Trying implicit prerequisite `.intermediate/src_fps/host_ip.d.y,v'.
     Trying pattern rule with stem `host_ip.d.y'.
     Trying implicit prerequisite `.intermediate/src_fps/RCS/host_ip.d.y,v'.
     Trying pattern rule with stem `host_ip.d.y'.
     Trying implicit prerequisite `.intermediate/src_fps/RCS/host_ip.d.y'.
     Trying pattern rule with stem `host_ip.d.y'.
     Trying implicit prerequisite `.intermediate/src_fps/s.host_ip.d.y'.
     Trying pattern rule with stem `host_ip.d.y'.
     Trying implicit prerequisite `.intermediate/src_fps/SCCS/s.host_ip.d.y'.
    Trying pattern rule with stem `host_ip.d'.
    Trying implicit prerequisite `.intermediate/src_fps/host_ip.d.l'.
    Looking for a rule with intermediate file `.intermediate/src_fps/host_ip.d.l'.
     Avoiding implicit rule recursion.
     Avoiding implicit rule recursion.
     Avoiding implicit rule recursion.
     Trying pattern rule with stem `host_ip.d.l'.
     Trying implicit prerequisite `.intermediate/src_fps/host_ip.d.l,v'.
     Trying pattern rule with stem `host_ip.d.l'.
     Trying implicit prerequisite `.intermediate/src_fps/RCS/host_ip.d.l,v'.
     Trying pattern rule with stem `host_ip.d.l'.
     Trying implicit prerequisite `.intermediate/src_fps/RCS/host_ip.d.l'.
     Trying pattern rule with stem `host_ip.d.l'.
     Trying implicit prerequisite `.intermediate/src_fps/s.host_ip.d.l'.
     Trying pattern rule with stem `host_ip.d.l'.
     Trying implicit prerequisite `.intermediate/src_fps/SCCS/s.host_ip.d.l'.
    Trying pattern rule with stem `host_ip.d'.
    Trying implicit prerequisite `.intermediate/src_fps/host_ip.d.w'.
    Looking for a rule with intermediate file `.intermediate/src_fps/host_ip.d.w'.
     Avoiding implicit rule recursion.
     Avoiding implicit rule recursion.
     Avoiding implicit rule recursion.
     Trying pattern rule with stem `host_ip.d.w'.
     Trying implicit prerequisite `.intermediate/src_fps/host_ip.d.w,v'.
     Trying pattern rule with stem `host_ip.d.w'.
     Trying implicit prerequisite `.intermediate/src_fps/RCS/host_ip.d.w,v'.
     Trying pattern rule with stem `host_ip.d.w'.
     Trying implicit prerequisite `.intermediate/src_fps/RCS/host_ip.d.w'.
     Trying pattern rule with stem `host_ip.d.w'.
     Trying implicit prerequisite `.intermediate/src_fps/s.host_ip.d.w'.
     Trying pattern rule with stem `host_ip.d.w'.
     Trying implicit prerequisite `.intermediate/src_fps/SCCS/s.host_ip.d.w'.
    Trying pattern rule with stem `host_ip.d'.
    Rejecting impossible implicit prerequisite `.intermediate/src_fps/host_ip.d.w'.
   Trying pattern rule with stem `host_ip.d'.
   Trying implicit prerequisite `.intermediate/src_fps/host_ip.d.cc'.
   Looking for a rule with intermediate file `.intermediate/src_fps/host_ip.d.cc'.
    Avoiding implicit rule recursion.
    Avoiding implicit rule recursion.
    Trying pattern rule with stem `host_ip.d.cc'.
    Trying implicit prerequisite `.intermediate/src_fps/host_ip.d.cc,v'.
    Trying pattern rule with stem `host_ip.d.cc'.
    Trying implicit prerequisite `.intermediate/src_fps/RCS/host_ip.d.cc,v'.
    Trying pattern rule with stem `host_ip.d.cc'.
    Trying implicit prerequisite `.intermediate/src_fps/RCS/host_ip.d.cc'.
    Trying pattern rule with stem `host_ip.d.cc'.
    Trying implicit prerequisite `.intermediate/src_fps/s.host_ip.d.cc'.
    Trying pattern rule with stem `host_ip.d.cc'.
    Trying implicit prerequisite `.intermediate/src_fps/SCCS/s.host_ip.d.cc'.
   Trying pattern rule with stem `host_ip.d'.
   Trying implicit prerequisite `.intermediate/src_fps/host_ip.d.C'.
   Looking for a rule with intermediate file `.intermediate/src_fps/host_ip.d.C'.
    Avoiding implicit rule recursion.
    Avoiding implicit rule recursion.
    Trying pattern rule with stem `host_ip.d.C'.
    Trying implicit prerequisite `.intermediate/src_fps/host_ip.d.C,v'.
    Trying pattern rule with stem `host_ip.d.C'.
    Trying implicit prerequisite `.intermediate/src_fps/RCS/host_ip.d.C,v'.
    Trying pattern rule with stem `host_ip.d.C'.
    Trying implicit prerequisite `.intermediate/src_fps/RCS/host_ip.d.C'.
    Trying pattern rule with stem `host_ip.d.C'.
    Trying implicit prerequisite `.intermediate/src_fps/s.host_ip.d.C'.
    Trying pattern rule with stem `host_ip.d.C'.
    Trying implicit prerequisite `.intermediate/src_fps/SCCS/s.host_ip.d.C'.
   Trying pattern rule with stem `host_ip.d'.
   Trying implicit prerequisite `.intermediate/src_fps/host_ip.d.cpp'.
   Looking for a rule with intermediate file `.intermediate/src_fps/host_ip.d.cpp'.
    Avoiding implicit rule recursion.
    Avoiding implicit rule recursion.
    Trying pattern rule with stem `host_ip.d.cpp'.
    Trying implicit prerequisite `.intermediate/src_fps/host_ip.d.cpp,v'.
    Trying pattern rule with stem `host_ip.d.cpp'.
    Trying implicit prerequisite `.intermediate/src_fps/RCS/host_ip.d.cpp,v'.
    Trying pattern rule with stem `host_ip.d.cpp'.
    Trying implicit prerequisite `.intermediate/src_fps/RCS/host_ip.d.cpp'.
    Trying pattern rule with stem `host_ip.d.cpp'.
    Trying implicit prerequisite `.intermediate/src_fps/s.host_ip.d.cpp'.
    Trying pattern rule with stem `host_ip.d.cpp'.
    Trying implicit prerequisite `.intermediate/src_fps/SCCS/s.host_ip.d.cpp'.
   Trying pattern rule with stem `host_ip.d'.
   Trying implicit prerequisite `.intermediate/src_fps/host_ip.d.p'.
   Looking for a rule with intermediate file `.intermediate/src_fps/host_ip.d.p'.
    Avoiding implicit rule recursion.
    Avoiding implicit rule recursion.
    Trying pattern rule with stem `host_ip.d'.
    Trying implicit prerequisite `.intermediate/src_fps/host_ip.d.web'.
    Trying pattern rule with stem `host_ip.d.p'.
    Trying implicit prerequisite `.intermediate/src_fps/host_ip.d.p,v'.
    Trying pattern rule with stem `host_ip.d.p'.
    Trying implicit prerequisite `.intermediate/src_fps/RCS/host_ip.d.p,v'.
    Trying pattern rule with stem `host_ip.d.p'.
    Trying implicit prerequisite `.intermediate/src_fps/RCS/host_ip.d.p'.
    Trying pattern rule with stem `host_ip.d.p'.
    Trying implicit prerequisite `.intermediate/src_fps/s.host_ip.d.p'.
    Trying pattern rule with stem `host_ip.d.p'.
    Trying implicit prerequisite `.intermediate/src_fps/SCCS/s.host_ip.d.p'.
    Trying pattern rule with stem `host_ip.d'.
    Trying implicit prerequisite `.intermediate/src_fps/host_ip.d.web'.
    Looking for a rule with intermediate file `.intermediate/src_fps/host_ip.d.web'.
     Avoiding implicit rule recursion.
     Avoiding implicit rule recursion.
     Avoiding implicit rule recursion.
     Trying pattern rule with stem `host_ip.d.web'.
     Trying implicit prerequisite `.intermediate/src_fps/host_ip.d.web,v'.
     Trying pattern rule with stem `host_ip.d.web'.
     Trying implicit prerequisite `.intermediate/src_fps/RCS/host_ip.d.web,v'.
     Trying pattern rule with stem `host_ip.d.web'.
     Trying implicit prerequisite `.intermediate/src_fps/RCS/host_ip.d.web'.
     Trying pattern rule with stem `host_ip.d.web'.
     Trying implicit prerequisite `.intermediate/src_fps/s.host_ip.d.web'.
     Trying pattern rule with stem `host_ip.d.web'.
     Trying implicit prerequisite `.intermediate/src_fps/SCCS/s.host_ip.d.web'.
   Trying pattern rule with stem `host_ip.d'.
   Trying implicit prerequisite `.intermediate/src_fps/host_ip.d.f'.
   Looking for a rule with intermediate file `.intermediate/src_fps/host_ip.d.f'.
    Avoiding implicit rule recursion.
    Avoiding implicit rule recursion.
    Trying pattern rule with stem `host_ip.d'.
    Trying implicit prerequisite `.intermediate/src_fps/host_ip.d.F'.
    Trying pattern rule with stem `host_ip.d'.
    Trying implicit prerequisite `.intermediate/src_fps/host_ip.d.r'.
    Trying pattern rule with stem `host_ip.d.f'.
    Trying implicit prerequisite `.intermediate/src_fps/host_ip.d.f,v'.
    Trying pattern rule with stem `host_ip.d.f'.
    Trying implicit prerequisite `.intermediate/src_fps/RCS/host_ip.d.f,v'.
    Trying pattern rule with stem `host_ip.d.f'.
    Trying implicit prerequisite `.intermediate/src_fps/RCS/host_ip.d.f'.
    Trying pattern rule with stem `host_ip.d.f'.
    Trying implicit prerequisite `.intermediate/src_fps/s.host_ip.d.f'.
    Trying pattern rule with stem `host_ip.d.f'.
    Trying implicit prerequisite `.intermediate/src_fps/SCCS/s.host_ip.d.f'.
    Trying pattern rule with stem `host_ip.d'.
    Trying implicit prerequisite `.intermediate/src_fps/host_ip.d.F'.
    Looking for a rule with intermediate file `.intermediate/src_fps/host_ip.d.F'.
     Avoiding implicit rule recursion.
     Avoiding implicit rule recursion.
     Avoiding implicit rule recursion.
     Trying pattern rule with stem `host_ip.d.F'.
     Trying implicit prerequisite `.intermediate/src_fps/host_ip.d.F,v'.
     Trying pattern rule with stem `host_ip.d.F'.
     Trying implicit prerequisite `.intermediate/src_fps/RCS/host_ip.d.F,v'.
     Trying pattern rule with stem `host_ip.d.F'.
     Trying implicit prerequisite `.intermediate/src_fps/RCS/host_ip.d.F'.
     Trying pattern rule with stem `host_ip.d.F'.
     Trying implicit prerequisite `.intermediate/src_fps/s.host_ip.d.F'.
     Trying pattern rule with stem `host_ip.d.F'.
     Trying implicit prerequisite `.intermediate/src_fps/SCCS/s.host_ip.d.F'.
    Trying pattern rule with stem `host_ip.d'.
    Trying implicit prerequisite `.intermediate/src_fps/host_ip.d.r'.
    Looking for a rule with intermediate file `.intermediate/src_fps/host_ip.d.r'.
     Avoiding implicit rule recursion.
     Avoiding implicit rule recursion.
     Avoiding implicit rule recursion.
     Trying pattern rule with stem `host_ip.d'.
     Rejecting impossible implicit prerequisite `.intermediate/src_fps/host_ip.d.l'.
     Trying pattern rule with stem `host_ip.d.r'.
     Trying implicit prerequisite `.intermediate/src_fps/host_ip.d.r,v'.
     Trying pattern rule with stem `host_ip.d.r'.
     Trying implicit prerequisite `.intermediate/src_fps/RCS/host_ip.d.r,v'.
     Trying pattern rule with stem `host_ip.d.r'.
     Trying implicit prerequisite `.intermediate/src_fps/RCS/host_ip.d.r'.
     Trying pattern rule with stem `host_ip.d.r'.
     Trying implicit prerequisite `.intermediate/src_fps/s.host_ip.d.r'.
     Trying pattern rule with stem `host_ip.d.r'.
     Trying implicit prerequisite `.intermediate/src_fps/SCCS/s.host_ip.d.r'.
   Trying pattern rule with stem `host_ip.d'.
   Rejecting impossible implicit prerequisite `.intermediate/src_fps/host_ip.d.F'.
   Trying pattern rule with stem `host_ip.d'.
   Rejecting impossible implicit prerequisite `.intermediate/src_fps/host_ip.d.r'.
   Trying pattern rule with stem `host_ip.d'.
   Trying implicit prerequisite `.intermediate/src_fps/host_ip.d.s'.
   Looking for a rule with intermediate file `.intermediate/src_fps/host_ip.d.s'.
    Avoiding implicit rule recursion.
    Avoiding implicit rule recursion.
    Trying pattern rule with stem `host_ip.d'.
    Trying implicit prerequisite `.intermediate/src_fps/host_ip.d.S'.
    Trying pattern rule with stem `host_ip.d.s'.
    Trying implicit prerequisite `.intermediate/src_fps/host_ip.d.s,v'.
    Trying pattern rule with stem `host_ip.d.s'.
    Trying implicit prerequisite `.intermediate/src_fps/RCS/host_ip.d.s,v'.
    Trying pattern rule with stem `host_ip.d.s'.
    Trying implicit prerequisite `.intermediate/src_fps/RCS/host_ip.d.s'.
    Trying pattern rule with stem `host_ip.d.s'.
    Trying implicit prerequisite `.intermediate/src_fps/s.host_ip.d.s'.
    Trying pattern rule with stem `host_ip.d.s'.
    Trying implicit prerequisite `.intermediate/src_fps/SCCS/s.host_ip.d.s'.
    Trying pattern rule with stem `host_ip.d'.
    Trying implicit prerequisite `.intermediate/src_fps/host_ip.d.S'.
    Looking for a rule with intermediate file `.intermediate/src_fps/host_ip.d.S'.
     Avoiding implicit rule recursion.
     Avoiding implicit rule recursion.
     Avoiding implicit rule recursion.
     Trying pattern rule with stem `host_ip.d.S'.
     Trying implicit prerequisite `.intermediate/src_fps/host_ip.d.S,v'.
     Trying pattern rule with stem `host_ip.d.S'.
     Trying implicit prerequisite `.intermediate/src_fps/RCS/host_ip.d.S,v'.
     Trying pattern rule with stem `host_ip.d.S'.
     Trying implicit prerequisite `.intermediate/src_fps/RCS/host_ip.d.S'.
     Trying pattern rule with stem `host_ip.d.S'.
     Trying implicit prerequisite `.intermediate/src_fps/s.host_ip.d.S'.
     Trying pattern rule with stem `host_ip.d.S'.
     Trying implicit prerequisite `.intermediate/src_fps/SCCS/s.host_ip.d.S'.
   Trying pattern rule with stem `host_ip.d'.
   Rejecting impossible implicit prerequisite `.intermediate/src_fps/host_ip.d.S'.
   Trying pattern rule with stem `host_ip.d'.
   Trying implicit prerequisite `.intermediate/src_fps/host_ip.d.mod'.
   Looking for a rule with intermediate file `.intermediate/src_fps/host_ip.d.mod'.
    Avoiding implicit rule recursion.
    Avoiding implicit rule recursion.
    Trying pattern rule with stem `host_ip.d.mod'.
    Trying implicit prerequisite `.intermediate/src_fps/host_ip.d.mod,v'.
    Trying pattern rule with stem `host_ip.d.mod'.
    Trying implicit prerequisite `.intermediate/src_fps/RCS/host_ip.d.mod,v'.
    Trying pattern rule with stem `host_ip.d.mod'.
    Trying implicit prerequisite `.intermediate/src_fps/RCS/host_ip.d.mod'.
    Trying pattern rule with stem `host_ip.d.mod'.
    Trying implicit prerequisite `.intermediate/src_fps/s.host_ip.d.mod'.
    Trying pattern rule with stem `host_ip.d.mod'.
    Trying implicit prerequisite `.intermediate/src_fps/SCCS/s.host_ip.d.mod'.
  Trying pattern rule with stem `host_ip.d'.
  Rejecting impossible implicit prerequisite `.intermediate/src_fps/host_ip.d.c'.
  Trying pattern rule with stem `host_ip.d'.
  Rejecting impossible implicit prerequisite `.intermediate/src_fps/host_ip.d.cc'.
  Trying pattern rule with stem `host_ip.d'.
  Rejecting impossible implicit prerequisite `.intermediate/src_fps/host_ip.d.C'.
  Trying pattern rule with stem `host_ip.d'.
  Rejecting impossible implicit prerequisite `.intermediate/src_fps/host_ip.d.cpp'.
  Trying pattern rule with stem `host_ip.d'.
  Rejecting impossible implicit prerequisite `.intermediate/src_fps/host_ip.d.p'.
  Trying pattern rule with stem `host_ip.d'.
  Rejecting impossible implicit prerequisite `.intermediate/src_fps/host_ip.d.f'.
  Trying pattern rule with stem `host_ip.d'.
  Rejecting impossible implicit prerequisite `.intermediate/src_fps/host_ip.d.F'.
  Trying pattern rule with stem `host_ip.d'.
  Rejecting impossible implicit prerequisite `.intermediate/src_fps/host_ip.d.r'.
  Trying pattern rule with stem `host_ip.d'.
  Rejecting impossible implicit prerequisite `.intermediate/src_fps/host_ip.d.s'.
  Trying pattern rule with stem `host_ip.d'.
  Rejecting impossible implicit prerequisite `.intermediate/src_fps/host_ip.d.S'.
  Trying pattern rule with stem `host_ip.d'.
  Rejecting impossible implicit prerequisite `.intermediate/src_fps/host_ip.d.mod'.
  Trying pattern rule with stem `host_ip.d'.
  Trying implicit prerequisite `.intermediate/src_fps/host_ip.d.sh'.
  Looking for a rule with intermediate file `.intermediate/src_fps/host_ip.d.sh'.
   Avoiding implicit rule recursion.
   Trying pattern rule with stem `host_ip.d.sh'.
   Trying implicit prerequisite `.intermediate/src_fps/host_ip.d.sh,v'.
   Trying pattern rule with stem `host_ip.d.sh'.
   Trying implicit prerequisite `.intermediate/src_fps/RCS/host_ip.d.sh,v'.
   Trying pattern rule with stem `host_ip.d.sh'.
   Trying implicit prerequisite `.intermediate/src_fps/RCS/host_ip.d.sh'.
   Trying pattern rule with stem `host_ip.d.sh'.
   Trying implicit prerequisite `.intermediate/src_fps/s.host_ip.d.sh'.
   Trying pattern rule with stem `host_ip.d.sh'.
   Trying implicit prerequisite `.intermediate/src_fps/SCCS/s.host_ip.d.sh'.
  No implicit rule found for `.intermediate/src_fps/host_ip.d'.
  Finished prerequisites of target file `.intermediate/src_fps/host_ip.d'.
 Must remake target `.intermediate/src_fps/host_ip.d'.
 Failed to remake target file `.intermediate/src_fps/host_ip.d'.
 Considering target file `.intermediate/src_fps/db_utilityqx.d'.
  File `.intermediate/src_fps/db_utilityqx.d' does not exist.
  Looking for an implicit rule for `.intermediate/src_fps/db_utilityqx.d'.
  Trying pattern rule with stem `db_utilityqx.d'.
  Trying implicit prerequisite `.intermediate/src_fps/db_utilityqx.d.o'.
  Trying pattern rule with stem `db_utilityqx.d'.
  Trying implicit prerequisite `.intermediate/src_fps/db_utilityqx.d.c'.
  Trying pattern rule with stem `db_utilityqx.d'.
  Trying implicit prerequisite `.intermediate/src_fps/db_utilityqx.d.cc'.
  Trying pattern rule with stem `db_utilityqx.d'.
  Trying implicit prerequisite `.intermediate/src_fps/db_utilityqx.d.C'.
  Trying pattern rule with stem `db_utilityqx.d'.
  Trying implicit prerequisite `.intermediate/src_fps/db_utilityqx.d.cpp'.
  Trying pattern rule with stem `db_utilityqx.d'.
  Trying implicit prerequisite `.intermediate/src_fps/db_utilityqx.d.p'.
  Trying pattern rule with stem `db_utilityqx.d'.
  Trying implicit prerequisite `.intermediate/src_fps/db_utilityqx.d.f'.
  Trying pattern rule with stem `db_utilityqx.d'.
  Trying implicit prerequisite `.intermediate/src_fps/db_utilityqx.d.F'.
  Trying pattern rule with stem `db_utilityqx.d'.
  Trying implicit prerequisite `.intermediate/src_fps/db_utilityqx.d.r'.
  Trying pattern rule with stem `db_utilityqx.d'.
  Trying implicit prerequisite `.intermediate/src_fps/db_utilityqx.d.s'.
  Trying pattern rule with stem `db_utilityqx.d'.
  Trying implicit prerequisite `.intermediate/src_fps/db_utilityqx.d.S'.
  Trying pattern rule with stem `db_utilityqx.d'.
  Trying implicit prerequisite `.intermediate/src_fps/db_utilityqx.d.mod'.
  Trying pattern rule with stem `db_utilityqx.d'.
  Trying implicit prerequisite `.intermediate/src_fps/db_utilityqx.d.sh'.
  Trying pattern rule with stem `db_utilityqx.d'.
  Trying implicit prerequisite `.intermediate/src_fps/db_utilityqx.d,v'.
  Trying pattern rule with stem `db_utilityqx.d'.
  Trying implicit prerequisite `.intermediate/src_fps/RCS/db_utilityqx.d,v'.
  Trying pattern rule with stem `db_utilityqx.d'.
  Trying implicit prerequisite `.intermediate/src_fps/RCS/db_utilityqx.d'.
  Trying pattern rule with stem `db_utilityqx.d'.
  Trying implicit prerequisite `.intermediate/src_fps/s.db_utilityqx.d'.
  Trying pattern rule with stem `db_utilityqx.d'.
  Trying implicit prerequisite `.intermediate/src_fps/SCCS/s.db_utilityqx.d'.
  Trying pattern rule with stem `db_utilityqx.d'.
  Trying implicit prerequisite `.intermediate/src_fps/db_utilityqx.d.o'.
  Looking for a rule with intermediate file `.intermediate/src_fps/db_utilityqx.d.o'.
   Avoiding implicit rule recursion.
   Trying pattern rule with stem `db_utilityqx.d'.
   Trying implicit prerequisite `src/db_utilityqx.d.c'.
   Trying pattern rule with stem `db_utilityqx.d'.
   Trying implicit prerequisite `src/db_utilityqx.d.cpp'.
   Trying pattern rule with stem `db_utilityqx.d'.
   Trying implicit prerequisite `.intermediate/src_fps/db_utilityqx.d.c'.
   Trying pattern rule with stem `db_utilityqx.d'.
   Trying implicit prerequisite `.intermediate/src_fps/db_utilityqx.d.cc'.
   Trying pattern rule with stem `db_utilityqx.d'.
   Trying implicit prerequisite `.intermediate/src_fps/db_utilityqx.d.C'.
   Trying pattern rule with stem `db_utilityqx.d'.
   Trying implicit prerequisite `.intermediate/src_fps/db_utilityqx.d.cpp'.
   Trying pattern rule with stem `db_utilityqx.d'.
   Trying implicit prerequisite `.intermediate/src_fps/db_utilityqx.d.p'.
   Trying pattern rule with stem `db_utilityqx.d'.
   Trying implicit prerequisite `.intermediate/src_fps/db_utilityqx.d.f'.
   Trying pattern rule with stem `db_utilityqx.d'.
   Trying implicit prerequisite `.intermediate/src_fps/db_utilityqx.d.F'.
   Trying pattern rule with stem `db_utilityqx.d'.
   Trying implicit prerequisite `.intermediate/src_fps/db_utilityqx.d.r'.
   Trying pattern rule with stem `db_utilityqx.d'.
   Trying implicit prerequisite `.intermediate/src_fps/db_utilityqx.d.s'.
   Trying pattern rule with stem `db_utilityqx.d'.
   Trying implicit prerequisite `.intermediate/src_fps/db_utilityqx.d.S'.
   Trying pattern rule with stem `db_utilityqx.d'.
   Trying implicit prerequisite `.intermediate/src_fps/db_utilityqx.d.mod'.
   Trying pattern rule with stem `db_utilityqx.d.o'.
   Trying implicit prerequisite `.intermediate/src_fps/db_utilityqx.d.o,v'.
   Trying pattern rule with stem `db_utilityqx.d.o'.
   Trying implicit prerequisite `.intermediate/src_fps/RCS/db_utilityqx.d.o,v'.
   Trying pattern rule with stem `db_utilityqx.d.o'.
   Trying implicit prerequisite `.intermediate/src_fps/RCS/db_utilityqx.d.o'.
   Trying pattern rule with stem `db_utilityqx.d.o'.
   Trying implicit prerequisite `.intermediate/src_fps/s.db_utilityqx.d.o'.
   Trying pattern rule with stem `db_utilityqx.d.o'.
   Trying implicit prerequisite `.intermediate/src_fps/SCCS/s.db_utilityqx.d.o'.
   Trying pattern rule with stem `db_utilityqx.d'.
   Trying implicit prerequisite `src/db_utilityqx.d.c'.
   Looking for a rule with intermediate file `src/db_utilityqx.d.c'.
    Avoiding implicit rule recursion.
    Avoiding implicit rule recursion.
    Trying pattern rule with stem `db_utilityqx.d'.
    Trying implicit prerequisite `src/db_utilityqx.d.y'.
    Trying pattern rule with stem `db_utilityqx.d'.
    Trying implicit prerequisite `src/db_utilityqx.d.l'.
    Trying pattern rule with stem `db_utilityqx.d'.
    Trying implicit prerequisite `src/db_utilityqx.d.w'.
    Trying pattern rule with stem `db_utilityqx.d'.
    Trying implicit prerequisite `src/db_utilityqx.d.w'.
    Trying pattern rule with stem `db_utilityqx.d.c'.
    Trying implicit prerequisite `src/db_utilityqx.d.c,v'.
    Trying pattern rule with stem `db_utilityqx.d.c'.
    Trying implicit prerequisite `src/RCS/db_utilityqx.d.c,v'.
    Trying pattern rule with stem `db_utilityqx.d.c'.
    Trying implicit prerequisite `src/RCS/db_utilityqx.d.c'.
    Trying pattern rule with stem `db_utilityqx.d.c'.
    Trying implicit prerequisite `src/s.db_utilityqx.d.c'.
    Trying pattern rule with stem `db_utilityqx.d.c'.
    Trying implicit prerequisite `src/SCCS/s.db_utilityqx.d.c'.
    Trying pattern rule with stem `db_utilityqx.d'.
    Trying implicit prerequisite `src/db_utilityqx.d.y'.
    Looking for a rule with intermediate file `src/db_utilityqx.d.y'.
     Avoiding implicit rule recursion.
     Avoiding implicit rule recursion.
     Avoiding implicit rule recursion.
     Trying pattern rule with stem `db_utilityqx.d.y'.
     Trying implicit prerequisite `src/db_utilityqx.d.y,v'.
     Trying pattern rule with stem `db_utilityqx.d.y'.
     Trying implicit prerequisite `src/RCS/db_utilityqx.d.y,v'.
     Trying pattern rule with stem `db_utilityqx.d.y'.
     Trying implicit prerequisite `src/RCS/db_utilityqx.d.y'.
     Trying pattern rule with stem `db_utilityqx.d.y'.
     Trying implicit prerequisite `src/s.db_utilityqx.d.y'.
     Trying pattern rule with stem `db_utilityqx.d.y'.
     Trying implicit prerequisite `src/SCCS/s.db_utilityqx.d.y'.
    Trying pattern rule with stem `db_utilityqx.d'.
    Trying implicit prerequisite `src/db_utilityqx.d.l'.
    Looking for a rule with intermediate file `src/db_utilityqx.d.l'.
     Avoiding implicit rule recursion.
     Avoiding implicit rule recursion.
     Avoiding implicit rule recursion.
     Trying pattern rule with stem `db_utilityqx.d.l'.
     Trying implicit prerequisite `src/db_utilityqx.d.l,v'.
     Trying pattern rule with stem `db_utilityqx.d.l'.
     Trying implicit prerequisite `src/RCS/db_utilityqx.d.l,v'.
     Trying pattern rule with stem `db_utilityqx.d.l'.
     Trying implicit prerequisite `src/RCS/db_utilityqx.d.l'.
     Trying pattern rule with stem `db_utilityqx.d.l'.
     Trying implicit prerequisite `src/s.db_utilityqx.d.l'.
     Trying pattern rule with stem `db_utilityqx.d.l'.
     Trying implicit prerequisite `src/SCCS/s.db_utilityqx.d.l'.
    Trying pattern rule with stem `db_utilityqx.d'.
    Trying implicit prerequisite `src/db_utilityqx.d.w'.
    Looking for a rule with intermediate file `src/db_utilityqx.d.w'.
     Avoiding implicit rule recursion.
     Avoiding implicit rule recursion.
     Avoiding implicit rule recursion.
     Trying pattern rule with stem `db_utilityqx.d.w'.
     Trying implicit prerequisite `src/db_utilityqx.d.w,v'.
     Trying pattern rule with stem `db_utilityqx.d.w'.
     Trying implicit prerequisite `src/RCS/db_utilityqx.d.w,v'.
     Trying pattern rule with stem `db_utilityqx.d.w'.
     Trying implicit prerequisite `src/RCS/db_utilityqx.d.w'.
     Trying pattern rule with stem `db_utilityqx.d.w'.
     Trying implicit prerequisite `src/s.db_utilityqx.d.w'.
     Trying pattern rule with stem `db_utilityqx.d.w'.
     Trying implicit prerequisite `src/SCCS/s.db_utilityqx.d.w'.
    Trying pattern rule with stem `db_utilityqx.d'.
    Rejecting impossible implicit prerequisite `src/db_utilityqx.d.w'.
   Trying pattern rule with stem `db_utilityqx.d'.
   Trying implicit prerequisite `src/db_utilityqx.d.cpp'.
   Looking for a rule with intermediate file `src/db_utilityqx.d.cpp'.
    Avoiding implicit rule recursion.
    Avoiding implicit rule recursion.
    Trying pattern rule with stem `db_utilityqx.d.cpp'.
    Trying implicit prerequisite `src/db_utilityqx.d.cpp,v'.
    Trying pattern rule with stem `db_utilityqx.d.cpp'.
    Trying implicit prerequisite `src/RCS/db_utilityqx.d.cpp,v'.
    Trying pattern rule with stem `db_utilityqx.d.cpp'.
    Trying implicit prerequisite `src/RCS/db_utilityqx.d.cpp'.
    Trying pattern rule with stem `db_utilityqx.d.cpp'.
    Trying implicit prerequisite `src/s.db_utilityqx.d.cpp'.
    Trying pattern rule with stem `db_utilityqx.d.cpp'.
    Trying implicit prerequisite `src/SCCS/s.db_utilityqx.d.cpp'.
   Trying pattern rule with stem `db_utilityqx.d'.
   Trying implicit prerequisite `.intermediate/src_fps/db_utilityqx.d.c'.
   Looking for a rule with intermediate file `.intermediate/src_fps/db_utilityqx.d.c'.
    Avoiding implicit rule recursion.
    Avoiding implicit rule recursion.
    Trying pattern rule with stem `db_utilityqx.d'.
    Trying implicit prerequisite `.intermediate/src_fps/db_utilityqx.d.y'.
    Trying pattern rule with stem `db_utilityqx.d'.
    Trying implicit prerequisite `.intermediate/src_fps/db_utilityqx.d.l'.
    Trying pattern rule with stem `db_utilityqx.d'.
    Trying implicit prerequisite `.intermediate/src_fps/db_utilityqx.d.w'.
    Trying pattern rule with stem `db_utilityqx.d'.
    Trying implicit prerequisite `.intermediate/src_fps/db_utilityqx.d.w'.
    Trying pattern rule with stem `db_utilityqx.d.c'.
    Trying implicit prerequisite `.intermediate/src_fps/db_utilityqx.d.c,v'.
    Trying pattern rule with stem `db_utilityqx.d.c'.
    Trying implicit prerequisite `.intermediate/src_fps/RCS/db_utilityqx.d.c,v'.
    Trying pattern rule with stem `db_utilityqx.d.c'.
    Trying implicit prerequisite `.intermediate/src_fps/RCS/db_utilityqx.d.c'.
    Trying pattern rule with stem `db_utilityqx.d.c'.
    Trying implicit prerequisite `.intermediate/src_fps/s.db_utilityqx.d.c'.
    Trying pattern rule with stem `db_utilityqx.d.c'.
    Trying implicit prerequisite `.intermediate/src_fps/SCCS/s.db_utilityqx.d.c'.
    Trying pattern rule with stem `db_utilityqx.d'.
    Trying implicit prerequisite `.intermediate/src_fps/db_utilityqx.d.y'.
    Looking for a rule with intermediate file `.intermediate/src_fps/db_utilityqx.d.y'.
     Avoiding implicit rule recursion.
     Avoiding implicit rule recursion.
     Avoiding implicit rule recursion.
     Trying pattern rule with stem `db_utilityqx.d.y'.
     Trying implicit prerequisite `.intermediate/src_fps/db_utilityqx.d.y,v'.
     Trying pattern rule with stem `db_utilityqx.d.y'.
     Trying implicit prerequisite `.intermediate/src_fps/RCS/db_utilityqx.d.y,v'.
     Trying pattern rule with stem `db_utilityqx.d.y'.
     Trying implicit prerequisite `.intermediate/src_fps/RCS/db_utilityqx.d.y'.
     Trying pattern rule with stem `db_utilityqx.d.y'.
     Trying implicit prerequisite `.intermediate/src_fps/s.db_utilityqx.d.y'.
     Trying pattern rule with stem `db_utilityqx.d.y'.
     Trying implicit prerequisite `.intermediate/src_fps/SCCS/s.db_utilityqx.d.y'.
    Trying pattern rule with stem `db_utilityqx.d'.
    Trying implicit prerequisite `.intermediate/src_fps/db_utilityqx.d.l'.
    Looking for a rule with intermediate file `.intermediate/src_fps/db_utilityqx.d.l'.
     Avoiding implicit rule recursion.
     Avoiding implicit rule recursion.
     Avoiding implicit rule recursion.
     Trying pattern rule with stem `db_utilityqx.d.l'.
     Trying implicit prerequisite `.intermediate/src_fps/db_utilityqx.d.l,v'.
     Trying pattern rule with stem `db_utilityqx.d.l'.
     Trying implicit prerequisite `.intermediate/src_fps/RCS/db_utilityqx.d.l,v'.
     Trying pattern rule with stem `db_utilityqx.d.l'.
     Trying implicit prerequisite `.intermediate/src_fps/RCS/db_utilityqx.d.l'.
     Trying pattern rule with stem `db_utilityqx.d.l'.
     Trying implicit prerequisite `.intermediate/src_fps/s.db_utilityqx.d.l'.
     Trying pattern rule with stem `db_utilityqx.d.l'.
     Trying implicit prerequisite `.intermediate/src_fps/SCCS/s.db_utilityqx.d.l'.
    Trying pattern rule with stem `db_utilityqx.d'.
    Trying implicit prerequisite `.intermediate/src_fps/db_utilityqx.d.w'.
    Looking for a rule with intermediate file `.intermediate/src_fps/db_utilityqx.d.w'.
     Avoiding implicit rule recursion.
     Avoiding implicit rule recursion.
     Avoiding implicit rule recursion.
     Trying pattern rule with stem `db_utilityqx.d.w'.
     Trying implicit prerequisite `.intermediate/src_fps/db_utilityqx.d.w,v'.
     Trying pattern rule with stem `db_utilityqx.d.w'.
     Trying implicit prerequisite `.intermediate/src_fps/RCS/db_utilityqx.d.w,v'.
     Trying pattern rule with stem `db_utilityqx.d.w'.
     Trying implicit prerequisite `.intermediate/src_fps/RCS/db_utilityqx.d.w'.
     Trying pattern rule with stem `db_utilityqx.d.w'.
     Trying implicit prerequisite `.intermediate/src_fps/s.db_utilityqx.d.w'.
     Trying pattern rule with stem `db_utilityqx.d.w'.
     Trying implicit prerequisite `.intermediate/src_fps/SCCS/s.db_utilityqx.d.w'.
    Trying pattern rule with stem `db_utilityqx.d'.
    Rejecting impossible implicit prerequisite `.intermediate/src_fps/db_utilityqx.d.w'.
   Trying pattern rule with stem `db_utilityqx.d'.
   Trying implicit prerequisite `.intermediate/src_fps/db_utilityqx.d.cc'.
   Looking for a rule with intermediate file `.intermediate/src_fps/db_utilityqx.d.cc'.
    Avoiding implicit rule recursion.
    Avoiding implicit rule recursion.
    Trying pattern rule with stem `db_utilityqx.d.cc'.
    Trying implicit prerequisite `.intermediate/src_fps/db_utilityqx.d.cc,v'.
    Trying pattern rule with stem `db_utilityqx.d.cc'.
    Trying implicit prerequisite `.intermediate/src_fps/RCS/db_utilityqx.d.cc,v'.
    Trying pattern rule with stem `db_utilityqx.d.cc'.
    Trying implicit prerequisite `.intermediate/src_fps/RCS/db_utilityqx.d.cc'.
    Trying pattern rule with stem `db_utilityqx.d.cc'.
    Trying implicit prerequisite `.intermediate/src_fps/s.db_utilityqx.d.cc'.
    Trying pattern rule with stem `db_utilityqx.d.cc'.
    Trying implicit prerequisite `.intermediate/src_fps/SCCS/s.db_utilityqx.d.cc'.
   Trying pattern rule with stem `db_utilityqx.d'.
   Trying implicit prerequisite `.intermediate/src_fps/db_utilityqx.d.C'.
   Looking for a rule with intermediate file `.intermediate/src_fps/db_utilityqx.d.C'.
    Avoiding implicit rule recursion.
    Avoiding implicit rule recursion.
    Trying pattern rule with stem `db_utilityqx.d.C'.
    Trying implicit prerequisite `.intermediate/src_fps/db_utilityqx.d.C,v'.
    Trying pattern rule with stem `db_utilityqx.d.C'.
    Trying implicit prerequisite `.intermediate/src_fps/RCS/db_utilityqx.d.C,v'.
    Trying pattern rule with stem `db_utilityqx.d.C'.
    Trying implicit prerequisite `.intermediate/src_fps/RCS/db_utilityqx.d.C'.
    Trying pattern rule with stem `db_utilityqx.d.C'.
    Trying implicit prerequisite `.intermediate/src_fps/s.db_utilityqx.d.C'.
    Trying pattern rule with stem `db_utilityqx.d.C'.
    Trying implicit prerequisite `.intermediate/src_fps/SCCS/s.db_utilityqx.d.C'.
   Trying pattern rule with stem `db_utilityqx.d'.
   Trying implicit prerequisite `.intermediate/src_fps/db_utilityqx.d.cpp'.
   Looking for a rule with intermediate file `.intermediate/src_fps/db_utilityqx.d.cpp'.
    Avoiding implicit rule recursion.
    Avoiding implicit rule recursion.
    Trying pattern rule with stem `db_utilityqx.d.cpp'.
    Trying implicit prerequisite `.intermediate/src_fps/db_utilityqx.d.cpp,v'.
    Trying pattern rule with stem `db_utilityqx.d.cpp'.
    Trying implicit prerequisite `.intermediate/src_fps/RCS/db_utilityqx.d.cpp,v'.
    Trying pattern rule with stem `db_utilityqx.d.cpp'.
    Trying implicit prerequisite `.intermediate/src_fps/RCS/db_utilityqx.d.cpp'.
    Trying pattern rule with stem `db_utilityqx.d.cpp'.
    Trying implicit prerequisite `.intermediate/src_fps/s.db_utilityqx.d.cpp'.
    Trying pattern rule with stem `db_utilityqx.d.cpp'.
    Trying implicit prerequisite `.intermediate/src_fps/SCCS/s.db_utilityqx.d.cpp'.
   Trying pattern rule with stem `db_utilityqx.d'.
   Trying implicit prerequisite `.intermediate/src_fps/db_utilityqx.d.p'.
   Looking for a rule with intermediate file `.intermediate/src_fps/db_utilityqx.d.p'.
    Avoiding implicit rule recursion.
    Avoiding implicit rule recursion.
    Trying pattern rule with stem `db_utilityqx.d'.
    Trying implicit prerequisite `.intermediate/src_fps/db_utilityqx.d.web'.
    Trying pattern rule with stem `db_utilityqx.d.p'.
    Trying implicit prerequisite `.intermediate/src_fps/db_utilityqx.d.p,v'.
    Trying pattern rule with stem `db_utilityqx.d.p'.
    Trying implicit prerequisite `.intermediate/src_fps/RCS/db_utilityqx.d.p,v'.
    Trying pattern rule with stem `db_utilityqx.d.p'.
    Trying implicit prerequisite `.intermediate/src_fps/RCS/db_utilityqx.d.p'.
    Trying pattern rule with stem `db_utilityqx.d.p'.
    Trying implicit prerequisite `.intermediate/src_fps/s.db_utilityqx.d.p'.
    Trying pattern rule with stem `db_utilityqx.d.p'.
    Trying implicit prerequisite `.intermediate/src_fps/SCCS/s.db_utilityqx.d.p'.
    Trying pattern rule with stem `db_utilityqx.d'.
    Trying implicit prerequisite `.intermediate/src_fps/db_utilityqx.d.web'.
    Looking for a rule with intermediate file `.intermediate/src_fps/db_utilityqx.d.web'.
     Avoiding implicit rule recursion.
     Avoiding implicit rule recursion.
     Avoiding implicit rule recursion.
     Trying pattern rule with stem `db_utilityqx.d.web'.
     Trying implicit prerequisite `.intermediate/src_fps/db_utilityqx.d.web,v'.
     Trying pattern rule with stem `db_utilityqx.d.web'.
     Trying implicit prerequisite `.intermediate/src_fps/RCS/db_utilityqx.d.web,v'.
     Trying pattern rule with stem `db_utilityqx.d.web'.
     Trying implicit prerequisite `.intermediate/src_fps/RCS/db_utilityqx.d.web'.
     Trying pattern rule with stem `db_utilityqx.d.web'.
     Trying implicit prerequisite `.intermediate/src_fps/s.db_utilityqx.d.web'.
     Trying pattern rule with stem `db_utilityqx.d.web'.
     Trying implicit prerequisite `.intermediate/src_fps/SCCS/s.db_utilityqx.d.web'.
   Trying pattern rule with stem `db_utilityqx.d'.
   Trying implicit prerequisite `.intermediate/src_fps/db_utilityqx.d.f'.
   Looking for a rule with intermediate file `.intermediate/src_fps/db_utilityqx.d.f'.
    Avoiding implicit rule recursion.
    Avoiding implicit rule recursion.
    Trying pattern rule with stem `db_utilityqx.d'.
    Trying implicit prerequisite `.intermediate/src_fps/db_utilityqx.d.F'.
    Trying pattern rule with stem `db_utilityqx.d'.
    Trying implicit prerequisite `.intermediate/src_fps/db_utilityqx.d.r'.
    Trying pattern rule with stem `db_utilityqx.d.f'.
    Trying implicit prerequisite `.intermediate/src_fps/db_utilityqx.d.f,v'.
    Trying pattern rule with stem `db_utilityqx.d.f'.
    Trying implicit prerequisite `.intermediate/src_fps/RCS/db_utilityqx.d.f,v'.
    Trying pattern rule with stem `db_utilityqx.d.f'.
    Trying implicit prerequisite `.intermediate/src_fps/RCS/db_utilityqx.d.f'.
    Trying pattern rule with stem `db_utilityqx.d.f'.
    Trying implicit prerequisite `.intermediate/src_fps/s.db_utilityqx.d.f'.
    Trying pattern rule with stem `db_utilityqx.d.f'.
    Trying implicit prerequisite `.intermediate/src_fps/SCCS/s.db_utilityqx.d.f'.
    Trying pattern rule with stem `db_utilityqx.d'.
    Trying implicit prerequisite `.intermediate/src_fps/db_utilityqx.d.F'.
    Looking for a rule with intermediate file `.intermediate/src_fps/db_utilityqx.d.F'.
     Avoiding implicit rule recursion.
     Avoiding implicit rule recursion.
     Avoiding implicit rule recursion.
     Trying pattern rule with stem `db_utilityqx.d.F'.
     Trying implicit prerequisite `.intermediate/src_fps/db_utilityqx.d.F,v'.
     Trying pattern rule with stem `db_utilityqx.d.F'.
     Trying implicit prerequisite `.intermediate/src_fps/RCS/db_utilityqx.d.F,v'.
     Trying pattern rule with stem `db_utilityqx.d.F'.
     Trying implicit prerequisite `.intermediate/src_fps/RCS/db_utilityqx.d.F'.
     Trying pattern rule with stem `db_utilityqx.d.F'.
     Trying implicit prerequisite `.intermediate/src_fps/s.db_utilityqx.d.F'.
     Trying pattern rule with stem `db_utilityqx.d.F'.
     Trying implicit prerequisite `.intermediate/src_fps/SCCS/s.db_utilityqx.d.F'.
    Trying pattern rule with stem `db_utilityqx.d'.
    Trying implicit prerequisite `.intermediate/src_fps/db_utilityqx.d.r'.
    Looking for a rule with intermediate file `.intermediate/src_fps/db_utilityqx.d.r'.
     Avoiding implicit rule recursion.
     Avoiding implicit rule recursion.
     Avoiding implicit rule recursion.
     Trying pattern rule with stem `db_utilityqx.d'.
     Rejecting impossible implicit prerequisite `.intermediate/src_fps/db_utilityqx.d.l'.
     Trying pattern rule with stem `db_utilityqx.d.r'.
     Trying implicit prerequisite `.intermediate/src_fps/db_utilityqx.d.r,v'.
     Trying pattern rule with stem `db_utilityqx.d.r'.
     Trying implicit prerequisite `.intermediate/src_fps/RCS/db_utilityqx.d.r,v'.
     Trying pattern rule with stem `db_utilityqx.d.r'.
     Trying implicit prerequisite `.intermediate/src_fps/RCS/db_utilityqx.d.r'.
     Trying pattern rule with stem `db_utilityqx.d.r'.
     Trying implicit prerequisite `.intermediate/src_fps/s.db_utilityqx.d.r'.
     Trying pattern rule with stem `db_utilityqx.d.r'.
     Trying implicit prerequisite `.intermediate/src_fps/SCCS/s.db_utilityqx.d.r'.
   Trying pattern rule with stem `db_utilityqx.d'.
   Rejecting impossible implicit prerequisite `.intermediate/src_fps/db_utilityqx.d.F'.
   Trying pattern rule with stem `db_utilityqx.d'.
   Rejecting impossible implicit prerequisite `.intermediate/src_fps/db_utilityqx.d.r'.
   Trying pattern rule with stem `db_utilityqx.d'.
   Trying implicit prerequisite `.intermediate/src_fps/db_utilityqx.d.s'.
   Looking for a rule with intermediate file `.intermediate/src_fps/db_utilityqx.d.s'.
    Avoiding implicit rule recursion.
    Avoiding implicit rule recursion.
    Trying pattern rule with stem `db_utilityqx.d'.
    Trying implicit prerequisite `.intermediate/src_fps/db_utilityqx.d.S'.
    Trying pattern rule with stem `db_utilityqx.d.s'.
    Trying implicit prerequisite `.intermediate/src_fps/db_utilityqx.d.s,v'.
    Trying pattern rule with stem `db_utilityqx.d.s'.
    Trying implicit prerequisite `.intermediate/src_fps/RCS/db_utilityqx.d.s,v'.
    Trying pattern rule with stem `db_utilityqx.d.s'.
    Trying implicit prerequisite `.intermediate/src_fps/RCS/db_utilityqx.d.s'.
    Trying pattern rule with stem `db_utilityqx.d.s'.
    Trying implicit prerequisite `.intermediate/src_fps/s.db_utilityqx.d.s'.
    Trying pattern rule with stem `db_utilityqx.d.s'.
    Trying implicit prerequisite `.intermediate/src_fps/SCCS/s.db_utilityqx.d.s'.
    Trying pattern rule with stem `db_utilityqx.d'.
    Trying implicit prerequisite `.intermediate/src_fps/db_utilityqx.d.S'.
    Looking for a rule with intermediate file `.intermediate/src_fps/db_utilityqx.d.S'.
     Avoiding implicit rule recursion.
     Avoiding implicit rule recursion.
     Avoiding implicit rule recursion.
     Trying pattern rule with stem `db_utilityqx.d.S'.
     Trying implicit prerequisite `.intermediate/src_fps/db_utilityqx.d.S,v'.
     Trying pattern rule with stem `db_utilityqx.d.S'.
     Trying implicit prerequisite `.intermediate/src_fps/RCS/db_utilityqx.d.S,v'.
     Trying pattern rule with stem `db_utilityqx.d.S'.
     Trying implicit prerequisite `.intermediate/src_fps/RCS/db_utilityqx.d.S'.
     Trying pattern rule with stem `db_utilityqx.d.S'.
     Trying implicit prerequisite `.intermediate/src_fps/s.db_utilityqx.d.S'.
     Trying pattern rule with stem `db_utilityqx.d.S'.
     Trying implicit prerequisite `.intermediate/src_fps/SCCS/s.db_utilityqx.d.S'.
   Trying pattern rule with stem `db_utilityqx.d'.
   Rejecting impossible implicit prerequisite `.intermediate/src_fps/db_utilityqx.d.S'.
   Trying pattern rule with stem `db_utilityqx.d'.
   Trying implicit prerequisite `.intermediate/src_fps/db_utilityqx.d.mod'.
   Looking for a rule with intermediate file `.intermediate/src_fps/db_utilityqx.d.mod'.
    Avoiding implicit rule recursion.
    Avoiding implicit rule recursion.
    Trying pattern rule with stem `db_utilityqx.d.mod'.
    Trying implicit prerequisite `.intermediate/src_fps/db_utilityqx.d.mod,v'.
    Trying pattern rule with stem `db_utilityqx.d.mod'.
    Trying implicit prerequisite `.intermediate/src_fps/RCS/db_utilityqx.d.mod,v'.
    Trying pattern rule with stem `db_utilityqx.d.mod'.
    Trying implicit prerequisite `.intermediate/src_fps/RCS/db_utilityqx.d.mod'.
    Trying pattern rule with stem `db_utilityqx.d.mod'.
    Trying implicit prerequisite `.intermediate/src_fps/s.db_utilityqx.d.mod'.
    Trying pattern rule with stem `db_utilityqx.d.mod'.
    Trying implicit prerequisite `.intermediate/src_fps/SCCS/s.db_utilityqx.d.mod'.
  Trying pattern rule with stem `db_utilityqx.d'.
  Rejecting impossible implicit prerequisite `.intermediate/src_fps/db_utilityqx.d.c'.
  Trying pattern rule with stem `db_utilityqx.d'.
  Rejecting impossible implicit prerequisite `.intermediate/src_fps/db_utilityqx.d.cc'.
  Trying pattern rule with stem `db_utilityqx.d'.
  Rejecting impossible implicit prerequisite `.intermediate/src_fps/db_utilityqx.d.C'.
  Trying pattern rule with stem `db_utilityqx.d'.
  Rejecting impossible implicit prerequisite `.intermediate/src_fps/db_utilityqx.d.cpp'.
  Trying pattern rule with stem `db_utilityqx.d'.
  Rejecting impossible implicit prerequisite `.intermediate/src_fps/db_utilityqx.d.p'.
  Trying pattern rule with stem `db_utilityqx.d'.
  Rejecting impossible implicit prerequisite `.intermediate/src_fps/db_utilityqx.d.f'.
  Trying pattern rule with stem `db_utilityqx.d'.
  Rejecting impossible implicit prerequisite `.intermediate/src_fps/db_utilityqx.d.F'.
  Trying pattern rule with stem `db_utilityqx.d'.
  Rejecting impossible implicit prerequisite `.intermediate/src_fps/db_utilityqx.d.r'.
  Trying pattern rule with stem `db_utilityqx.d'.
  Rejecting impossible implicit prerequisite `.intermediate/src_fps/db_utilityqx.d.s'.
  Trying pattern rule with stem `db_utilityqx.d'.
  Rejecting impossible implicit prerequisite `.intermediate/src_fps/db_utilityqx.d.S'.
  Trying pattern rule with stem `db_utilityqx.d'.
  Rejecting impossible implicit prerequisite `.intermediate/src_fps/db_utilityqx.d.mod'.
  Trying pattern rule with stem `db_utilityqx.d'.
  Trying implicit prerequisite `.intermediate/src_fps/db_utilityqx.d.sh'.
  Looking for a rule with intermediate file `.intermediate/src_fps/db_utilityqx.d.sh'.
   Avoiding implicit rule recursion.
   Trying pattern rule with stem `db_utilityqx.d.sh'.
   Trying implicit prerequisite `.intermediate/src_fps/db_utilityqx.d.sh,v'.
   Trying pattern rule with stem `db_utilityqx.d.sh'.
   Trying implicit prerequisite `.intermediate/src_fps/RCS/db_utilityqx.d.sh,v'.
   Trying pattern rule with stem `db_utilityqx.d.sh'.
   Trying implicit prerequisite `.intermediate/src_fps/RCS/db_utilityqx.d.sh'.
   Trying pattern rule with stem `db_utilityqx.d.sh'.
   Trying implicit prerequisite `.intermediate/src_fps/s.db_utilityqx.d.sh'.
   Trying pattern rule with stem `db_utilityqx.d.sh'.
   Trying implicit prerequisite `.intermediate/src_fps/SCCS/s.db_utilityqx.d.sh'.
  No implicit rule found for `.intermediate/src_fps/db_utilityqx.d'.
  Finished prerequisites of target file `.intermediate/src_fps/db_utilityqx.d'.
 Must remake target `.intermediate/src_fps/db_utilityqx.d'.
 Failed to remake target file `.intermediate/src_fps/db_utilityqx.d'.
 Considering target file `.intermediate/src_fps/dbtrqx.d'.
  File `.intermediate/src_fps/dbtrqx.d' does not exist.
  Looking for an implicit rule for `.intermediate/src_fps/dbtrqx.d'.
  Trying pattern rule with stem `dbtrqx.d'.
  Trying implicit prerequisite `.intermediate/src_fps/dbtrqx.d.o'.
  Trying pattern rule with stem `dbtrqx.d'.
  Trying implicit prerequisite `.intermediate/src_fps/dbtrqx.d.c'.
  Trying pattern rule with stem `dbtrqx.d'.
  Trying implicit prerequisite `.intermediate/src_fps/dbtrqx.d.cc'.
  Trying pattern rule with stem `dbtrqx.d'.
  Trying implicit prerequisite `.intermediate/src_fps/dbtrqx.d.C'.
  Trying pattern rule with stem `dbtrqx.d'.
  Trying implicit prerequisite `.intermediate/src_fps/dbtrqx.d.cpp'.
  Trying pattern rule with stem `dbtrqx.d'.
  Trying implicit prerequisite `.intermediate/src_fps/dbtrqx.d.p'.
  Trying pattern rule with stem `dbtrqx.d'.
  Trying implicit prerequisite `.intermediate/src_fps/dbtrqx.d.f'.
  Trying pattern rule with stem `dbtrqx.d'.
  Trying implicit prerequisite `.intermediate/src_fps/dbtrqx.d.F'.
  Trying pattern rule with stem `dbtrqx.d'.
  Trying implicit prerequisite `.intermediate/src_fps/dbtrqx.d.r'.
  Trying pattern rule with stem `dbtrqx.d'.
  Trying implicit prerequisite `.intermediate/src_fps/dbtrqx.d.s'.
  Trying pattern rule with stem `dbtrqx.d'.
  Trying implicit prerequisite `.intermediate/src_fps/dbtrqx.d.S'.
  Trying pattern rule with stem `dbtrqx.d'.
  Trying implicit prerequisite `.intermediate/src_fps/dbtrqx.d.mod'.
  Trying pattern rule with stem `dbtrqx.d'.
  Trying implicit prerequisite `.intermediate/src_fps/dbtrqx.d.sh'.
  Trying pattern rule with stem `dbtrqx.d'.
  Trying implicit prerequisite `.intermediate/src_fps/dbtrqx.d,v'.
  Trying pattern rule with stem `dbtrqx.d'.
  Trying implicit prerequisite `.intermediate/src_fps/RCS/dbtrqx.d,v'.
  Trying pattern rule with stem `dbtrqx.d'.
  Trying implicit prerequisite `.intermediate/src_fps/RCS/dbtrqx.d'.
  Trying pattern rule with stem `dbtrqx.d'.
  Trying implicit prerequisite `.intermediate/src_fps/s.dbtrqx.d'.
  Trying pattern rule with stem `dbtrqx.d'.
  Trying implicit prerequisite `.intermediate/src_fps/SCCS/s.dbtrqx.d'.
  Trying pattern rule with stem `dbtrqx.d'.
  Trying implicit prerequisite `.intermediate/src_fps/dbtrqx.d.o'.
  Looking for a rule with intermediate file `.intermediate/src_fps/dbtrqx.d.o'.
   Avoiding implicit rule recursion.
   Trying pattern rule with stem `dbtrqx.d'.
   Trying implicit prerequisite `src/dbtrqx.d.c'.
   Trying pattern rule with stem `dbtrqx.d'.
   Trying implicit prerequisite `src/dbtrqx.d.cpp'.
   Trying pattern rule with stem `dbtrqx.d'.
   Trying implicit prerequisite `.intermediate/src_fps/dbtrqx.d.c'.
   Trying pattern rule with stem `dbtrqx.d'.
   Trying implicit prerequisite `.intermediate/src_fps/dbtrqx.d.cc'.
   Trying pattern rule with stem `dbtrqx.d'.
   Trying implicit prerequisite `.intermediate/src_fps/dbtrqx.d.C'.
   Trying pattern rule with stem `dbtrqx.d'.
   Trying implicit prerequisite `.intermediate/src_fps/dbtrqx.d.cpp'.
   Trying pattern rule with stem `dbtrqx.d'.
   Trying implicit prerequisite `.intermediate/src_fps/dbtrqx.d.p'.
   Trying pattern rule with stem `dbtrqx.d'.
   Trying implicit prerequisite `.intermediate/src_fps/dbtrqx.d.f'.
   Trying pattern rule with stem `dbtrqx.d'.
   Trying implicit prerequisite `.intermediate/src_fps/dbtrqx.d.F'.
   Trying pattern rule with stem `dbtrqx.d'.
   Trying implicit prerequisite `.intermediate/src_fps/dbtrqx.d.r'.
   Trying pattern rule with stem `dbtrqx.d'.
   Trying implicit prerequisite `.intermediate/src_fps/dbtrqx.d.s'.
   Trying pattern rule with stem `dbtrqx.d'.
   Trying implicit prerequisite `.intermediate/src_fps/dbtrqx.d.S'.
   Trying pattern rule with stem `dbtrqx.d'.
   Trying implicit prerequisite `.intermediate/src_fps/dbtrqx.d.mod'.
   Trying pattern rule with stem `dbtrqx.d.o'.
   Trying implicit prerequisite `.intermediate/src_fps/dbtrqx.d.o,v'.
   Trying pattern rule with stem `dbtrqx.d.o'.
   Trying implicit prerequisite `.intermediate/src_fps/RCS/dbtrqx.d.o,v'.
   Trying pattern rule with stem `dbtrqx.d.o'.
   Trying implicit prerequisite `.intermediate/src_fps/RCS/dbtrqx.d.o'.
   Trying pattern rule with stem `dbtrqx.d.o'.
   Trying implicit prerequisite `.intermediate/src_fps/s.dbtrqx.d.o'.
   Trying pattern rule with stem `dbtrqx.d.o'.
   Trying implicit prerequisite `.intermediate/src_fps/SCCS/s.dbtrqx.d.o'.
   Trying pattern rule with stem `dbtrqx.d'.
   Trying implicit prerequisite `src/dbtrqx.d.c'.
   Looking for a rule with intermediate file `src/dbtrqx.d.c'.
    Avoiding implicit rule recursion.
    Avoiding implicit rule recursion.
    Trying pattern rule with stem `dbtrqx.d'.
    Trying implicit prerequisite `src/dbtrqx.d.y'.
    Trying pattern rule with stem `dbtrqx.d'.
    Trying implicit prerequisite `src/dbtrqx.d.l'.
    Trying pattern rule with stem `dbtrqx.d'.
    Trying implicit prerequisite `src/dbtrqx.d.w'.
    Trying pattern rule with stem `dbtrqx.d'.
    Trying implicit prerequisite `src/dbtrqx.d.w'.
    Trying pattern rule with stem `dbtrqx.d.c'.
    Trying implicit prerequisite `src/dbtrqx.d.c,v'.
    Trying pattern rule with stem `dbtrqx.d.c'.
    Trying implicit prerequisite `src/RCS/dbtrqx.d.c,v'.
    Trying pattern rule with stem `dbtrqx.d.c'.
    Trying implicit prerequisite `src/RCS/dbtrqx.d.c'.
    Trying pattern rule with stem `dbtrqx.d.c'.
    Trying implicit prerequisite `src/s.dbtrqx.d.c'.
    Trying pattern rule with stem `dbtrqx.d.c'.
    Trying implicit prerequisite `src/SCCS/s.dbtrqx.d.c'.
    Trying pattern rule with stem `dbtrqx.d'.
    Trying implicit prerequisite `src/dbtrqx.d.y'.
    Looking for a rule with intermediate file `src/dbtrqx.d.y'.
     Avoiding implicit rule recursion.
     Avoiding implicit rule recursion.
     Avoiding implicit rule recursion.
     Trying pattern rule with stem `dbtrqx.d.y'.
     Trying implicit prerequisite `src/dbtrqx.d.y,v'.
     Trying pattern rule with stem `dbtrqx.d.y'.
     Trying implicit prerequisite `src/RCS/dbtrqx.d.y,v'.
     Trying pattern rule with stem `dbtrqx.d.y'.
     Trying implicit prerequisite `src/RCS/dbtrqx.d.y'.
     Trying pattern rule with stem `dbtrqx.d.y'.
     Trying implicit prerequisite `src/s.dbtrqx.d.y'.
     Trying pattern rule with stem `dbtrqx.d.y'.
     Trying implicit prerequisite `src/SCCS/s.dbtrqx.d.y'.
    Trying pattern rule with stem `dbtrqx.d'.
    Trying implicit prerequisite `src/dbtrqx.d.l'.
    Looking for a rule with intermediate file `src/dbtrqx.d.l'.
     Avoiding implicit rule recursion.
     Avoiding implicit rule recursion.
     Avoiding implicit rule recursion.
     Trying pattern rule with stem `dbtrqx.d.l'.
     Trying implicit prerequisite `src/dbtrqx.d.l,v'.
     Trying pattern rule with stem `dbtrqx.d.l'.
     Trying implicit prerequisite `src/RCS/dbtrqx.d.l,v'.
     Trying pattern rule with stem `dbtrqx.d.l'.
     Trying implicit prerequisite `src/RCS/dbtrqx.d.l'.
     Trying pattern rule with stem `dbtrqx.d.l'.
     Trying implicit prerequisite `src/s.dbtrqx.d.l'.
     Trying pattern rule with stem `dbtrqx.d.l'.
     Trying implicit prerequisite `src/SCCS/s.dbtrqx.d.l'.
    Trying pattern rule with stem `dbtrqx.d'.
    Trying implicit prerequisite `src/dbtrqx.d.w'.
    Looking for a rule with intermediate file `src/dbtrqx.d.w'.
     Avoiding implicit rule recursion.
     Avoiding implicit rule recursion.
     Avoiding implicit rule recursion.
     Trying pattern rule with stem `dbtrqx.d.w'.
     Trying implicit prerequisite `src/dbtrqx.d.w,v'.
     Trying pattern rule with stem `dbtrqx.d.w'.
     Trying implicit prerequisite `src/RCS/dbtrqx.d.w,v'.
     Trying pattern rule with stem `dbtrqx.d.w'.
     Trying implicit prerequisite `src/RCS/dbtrqx.d.w'.
     Trying pattern rule with stem `dbtrqx.d.w'.
     Trying implicit prerequisite `src/s.dbtrqx.d.w'.
     Trying pattern rule with stem `dbtrqx.d.w'.
     Trying implicit prerequisite `src/SCCS/s.dbtrqx.d.w'.
    Trying pattern rule with stem `dbtrqx.d'.
    Rejecting impossible implicit prerequisite `src/dbtrqx.d.w'.
   Trying pattern rule with stem `dbtrqx.d'.
   Trying implicit prerequisite `src/dbtrqx.d.cpp'.
   Looking for a rule with intermediate file `src/dbtrqx.d.cpp'.
    Avoiding implicit rule recursion.
    Avoiding implicit rule recursion.
    Trying pattern rule with stem `dbtrqx.d.cpp'.
    Trying implicit prerequisite `src/dbtrqx.d.cpp,v'.
    Trying pattern rule with stem `dbtrqx.d.cpp'.
    Trying implicit prerequisite `src/RCS/dbtrqx.d.cpp,v'.
    Trying pattern rule with stem `dbtrqx.d.cpp'.
    Trying implicit prerequisite `src/RCS/dbtrqx.d.cpp'.
    Trying pattern rule with stem `dbtrqx.d.cpp'.
    Trying implicit prerequisite `src/s.dbtrqx.d.cpp'.
    Trying pattern rule with stem `dbtrqx.d.cpp'.
    Trying implicit prerequisite `src/SCCS/s.dbtrqx.d.cpp'.
   Trying pattern rule with stem `dbtrqx.d'.
   Trying implicit prerequisite `.intermediate/src_fps/dbtrqx.d.c'.
   Looking for a rule with intermediate file `.intermediate/src_fps/dbtrqx.d.c'.
    Avoiding implicit rule recursion.
    Avoiding implicit rule recursion.
    Trying pattern rule with stem `dbtrqx.d'.
    Trying implicit prerequisite `.intermediate/src_fps/dbtrqx.d.y'.
    Trying pattern rule with stem `dbtrqx.d'.
    Trying implicit prerequisite `.intermediate/src_fps/dbtrqx.d.l'.
    Trying pattern rule with stem `dbtrqx.d'.
    Trying implicit prerequisite `.intermediate/src_fps/dbtrqx.d.w'.
    Trying pattern rule with stem `dbtrqx.d'.
    Trying implicit prerequisite `.intermediate/src_fps/dbtrqx.d.w'.
    Trying pattern rule with stem `dbtrqx.d.c'.
    Trying implicit prerequisite `.intermediate/src_fps/dbtrqx.d.c,v'.
    Trying pattern rule with stem `dbtrqx.d.c'.
    Trying implicit prerequisite `.intermediate/src_fps/RCS/dbtrqx.d.c,v'.
    Trying pattern rule with stem `dbtrqx.d.c'.
    Trying implicit prerequisite `.intermediate/src_fps/RCS/dbtrqx.d.c'.
    Trying pattern rule with stem `dbtrqx.d.c'.
    Trying implicit prerequisite `.intermediate/src_fps/s.dbtrqx.d.c'.
    Trying pattern rule with stem `dbtrqx.d.c'.
    Trying implicit prerequisite `.intermediate/src_fps/SCCS/s.dbtrqx.d.c'.
    Trying pattern rule with stem `dbtrqx.d'.
    Trying implicit prerequisite `.intermediate/src_fps/dbtrqx.d.y'.
    Looking for a rule with intermediate file `.intermediate/src_fps/dbtrqx.d.y'.
     Avoiding implicit rule recursion.
     Avoiding implicit rule recursion.
     Avoiding implicit rule recursion.
     Trying pattern rule with stem `dbtrqx.d.y'.
     Trying implicit prerequisite `.intermediate/src_fps/dbtrqx.d.y,v'.
     Trying pattern rule with stem `dbtrqx.d.y'.
     Trying implicit prerequisite `.intermediate/src_fps/RCS/dbtrqx.d.y,v'.
     Trying pattern rule with stem `dbtrqx.d.y'.
     Trying implicit prerequisite `.intermediate/src_fps/RCS/dbtrqx.d.y'.
     Trying pattern rule with stem `dbtrqx.d.y'.
     Trying implicit prerequisite `.intermediate/src_fps/s.dbtrqx.d.y'.
     Trying pattern rule with stem `dbtrqx.d.y'.
     Trying implicit prerequisite `.intermediate/src_fps/SCCS/s.dbtrqx.d.y'.
    Trying pattern rule with stem `dbtrqx.d'.
    Trying implicit prerequisite `.intermediate/src_fps/dbtrqx.d.l'.
    Looking for a rule with intermediate file `.intermediate/src_fps/dbtrqx.d.l'.
     Avoiding implicit rule recursion.
     Avoiding implicit rule recursion.
     Avoiding implicit rule recursion.
     Trying pattern rule with stem `dbtrqx.d.l'.
     Trying implicit prerequisite `.intermediate/src_fps/dbtrqx.d.l,v'.
     Trying pattern rule with stem `dbtrqx.d.l'.
     Trying implicit prerequisite `.intermediate/src_fps/RCS/dbtrqx.d.l,v'.
     Trying pattern rule with stem `dbtrqx.d.l'.
     Trying implicit prerequisite `.intermediate/src_fps/RCS/dbtrqx.d.l'.
     Trying pattern rule with stem `dbtrqx.d.l'.
     Trying implicit prerequisite `.intermediate/src_fps/s.dbtrqx.d.l'.
     Trying pattern rule with stem `dbtrqx.d.l'.
     Trying implicit prerequisite `.intermediate/src_fps/SCCS/s.dbtrqx.d.l'.
    Trying pattern rule with stem `dbtrqx.d'.
    Trying implicit prerequisite `.intermediate/src_fps/dbtrqx.d.w'.
    Looking for a rule with intermediate file `.intermediate/src_fps/dbtrqx.d.w'.
     Avoiding implicit rule recursion.
     Avoiding implicit rule recursion.
     Avoiding implicit rule recursion.
     Trying pattern rule with stem `dbtrqx.d.w'.
     Trying implicit prerequisite `.intermediate/src_fps/dbtrqx.d.w,v'.
     Trying pattern rule with stem `dbtrqx.d.w'.
     Trying implicit prerequisite `.intermediate/src_fps/RCS/dbtrqx.d.w,v'.
     Trying pattern rule with stem `dbtrqx.d.w'.
     Trying implicit prerequisite `.intermediate/src_fps/RCS/dbtrqx.d.w'.
     Trying pattern rule with stem `dbtrqx.d.w'.
     Trying implicit prerequisite `.intermediate/src_fps/s.dbtrqx.d.w'.
     Trying pattern rule with stem `dbtrqx.d.w'.
     Trying implicit prerequisite `.intermediate/src_fps/SCCS/s.dbtrqx.d.w'.
    Trying pattern rule with stem `dbtrqx.d'.
    Rejecting impossible implicit prerequisite `.intermediate/src_fps/dbtrqx.d.w'.
   Trying pattern rule with stem `dbtrqx.d'.
   Trying implicit prerequisite `.intermediate/src_fps/dbtrqx.d.cc'.
   Looking for a rule with intermediate file `.intermediate/src_fps/dbtrqx.d.cc'.
    Avoiding implicit rule recursion.
    Avoiding implicit rule recursion.
    Trying pattern rule with stem `dbtrqx.d.cc'.
    Trying implicit prerequisite `.intermediate/src_fps/dbtrqx.d.cc,v'.
    Trying pattern rule with stem `dbtrqx.d.cc'.
    Trying implicit prerequisite `.intermediate/src_fps/RCS/dbtrqx.d.cc,v'.
    Trying pattern rule with stem `dbtrqx.d.cc'.
    Trying implicit prerequisite `.intermediate/src_fps/RCS/dbtrqx.d.cc'.
    Trying pattern rule with stem `dbtrqx.d.cc'.
    Trying implicit prerequisite `.intermediate/src_fps/s.dbtrqx.d.cc'.
    Trying pattern rule with stem `dbtrqx.d.cc'.
    Trying implicit prerequisite `.intermediate/src_fps/SCCS/s.dbtrqx.d.cc'.
   Trying pattern rule with stem `dbtrqx.d'.
   Trying implicit prerequisite `.intermediate/src_fps/dbtrqx.d.C'.
   Looking for a rule with intermediate file `.intermediate/src_fps/dbtrqx.d.C'.
    Avoiding implicit rule recursion.
    Avoiding implicit rule recursion.
    Trying pattern rule with stem `dbtrqx.d.C'.
    Trying implicit prerequisite `.intermediate/src_fps/dbtrqx.d.C,v'.
    Trying pattern rule with stem `dbtrqx.d.C'.
    Trying implicit prerequisite `.intermediate/src_fps/RCS/dbtrqx.d.C,v'.
    Trying pattern rule with stem `dbtrqx.d.C'.
    Trying implicit prerequisite `.intermediate/src_fps/RCS/dbtrqx.d.C'.
    Trying pattern rule with stem `dbtrqx.d.C'.
    Trying implicit prerequisite `.intermediate/src_fps/s.dbtrqx.d.C'.
    Trying pattern rule with stem `dbtrqx.d.C'.
    Trying implicit prerequisite `.intermediate/src_fps/SCCS/s.dbtrqx.d.C'.
   Trying pattern rule with stem `dbtrqx.d'.
   Trying implicit prerequisite `.intermediate/src_fps/dbtrqx.d.cpp'.
   Looking for a rule with intermediate file `.intermediate/src_fps/dbtrqx.d.cpp'.
    Avoiding implicit rule recursion.
    Avoiding implicit rule recursion.
    Trying pattern rule with stem `dbtrqx.d.cpp'.
    Trying implicit prerequisite `.intermediate/src_fps/dbtrqx.d.cpp,v'.
    Trying pattern rule with stem `dbtrqx.d.cpp'.
    Trying implicit prerequisite `.intermediate/src_fps/RCS/dbtrqx.d.cpp,v'.
    Trying pattern rule with stem `dbtrqx.d.cpp'.
    Trying implicit prerequisite `.intermediate/src_fps/RCS/dbtrqx.d.cpp'.
    Trying pattern rule with stem `dbtrqx.d.cpp'.
    Trying implicit prerequisite `.intermediate/src_fps/s.dbtrqx.d.cpp'.
    Trying pattern rule with stem `dbtrqx.d.cpp'.
    Trying implicit prerequisite `.intermediate/src_fps/SCCS/s.dbtrqx.d.cpp'.
   Trying pattern rule with stem `dbtrqx.d'.
   Trying implicit prerequisite `.intermediate/src_fps/dbtrqx.d.p'.
   Looking for a rule with intermediate file `.intermediate/src_fps/dbtrqx.d.p'.
    Avoiding implicit rule recursion.
    Avoiding implicit rule recursion.
    Trying pattern rule with stem `dbtrqx.d'.
    Trying implicit prerequisite `.intermediate/src_fps/dbtrqx.d.web'.
    Trying pattern rule with stem `dbtrqx.d.p'.
    Trying implicit prerequisite `.intermediate/src_fps/dbtrqx.d.p,v'.
    Trying pattern rule with stem `dbtrqx.d.p'.
    Trying implicit prerequisite `.intermediate/src_fps/RCS/dbtrqx.d.p,v'.
    Trying pattern rule with stem `dbtrqx.d.p'.
    Trying implicit prerequisite `.intermediate/src_fps/RCS/dbtrqx.d.p'.
    Trying pattern rule with stem `dbtrqx.d.p'.
    Trying implicit prerequisite `.intermediate/src_fps/s.dbtrqx.d.p'.
    Trying pattern rule with stem `dbtrqx.d.p'.
    Trying implicit prerequisite `.intermediate/src_fps/SCCS/s.dbtrqx.d.p'.
    Trying pattern rule with stem `dbtrqx.d'.
    Trying implicit prerequisite `.intermediate/src_fps/dbtrqx.d.web'.
    Looking for a rule with intermediate file `.intermediate/src_fps/dbtrqx.d.web'.
     Avoiding implicit rule recursion.
     Avoiding implicit rule recursion.
     Avoiding implicit rule recursion.
     Trying pattern rule with stem `dbtrqx.d.web'.
     Trying implicit prerequisite `.intermediate/src_fps/dbtrqx.d.web,v'.
     Trying pattern rule with stem `dbtrqx.d.web'.
     Trying implicit prerequisite `.intermediate/src_fps/RCS/dbtrqx.d.web,v'.
     Trying pattern rule with stem `dbtrqx.d.web'.
     Trying implicit prerequisite `.intermediate/src_fps/RCS/dbtrqx.d.web'.
     Trying pattern rule with stem `dbtrqx.d.web'.
     Trying implicit prerequisite `.intermediate/src_fps/s.dbtrqx.d.web'.
     Trying pattern rule with stem `dbtrqx.d.web'.
     Trying implicit prerequisite `.intermediate/src_fps/SCCS/s.dbtrqx.d.web'.
   Trying pattern rule with stem `dbtrqx.d'.
   Trying implicit prerequisite `.intermediate/src_fps/dbtrqx.d.f'.
   Looking for a rule with intermediate file `.intermediate/src_fps/dbtrqx.d.f'.
    Avoiding implicit rule recursion.
    Avoiding implicit rule recursion.
    Trying pattern rule with stem `dbtrqx.d'.
    Trying implicit prerequisite `.intermediate/src_fps/dbtrqx.d.F'.
    Trying pattern rule with stem `dbtrqx.d'.
    Trying implicit prerequisite `.intermediate/src_fps/dbtrqx.d.r'.
    Trying pattern rule with stem `dbtrqx.d.f'.
    Trying implicit prerequisite `.intermediate/src_fps/dbtrqx.d.f,v'.
    Trying pattern rule with stem `dbtrqx.d.f'.
    Trying implicit prerequisite `.intermediate/src_fps/RCS/dbtrqx.d.f,v'.
    Trying pattern rule with stem `dbtrqx.d.f'.
    Trying implicit prerequisite `.intermediate/src_fps/RCS/dbtrqx.d.f'.
    Trying pattern rule with stem `dbtrqx.d.f'.
    Trying implicit prerequisite `.intermediate/src_fps/s.dbtrqx.d.f'.
    Trying pattern rule with stem `dbtrqx.d.f'.
    Trying implicit prerequisite `.intermediate/src_fps/SCCS/s.dbtrqx.d.f'.
    Trying pattern rule with stem `dbtrqx.d'.
    Trying implicit prerequisite `.intermediate/src_fps/dbtrqx.d.F'.
    Looking for a rule with intermediate file `.intermediate/src_fps/dbtrqx.d.F'.
     Avoiding implicit rule recursion.
     Avoiding implicit rule recursion.
     Avoiding implicit rule recursion.
     Trying pattern rule with stem `dbtrqx.d.F'.
     Trying implicit prerequisite `.intermediate/src_fps/dbtrqx.d.F,v'.
     Trying pattern rule with stem `dbtrqx.d.F'.
     Trying implicit prerequisite `.intermediate/src_fps/RCS/dbtrqx.d.F,v'.
     Trying pattern rule with stem `dbtrqx.d.F'.
     Trying implicit prerequisite `.intermediate/src_fps/RCS/dbtrqx.d.F'.
     Trying pattern rule with stem `dbtrqx.d.F'.
     Trying implicit prerequisite `.intermediate/src_fps/s.dbtrqx.d.F'.
     Trying pattern rule with stem `dbtrqx.d.F'.
     Trying implicit prerequisite `.intermediate/src_fps/SCCS/s.dbtrqx.d.F'.
    Trying pattern rule with stem `dbtrqx.d'.
    Trying implicit prerequisite `.intermediate/src_fps/dbtrqx.d.r'.
    Looking for a rule with intermediate file `.intermediate/src_fps/dbtrqx.d.r'.
     Avoiding implicit rule recursion.
     Avoiding implicit rule recursion.
     Avoiding implicit rule recursion.
     Trying pattern rule with stem `dbtrqx.d'.
     Rejecting impossible implicit prerequisite `.intermediate/src_fps/dbtrqx.d.l'.
     Trying pattern rule with stem `dbtrqx.d.r'.
     Trying implicit prerequisite `.intermediate/src_fps/dbtrqx.d.r,v'.
     Trying pattern rule with stem `dbtrqx.d.r'.
     Trying implicit prerequisite `.intermediate/src_fps/RCS/dbtrqx.d.r,v'.
     Trying pattern rule with stem `dbtrqx.d.r'.
     Trying implicit prerequisite `.intermediate/src_fps/RCS/dbtrqx.d.r'.
     Trying pattern rule with stem `dbtrqx.d.r'.
     Trying implicit prerequisite `.intermediate/src_fps/s.dbtrqx.d.r'.
     Trying pattern rule with stem `dbtrqx.d.r'.
     Trying implicit prerequisite `.intermediate/src_fps/SCCS/s.dbtrqx.d.r'.
   Trying pattern rule with stem `dbtrqx.d'.
   Rejecting impossible implicit prerequisite `.intermediate/src_fps/dbtrqx.d.F'.
   Trying pattern rule with stem `dbtrqx.d'.
   Rejecting impossible implicit prerequisite `.intermediate/src_fps/dbtrqx.d.r'.
   Trying pattern rule with stem `dbtrqx.d'.
   Trying implicit prerequisite `.intermediate/src_fps/dbtrqx.d.s'.
   Looking for a rule with intermediate file `.intermediate/src_fps/dbtrqx.d.s'.
    Avoiding implicit rule recursion.
    Avoiding implicit rule recursion.
    Trying pattern rule with stem `dbtrqx.d'.
    Trying implicit prerequisite `.intermediate/src_fps/dbtrqx.d.S'.
    Trying pattern rule with stem `dbtrqx.d.s'.
    Trying implicit prerequisite `.intermediate/src_fps/dbtrqx.d.s,v'.
    Trying pattern rule with stem `dbtrqx.d.s'.
    Trying implicit prerequisite `.intermediate/src_fps/RCS/dbtrqx.d.s,v'.
    Trying pattern rule with stem `dbtrqx.d.s'.
    Trying implicit prerequisite `.intermediate/src_fps/RCS/dbtrqx.d.s'.
    Trying pattern rule with stem `dbtrqx.d.s'.
    Trying implicit prerequisite `.intermediate/src_fps/s.dbtrqx.d.s'.
    Trying pattern rule with stem `dbtrqx.d.s'.
    Trying implicit prerequisite `.intermediate/src_fps/SCCS/s.dbtrqx.d.s'.
    Trying pattern rule with stem `dbtrqx.d'.
    Trying implicit prerequisite `.intermediate/src_fps/dbtrqx.d.S'.
    Looking for a rule with intermediate file `.intermediate/src_fps/dbtrqx.d.S'.
     Avoiding implicit rule recursion.
     Avoiding implicit rule recursion.
     Avoiding implicit rule recursion.
     Trying pattern rule with stem `dbtrqx.d.S'.
     Trying implicit prerequisite `.intermediate/src_fps/dbtrqx.d.S,v'.
     Trying pattern rule with stem `dbtrqx.d.S'.
     Trying implicit prerequisite `.intermediate/src_fps/RCS/dbtrqx.d.S,v'.
     Trying pattern rule with stem `dbtrqx.d.S'.
     Trying implicit prerequisite `.intermediate/src_fps/RCS/dbtrqx.d.S'.
     Trying pattern rule with stem `dbtrqx.d.S'.
     Trying implicit prerequisite `.intermediate/src_fps/s.dbtrqx.d.S'.
     Trying pattern rule with stem `dbtrqx.d.S'.
     Trying implicit prerequisite `.intermediate/src_fps/SCCS/s.dbtrqx.d.S'.
   Trying pattern rule with stem `dbtrqx.d'.
   Rejecting impossible implicit prerequisite `.intermediate/src_fps/dbtrqx.d.S'.
   Trying pattern rule with stem `dbtrqx.d'.
   Trying implicit prerequisite `.intermediate/src_fps/dbtrqx.d.mod'.
   Looking for a rule with intermediate file `.intermediate/src_fps/dbtrqx.d.mod'.
    Avoiding implicit rule recursion.
    Avoiding implicit rule recursion.
    Trying pattern rule with stem `dbtrqx.d.mod'.
    Trying implicit prerequisite `.intermediate/src_fps/dbtrqx.d.mod,v'.
    Trying pattern rule with stem `dbtrqx.d.mod'.
    Trying implicit prerequisite `.intermediate/src_fps/RCS/dbtrqx.d.mod,v'.
    Trying pattern rule with stem `dbtrqx.d.mod'.
    Trying implicit prerequisite `.intermediate/src_fps/RCS/dbtrqx.d.mod'.
    Trying pattern rule with stem `dbtrqx.d.mod'.
    Trying implicit prerequisite `.intermediate/src_fps/s.dbtrqx.d.mod'.
    Trying pattern rule with stem `dbtrqx.d.mod'.
    Trying implicit prerequisite `.intermediate/src_fps/SCCS/s.dbtrqx.d.mod'.
  Trying pattern rule with stem `dbtrqx.d'.
  Rejecting impossible implicit prerequisite `.intermediate/src_fps/dbtrqx.d.c'.
  Trying pattern rule with stem `dbtrqx.d'.
  Rejecting impossible implicit prerequisite `.intermediate/src_fps/dbtrqx.d.cc'.
  Trying pattern rule with stem `dbtrqx.d'.
  Rejecting impossible implicit prerequisite `.intermediate/src_fps/dbtrqx.d.C'.
  Trying pattern rule with stem `dbtrqx.d'.
  Rejecting impossible implicit prerequisite `.intermediate/src_fps/dbtrqx.d.cpp'.
  Trying pattern rule with stem `dbtrqx.d'.
  Rejecting impossible implicit prerequisite `.intermediate/src_fps/dbtrqx.d.p'.
  Trying pattern rule with stem `dbtrqx.d'.
  Rejecting impossible implicit prerequisite `.intermediate/src_fps/dbtrqx.d.f'.
  Trying pattern rule with stem `dbtrqx.d'.
  Rejecting impossible implicit prerequisite `.intermediate/src_fps/dbtrqx.d.F'.
  Trying pattern rule with stem `dbtrqx.d'.
  Rejecting impossible implicit prerequisite `.intermediate/src_fps/dbtrqx.d.r'.
  Trying pattern rule with stem `dbtrqx.d'.
  Rejecting impossible implicit prerequisite `.intermediate/src_fps/dbtrqx.d.s'.
  Trying pattern rule with stem `dbtrqx.d'.
  Rejecting impossible implicit prerequisite `.intermediate/src_fps/dbtrqx.d.S'.
  Trying pattern rule with stem `dbtrqx.d'.
  Rejecting impossible implicit prerequisite `.intermediate/src_fps/dbtrqx.d.mod'.
  Trying pattern rule with stem `dbtrqx.d'.
  Trying implicit prerequisite `.intermediate/src_fps/dbtrqx.d.sh'.
  Looking for a rule with intermediate file `.intermediate/src_fps/dbtrqx.d.sh'.
   Avoiding implicit rule recursion.
   Trying pattern rule with stem `dbtrqx.d.sh'.
   Trying implicit prerequisite `.intermediate/src_fps/dbtrqx.d.sh,v'.
   Trying pattern rule with stem `dbtrqx.d.sh'.
   Trying implicit prerequisite `.intermediate/src_fps/RCS/dbtrqx.d.sh,v'.
   Trying pattern rule with stem `dbtrqx.d.sh'.
   Trying implicit prerequisite `.intermediate/src_fps/RCS/dbtrqx.d.sh'.
   Trying pattern rule with stem `dbtrqx.d.sh'.
   Trying implicit prerequisite `.intermediate/src_fps/s.dbtrqx.d.sh'.
   Trying pattern rule with stem `dbtrqx.d.sh'.
   Trying implicit prerequisite `.intermediate/src_fps/SCCS/s.dbtrqx.d.sh'.
  No implicit rule found for `.intermediate/src_fps/dbtrqx.d'.
  Finished prerequisites of target file `.intermediate/src_fps/dbtrqx.d'.
 Must remake target `.intermediate/src_fps/dbtrqx.d'.
 Failed to remake target file `.intermediate/src_fps/dbtrqx.d'.
 Considering target file `.intermediate/src_fps/db_funqx.d'.
  File `.intermediate/src_fps/db_funqx.d' does not exist.
  Looking for an implicit rule for `.intermediate/src_fps/db_funqx.d'.
  Trying pattern rule with stem `db_funqx.d'.
  Trying implicit prerequisite `.intermediate/src_fps/db_funqx.d.o'.
  Trying pattern rule with stem `db_funqx.d'.
  Trying implicit prerequisite `.intermediate/src_fps/db_funqx.d.c'.
  Trying pattern rule with stem `db_funqx.d'.
  Trying implicit prerequisite `.intermediate/src_fps/db_funqx.d.cc'.
  Trying pattern rule with stem `db_funqx.d'.
  Trying implicit prerequisite `.intermediate/src_fps/db_funqx.d.C'.
  Trying pattern rule with stem `db_funqx.d'.
  Trying implicit prerequisite `.intermediate/src_fps/db_funqx.d.cpp'.
  Trying pattern rule with stem `db_funqx.d'.
  Trying implicit prerequisite `.intermediate/src_fps/db_funqx.d.p'.
  Trying pattern rule with stem `db_funqx.d'.
  Trying implicit prerequisite `.intermediate/src_fps/db_funqx.d.f'.
  Trying pattern rule with stem `db_funqx.d'.
  Trying implicit prerequisite `.intermediate/src_fps/db_funqx.d.F'.
  Trying pattern rule with stem `db_funqx.d'.
  Trying implicit prerequisite `.intermediate/src_fps/db_funqx.d.r'.
  Trying pattern rule with stem `db_funqx.d'.
  Trying implicit prerequisite `.intermediate/src_fps/db_funqx.d.s'.
  Trying pattern rule with stem `db_funqx.d'.
  Trying implicit prerequisite `.intermediate/src_fps/db_funqx.d.S'.
  Trying pattern rule with stem `db_funqx.d'.
  Trying implicit prerequisite `.intermediate/src_fps/db_funqx.d.mod'.
  Trying pattern rule with stem `db_funqx.d'.
  Trying implicit prerequisite `.intermediate/src_fps/db_funqx.d.sh'.
  Trying pattern rule with stem `db_funqx.d'.
  Trying implicit prerequisite `.intermediate/src_fps/db_funqx.d,v'.
  Trying pattern rule with stem `db_funqx.d'.
  Trying implicit prerequisite `.intermediate/src_fps/RCS/db_funqx.d,v'.
  Trying pattern rule with stem `db_funqx.d'.
  Trying implicit prerequisite `.intermediate/src_fps/RCS/db_funqx.d'.
  Trying pattern rule with stem `db_funqx.d'.
  Trying implicit prerequisite `.intermediate/src_fps/s.db_funqx.d'.
  Trying pattern rule with stem `db_funqx.d'.
  Trying implicit prerequisite `.intermediate/src_fps/SCCS/s.db_funqx.d'.
  Trying pattern rule with stem `db_funqx.d'.
  Trying implicit prerequisite `.intermediate/src_fps/db_funqx.d.o'.
  Looking for a rule with intermediate file `.intermediate/src_fps/db_funqx.d.o'.
   Avoiding implicit rule recursion.
   Trying pattern rule with stem `db_funqx.d'.
   Trying implicit prerequisite `src/db_funqx.d.c'.
   Trying pattern rule with stem `db_funqx.d'.
   Trying implicit prerequisite `src/db_funqx.d.cpp'.
   Trying pattern rule with stem `db_funqx.d'.
   Trying implicit prerequisite `.intermediate/src_fps/db_funqx.d.c'.
   Trying pattern rule with stem `db_funqx.d'.
   Trying implicit prerequisite `.intermediate/src_fps/db_funqx.d.cc'.
   Trying pattern rule with stem `db_funqx.d'.
   Trying implicit prerequisite `.intermediate/src_fps/db_funqx.d.C'.
   Trying pattern rule with stem `db_funqx.d'.
   Trying implicit prerequisite `.intermediate/src_fps/db_funqx.d.cpp'.
   Trying pattern rule with stem `db_funqx.d'.
   Trying implicit prerequisite `.intermediate/src_fps/db_funqx.d.p'.
   Trying pattern rule with stem `db_funqx.d'.
   Trying implicit prerequisite `.intermediate/src_fps/db_funqx.d.f'.
   Trying pattern rule with stem `db_funqx.d'.
   Trying implicit prerequisite `.intermediate/src_fps/db_funqx.d.F'.
   Trying pattern rule with stem `db_funqx.d'.
   Trying implicit prerequisite `.intermediate/src_fps/db_funqx.d.r'.
   Trying pattern rule with stem `db_funqx.d'.
   Trying implicit prerequisite `.intermediate/src_fps/db_funqx.d.s'.
   Trying pattern rule with stem `db_funqx.d'.
   Trying implicit prerequisite `.intermediate/src_fps/db_funqx.d.S'.
   Trying pattern rule with stem `db_funqx.d'.
   Trying implicit prerequisite `.intermediate/src_fps/db_funqx.d.mod'.
   Trying pattern rule with stem `db_funqx.d.o'.
   Trying implicit prerequisite `.intermediate/src_fps/db_funqx.d.o,v'.
   Trying pattern rule with stem `db_funqx.d.o'.
   Trying implicit prerequisite `.intermediate/src_fps/RCS/db_funqx.d.o,v'.
   Trying pattern rule with stem `db_funqx.d.o'.
   Trying implicit prerequisite `.intermediate/src_fps/RCS/db_funqx.d.o'.
   Trying pattern rule with stem `db_funqx.d.o'.
   Trying implicit prerequisite `.intermediate/src_fps/s.db_funqx.d.o'.
   Trying pattern rule with stem `db_funqx.d.o'.
   Trying implicit prerequisite `.intermediate/src_fps/SCCS/s.db_funqx.d.o'.
   Trying pattern rule with stem `db_funqx.d'.
   Trying implicit prerequisite `src/db_funqx.d.c'.
   Looking for a rule with intermediate file `src/db_funqx.d.c'.
    Avoiding implicit rule recursion.
    Avoiding implicit rule recursion.
    Trying pattern rule with stem `db_funqx.d'.
    Trying implicit prerequisite `src/db_funqx.d.y'.
    Trying pattern rule with stem `db_funqx.d'.
    Trying implicit prerequisite `src/db_funqx.d.l'.
    Trying pattern rule with stem `db_funqx.d'.
    Trying implicit prerequisite `src/db_funqx.d.w'.
    Trying pattern rule with stem `db_funqx.d'.
    Trying implicit prerequisite `src/db_funqx.d.w'.
    Trying pattern rule with stem `db_funqx.d.c'.
    Trying implicit prerequisite `src/db_funqx.d.c,v'.
    Trying pattern rule with stem `db_funqx.d.c'.
    Trying implicit prerequisite `src/RCS/db_funqx.d.c,v'.
    Trying pattern rule with stem `db_funqx.d.c'.
    Trying implicit prerequisite `src/RCS/db_funqx.d.c'.
    Trying pattern rule with stem `db_funqx.d.c'.
    Trying implicit prerequisite `src/s.db_funqx.d.c'.
    Trying pattern rule with stem `db_funqx.d.c'.
    Trying implicit prerequisite `src/SCCS/s.db_funqx.d.c'.
    Trying pattern rule with stem `db_funqx.d'.
    Trying implicit prerequisite `src/db_funqx.d.y'.
    Looking for a rule with intermediate file `src/db_funqx.d.y'.
     Avoiding implicit rule recursion.
     Avoiding implicit rule recursion.
     Avoiding implicit rule recursion.
     Trying pattern rule with stem `db_funqx.d.y'.
     Trying implicit prerequisite `src/db_funqx.d.y,v'.
     Trying pattern rule with stem `db_funqx.d.y'.
     Trying implicit prerequisite `src/RCS/db_funqx.d.y,v'.
     Trying pattern rule with stem `db_funqx.d.y'.
     Trying implicit prerequisite `src/RCS/db_funqx.d.y'.
     Trying pattern rule with stem `db_funqx.d.y'.
     Trying implicit prerequisite `src/s.db_funqx.d.y'.
     Trying pattern rule with stem `db_funqx.d.y'.
     Trying implicit prerequisite `src/SCCS/s.db_funqx.d.y'.
    Trying pattern rule with stem `db_funqx.d'.
    Trying implicit prerequisite `src/db_funqx.d.l'.
    Looking for a rule with intermediate file `src/db_funqx.d.l'.
     Avoiding implicit rule recursion.
     Avoiding implicit rule recursion.
     Avoiding implicit rule recursion.
     Trying pattern rule with stem `db_funqx.d.l'.
     Trying implicit prerequisite `src/db_funqx.d.l,v'.
     Trying pattern rule with stem `db_funqx.d.l'.
     Trying implicit prerequisite `src/RCS/db_funqx.d.l,v'.
     Trying pattern rule with stem `db_funqx.d.l'.
     Trying implicit prerequisite `src/RCS/db_funqx.d.l'.
     Trying pattern rule with stem `db_funqx.d.l'.
     Trying implicit prerequisite `src/s.db_funqx.d.l'.
     Trying pattern rule with stem `db_funqx.d.l'.
     Trying implicit prerequisite `src/SCCS/s.db_funqx.d.l'.
    Trying pattern rule with stem `db_funqx.d'.
    Trying implicit prerequisite `src/db_funqx.d.w'.
    Looking for a rule with intermediate file `src/db_funqx.d.w'.
     Avoiding implicit rule recursion.
     Avoiding implicit rule recursion.
     Avoiding implicit rule recursion.
     Trying pattern rule with stem `db_funqx.d.w'.
     Trying implicit prerequisite `src/db_funqx.d.w,v'.
     Trying pattern rule with stem `db_funqx.d.w'.
     Trying implicit prerequisite `src/RCS/db_funqx.d.w,v'.
     Trying pattern rule with stem `db_funqx.d.w'.
     Trying implicit prerequisite `src/RCS/db_funqx.d.w'.
     Trying pattern rule with stem `db_funqx.d.w'.
     Trying implicit prerequisite `src/s.db_funqx.d.w'.
     Trying pattern rule with stem `db_funqx.d.w'.
     Trying implicit prerequisite `src/SCCS/s.db_funqx.d.w'.
    Trying pattern rule with stem `db_funqx.d'.
    Rejecting impossible implicit prerequisite `src/db_funqx.d.w'.
   Trying pattern rule with stem `db_funqx.d'.
   Trying implicit prerequisite `src/db_funqx.d.cpp'.
   Looking for a rule with intermediate file `src/db_funqx.d.cpp'.
    Avoiding implicit rule recursion.
    Avoiding implicit rule recursion.
    Trying pattern rule with stem `db_funqx.d.cpp'.
    Trying implicit prerequisite `src/db_funqx.d.cpp,v'.
    Trying pattern rule with stem `db_funqx.d.cpp'.
    Trying implicit prerequisite `src/RCS/db_funqx.d.cpp,v'.
    Trying pattern rule with stem `db_funqx.d.cpp'.
    Trying implicit prerequisite `src/RCS/db_funqx.d.cpp'.
    Trying pattern rule with stem `db_funqx.d.cpp'.
    Trying implicit prerequisite `src/s.db_funqx.d.cpp'.
    Trying pattern rule with stem `db_funqx.d.cpp'.
    Trying implicit prerequisite `src/SCCS/s.db_funqx.d.cpp'.
   Trying pattern rule with stem `db_funqx.d'.
   Trying implicit prerequisite `.intermediate/src_fps/db_funqx.d.c'.
   Looking for a rule with intermediate file `.intermediate/src_fps/db_funqx.d.c'.
    Avoiding implicit rule recursion.
    Avoiding implicit rule recursion.
    Trying pattern rule with stem `db_funqx.d'.
    Trying implicit prerequisite `.intermediate/src_fps/db_funqx.d.y'.
    Trying pattern rule with stem `db_funqx.d'.
    Trying implicit prerequisite `.intermediate/src_fps/db_funqx.d.l'.
    Trying pattern rule with stem `db_funqx.d'.
    Trying implicit prerequisite `.intermediate/src_fps/db_funqx.d.w'.
    Trying pattern rule with stem `db_funqx.d'.
    Trying implicit prerequisite `.intermediate/src_fps/db_funqx.d.w'.
    Trying pattern rule with stem `db_funqx.d.c'.
    Trying implicit prerequisite `.intermediate/src_fps/db_funqx.d.c,v'.
    Trying pattern rule with stem `db_funqx.d.c'.
    Trying implicit prerequisite `.intermediate/src_fps/RCS/db_funqx.d.c,v'.
    Trying pattern rule with stem `db_funqx.d.c'.
    Trying implicit prerequisite `.intermediate/src_fps/RCS/db_funqx.d.c'.
    Trying pattern rule with stem `db_funqx.d.c'.
    Trying implicit prerequisite `.intermediate/src_fps/s.db_funqx.d.c'.
    Trying pattern rule with stem `db_funqx.d.c'.
    Trying implicit prerequisite `.intermediate/src_fps/SCCS/s.db_funqx.d.c'.
    Trying pattern rule with stem `db_funqx.d'.
    Trying implicit prerequisite `.intermediate/src_fps/db_funqx.d.y'.
    Looking for a rule with intermediate file `.intermediate/src_fps/db_funqx.d.y'.
     Avoiding implicit rule recursion.
     Avoiding implicit rule recursion.
     Avoiding implicit rule recursion.
     Trying pattern rule with stem `db_funqx.d.y'.
     Trying implicit prerequisite `.intermediate/src_fps/db_funqx.d.y,v'.
     Trying pattern rule with stem `db_funqx.d.y'.
     Trying implicit prerequisite `.intermediate/src_fps/RCS/db_funqx.d.y,v'.
     Trying pattern rule with stem `db_funqx.d.y'.
     Trying implicit prerequisite `.intermediate/src_fps/RCS/db_funqx.d.y'.
     Trying pattern rule with stem `db_funqx.d.y'.
     Trying implicit prerequisite `.intermediate/src_fps/s.db_funqx.d.y'.
     Trying pattern rule with stem `db_funqx.d.y'.
     Trying implicit prerequisite `.intermediate/src_fps/SCCS/s.db_funqx.d.y'.
    Trying pattern rule with stem `db_funqx.d'.
    Trying implicit prerequisite `.intermediate/src_fps/db_funqx.d.l'.
    Looking for a rule with intermediate file `.intermediate/src_fps/db_funqx.d.l'.
     Avoiding implicit rule recursion.
     Avoiding implicit rule recursion.
     Avoiding implicit rule recursion.
     Trying pattern rule with stem `db_funqx.d.l'.
     Trying implicit prerequisite `.intermediate/src_fps/db_funqx.d.l,v'.
     Trying pattern rule with stem `db_funqx.d.l'.
     Trying implicit prerequisite `.intermediate/src_fps/RCS/db_funqx.d.l,v'.
     Trying pattern rule with stem `db_funqx.d.l'.
     Trying implicit prerequisite `.intermediate/src_fps/RCS/db_funqx.d.l'.
     Trying pattern rule with stem `db_funqx.d.l'.
     Trying implicit prerequisite `.intermediate/src_fps/s.db_funqx.d.l'.
     Trying pattern rule with stem `db_funqx.d.l'.
     Trying implicit prerequisite `.intermediate/src_fps/SCCS/s.db_funqx.d.l'.
    Trying pattern rule with stem `db_funqx.d'.
    Trying implicit prerequisite `.intermediate/src_fps/db_funqx.d.w'.
    Looking for a rule with intermediate file `.intermediate/src_fps/db_funqx.d.w'.
     Avoiding implicit rule recursion.
     Avoiding implicit rule recursion.
     Avoiding implicit rule recursion.
     Trying pattern rule with stem `db_funqx.d.w'.
     Trying implicit prerequisite `.intermediate/src_fps/db_funqx.d.w,v'.
     Trying pattern rule with stem `db_funqx.d.w'.
     Trying implicit prerequisite `.intermediate/src_fps/RCS/db_funqx.d.w,v'.
     Trying pattern rule with stem `db_funqx.d.w'.
     Trying implicit prerequisite `.intermediate/src_fps/RCS/db_funqx.d.w'.
     Trying pattern rule with stem `db_funqx.d.w'.
     Trying implicit prerequisite `.intermediate/src_fps/s.db_funqx.d.w'.
     Trying pattern rule with stem `db_funqx.d.w'.
     Trying implicit prerequisite `.intermediate/src_fps/SCCS/s.db_funqx.d.w'.
    Trying pattern rule with stem `db_funqx.d'.
    Rejecting impossible implicit prerequisite `.intermediate/src_fps/db_funqx.d.w'.
   Trying pattern rule with stem `db_funqx.d'.
   Trying implicit prerequisite `.intermediate/src_fps/db_funqx.d.cc'.
   Looking for a rule with intermediate file `.intermediate/src_fps/db_funqx.d.cc'.
    Avoiding implicit rule recursion.
    Avoiding implicit rule recursion.
    Trying pattern rule with stem `db_funqx.d.cc'.
    Trying implicit prerequisite `.intermediate/src_fps/db_funqx.d.cc,v'.
    Trying pattern rule with stem `db_funqx.d.cc'.
    Trying implicit prerequisite `.intermediate/src_fps/RCS/db_funqx.d.cc,v'.
    Trying pattern rule with stem `db_funqx.d.cc'.
    Trying implicit prerequisite `.intermediate/src_fps/RCS/db_funqx.d.cc'.
    Trying pattern rule with stem `db_funqx.d.cc'.
    Trying implicit prerequisite `.intermediate/src_fps/s.db_funqx.d.cc'.
    Trying pattern rule with stem `db_funqx.d.cc'.
    Trying implicit prerequisite `.intermediate/src_fps/SCCS/s.db_funqx.d.cc'.
   Trying pattern rule with stem `db_funqx.d'.
   Trying implicit prerequisite `.intermediate/src_fps/db_funqx.d.C'.
   Looking for a rule with intermediate file `.intermediate/src_fps/db_funqx.d.C'.
    Avoiding implicit rule recursion.
    Avoiding implicit rule recursion.
    Trying pattern rule with stem `db_funqx.d.C'.
    Trying implicit prerequisite `.intermediate/src_fps/db_funqx.d.C,v'.
    Trying pattern rule with stem `db_funqx.d.C'.
    Trying implicit prerequisite `.intermediate/src_fps/RCS/db_funqx.d.C,v'.
    Trying pattern rule with stem `db_funqx.d.C'.
    Trying implicit prerequisite `.intermediate/src_fps/RCS/db_funqx.d.C'.
    Trying pattern rule with stem `db_funqx.d.C'.
    Trying implicit prerequisite `.intermediate/src_fps/s.db_funqx.d.C'.
    Trying pattern rule with stem `db_funqx.d.C'.
    Trying implicit prerequisite `.intermediate/src_fps/SCCS/s.db_funqx.d.C'.
   Trying pattern rule with stem `db_funqx.d'.
   Trying implicit prerequisite `.intermediate/src_fps/db_funqx.d.cpp'.
   Looking for a rule with intermediate file `.intermediate/src_fps/db_funqx.d.cpp'.
    Avoiding implicit rule recursion.
    Avoiding implicit rule recursion.
    Trying pattern rule with stem `db_funqx.d.cpp'.
    Trying implicit prerequisite `.intermediate/src_fps/db_funqx.d.cpp,v'.
    Trying pattern rule with stem `db_funqx.d.cpp'.
    Trying implicit prerequisite `.intermediate/src_fps/RCS/db_funqx.d.cpp,v'.
    Trying pattern rule with stem `db_funqx.d.cpp'.
    Trying implicit prerequisite `.intermediate/src_fps/RCS/db_funqx.d.cpp'.
    Trying pattern rule with stem `db_funqx.d.cpp'.
    Trying implicit prerequisite `.intermediate/src_fps/s.db_funqx.d.cpp'.
    Trying pattern rule with stem `db_funqx.d.cpp'.
    Trying implicit prerequisite `.intermediate/src_fps/SCCS/s.db_funqx.d.cpp'.
   Trying pattern rule with stem `db_funqx.d'.
   Trying implicit prerequisite `.intermediate/src_fps/db_funqx.d.p'.
   Looking for a rule with intermediate file `.intermediate/src_fps/db_funqx.d.p'.
    Avoiding implicit rule recursion.
    Avoiding implicit rule recursion.
    Trying pattern rule with stem `db_funqx.d'.
    Trying implicit prerequisite `.intermediate/src_fps/db_funqx.d.web'.
    Trying pattern rule with stem `db_funqx.d.p'.
    Trying implicit prerequisite `.intermediate/src_fps/db_funqx.d.p,v'.
    Trying pattern rule with stem `db_funqx.d.p'.
    Trying implicit prerequisite `.intermediate/src_fps/RCS/db_funqx.d.p,v'.
    Trying pattern rule with stem `db_funqx.d.p'.
    Trying implicit prerequisite `.intermediate/src_fps/RCS/db_funqx.d.p'.
    Trying pattern rule with stem `db_funqx.d.p'.
    Trying implicit prerequisite `.intermediate/src_fps/s.db_funqx.d.p'.
    Trying pattern rule with stem `db_funqx.d.p'.
    Trying implicit prerequisite `.intermediate/src_fps/SCCS/s.db_funqx.d.p'.
    Trying pattern rule with stem `db_funqx.d'.
    Trying implicit prerequisite `.intermediate/src_fps/db_funqx.d.web'.
    Looking for a rule with intermediate file `.intermediate/src_fps/db_funqx.d.web'.
     Avoiding implicit rule recursion.
     Avoiding implicit rule recursion.
     Avoiding implicit rule recursion.
     Trying pattern rule with stem `db_funqx.d.web'.
     Trying implicit prerequisite `.intermediate/src_fps/db_funqx.d.web,v'.
     Trying pattern rule with stem `db_funqx.d.web'.
     Trying implicit prerequisite `.intermediate/src_fps/RCS/db_funqx.d.web,v'.
     Trying pattern rule with stem `db_funqx.d.web'.
     Trying implicit prerequisite `.intermediate/src_fps/RCS/db_funqx.d.web'.
     Trying pattern rule with stem `db_funqx.d.web'.
     Trying implicit prerequisite `.intermediate/src_fps/s.db_funqx.d.web'.
     Trying pattern rule with stem `db_funqx.d.web'.
     Trying implicit prerequisite `.intermediate/src_fps/SCCS/s.db_funqx.d.web'.
   Trying pattern rule with stem `db_funqx.d'.
   Trying implicit prerequisite `.intermediate/src_fps/db_funqx.d.f'.
   Looking for a rule with intermediate file `.intermediate/src_fps/db_funqx.d.f'.
    Avoiding implicit rule recursion.
    Avoiding implicit rule recursion.
    Trying pattern rule with stem `db_funqx.d'.
    Trying implicit prerequisite `.intermediate/src_fps/db_funqx.d.F'.
    Trying pattern rule with stem `db_funqx.d'.
    Trying implicit prerequisite `.intermediate/src_fps/db_funqx.d.r'.
    Trying pattern rule with stem `db_funqx.d.f'.
    Trying implicit prerequisite `.intermediate/src_fps/db_funqx.d.f,v'.
    Trying pattern rule with stem `db_funqx.d.f'.
    Trying implicit prerequisite `.intermediate/src_fps/RCS/db_funqx.d.f,v'.
    Trying pattern rule with stem `db_funqx.d.f'.
    Trying implicit prerequisite `.intermediate/src_fps/RCS/db_funqx.d.f'.
    Trying pattern rule with stem `db_funqx.d.f'.
    Trying implicit prerequisite `.intermediate/src_fps/s.db_funqx.d.f'.
    Trying pattern rule with stem `db_funqx.d.f'.
    Trying implicit prerequisite `.intermediate/src_fps/SCCS/s.db_funqx.d.f'.
    Trying pattern rule with stem `db_funqx.d'.
    Trying implicit prerequisite `.intermediate/src_fps/db_funqx.d.F'.
    Looking for a rule with intermediate file `.intermediate/src_fps/db_funqx.d.F'.
     Avoiding implicit rule recursion.
     Avoiding implicit rule recursion.
     Avoiding implicit rule recursion.
     Trying pattern rule with stem `db_funqx.d.F'.
     Trying implicit prerequisite `.intermediate/src_fps/db_funqx.d.F,v'.
     Trying pattern rule with stem `db_funqx.d.F'.
     Trying implicit prerequisite `.intermediate/src_fps/RCS/db_funqx.d.F,v'.
     Trying pattern rule with stem `db_funqx.d.F'.
     Trying implicit prerequisite `.intermediate/src_fps/RCS/db_funqx.d.F'.
     Trying pattern rule with stem `db_funqx.d.F'.
     Trying implicit prerequisite `.intermediate/src_fps/s.db_funqx.d.F'.
     Trying pattern rule with stem `db_funqx.d.F'.
     Trying implicit prerequisite `.intermediate/src_fps/SCCS/s.db_funqx.d.F'.
    Trying pattern rule with stem `db_funqx.d'.
    Trying implicit prerequisite `.intermediate/src_fps/db_funqx.d.r'.
    Looking for a rule with intermediate file `.intermediate/src_fps/db_funqx.d.r'.
     Avoiding implicit rule recursion.
     Avoiding implicit rule recursion.
     Avoiding implicit rule recursion.
     Trying pattern rule with stem `db_funqx.d'.
     Rejecting impossible implicit prerequisite `.intermediate/src_fps/db_funqx.d.l'.
     Trying pattern rule with stem `db_funqx.d.r'.
     Trying implicit prerequisite `.intermediate/src_fps/db_funqx.d.r,v'.
     Trying pattern rule with stem `db_funqx.d.r'.
     Trying implicit prerequisite `.intermediate/src_fps/RCS/db_funqx.d.r,v'.
     Trying pattern rule with stem `db_funqx.d.r'.
     Trying implicit prerequisite `.intermediate/src_fps/RCS/db_funqx.d.r'.
     Trying pattern rule with stem `db_funqx.d.r'.
     Trying implicit prerequisite `.intermediate/src_fps/s.db_funqx.d.r'.
     Trying pattern rule with stem `db_funqx.d.r'.
     Trying implicit prerequisite `.intermediate/src_fps/SCCS/s.db_funqx.d.r'.
   Trying pattern rule with stem `db_funqx.d'.
   Rejecting impossible implicit prerequisite `.intermediate/src_fps/db_funqx.d.F'.
   Trying pattern rule with stem `db_funqx.d'.
   Rejecting impossible implicit prerequisite `.intermediate/src_fps/db_funqx.d.r'.
   Trying pattern rule with stem `db_funqx.d'.
   Trying implicit prerequisite `.intermediate/src_fps/db_funqx.d.s'.
   Looking for a rule with intermediate file `.intermediate/src_fps/db_funqx.d.s'.
    Avoiding implicit rule recursion.
    Avoiding implicit rule recursion.
    Trying pattern rule with stem `db_funqx.d'.
    Trying implicit prerequisite `.intermediate/src_fps/db_funqx.d.S'.
    Trying pattern rule with stem `db_funqx.d.s'.
    Trying implicit prerequisite `.intermediate/src_fps/db_funqx.d.s,v'.
    Trying pattern rule with stem `db_funqx.d.s'.
    Trying implicit prerequisite `.intermediate/src_fps/RCS/db_funqx.d.s,v'.
    Trying pattern rule with stem `db_funqx.d.s'.
    Trying implicit prerequisite `.intermediate/src_fps/RCS/db_funqx.d.s'.
    Trying pattern rule with stem `db_funqx.d.s'.
    Trying implicit prerequisite `.intermediate/src_fps/s.db_funqx.d.s'.
    Trying pattern rule with stem `db_funqx.d.s'.
    Trying implicit prerequisite `.intermediate/src_fps/SCCS/s.db_funqx.d.s'.
    Trying pattern rule with stem `db_funqx.d'.
    Trying implicit prerequisite `.intermediate/src_fps/db_funqx.d.S'.
    Looking for a rule with intermediate file `.intermediate/src_fps/db_funqx.d.S'.
     Avoiding implicit rule recursion.
     Avoiding implicit rule recursion.
     Avoiding implicit rule recursion.
     Trying pattern rule with stem `db_funqx.d.S'.
     Trying implicit prerequisite `.intermediate/src_fps/db_funqx.d.S,v'.
     Trying pattern rule with stem `db_funqx.d.S'.
     Trying implicit prerequisite `.intermediate/src_fps/RCS/db_funqx.d.S,v'.
     Trying pattern rule with stem `db_funqx.d.S'.
     Trying implicit prerequisite `.intermediate/src_fps/RCS/db_funqx.d.S'.
     Trying pattern rule with stem `db_funqx.d.S'.
     Trying implicit prerequisite `.intermediate/src_fps/s.db_funqx.d.S'.
     Trying pattern rule with stem `db_funqx.d.S'.
     Trying implicit prerequisite `.intermediate/src_fps/SCCS/s.db_funqx.d.S'.
   Trying pattern rule with stem `db_funqx.d'.
   Rejecting impossible implicit prerequisite `.intermediate/src_fps/db_funqx.d.S'.
   Trying pattern rule with stem `db_funqx.d'.
   Trying implicit prerequisite `.intermediate/src_fps/db_funqx.d.mod'.
   Looking for a rule with intermediate file `.intermediate/src_fps/db_funqx.d.mod'.
    Avoiding implicit rule recursion.
    Avoiding implicit rule recursion.
    Trying pattern rule with stem `db_funqx.d.mod'.
    Trying implicit prerequisite `.intermediate/src_fps/db_funqx.d.mod,v'.
    Trying pattern rule with stem `db_funqx.d.mod'.
    Trying implicit prerequisite `.intermediate/src_fps/RCS/db_funqx.d.mod,v'.
    Trying pattern rule with stem `db_funqx.d.mod'.
    Trying implicit prerequisite `.intermediate/src_fps/RCS/db_funqx.d.mod'.
    Trying pattern rule with stem `db_funqx.d.mod'.
    Trying implicit prerequisite `.intermediate/src_fps/s.db_funqx.d.mod'.
    Trying pattern rule with stem `db_funqx.d.mod'.
    Trying implicit prerequisite `.intermediate/src_fps/SCCS/s.db_funqx.d.mod'.
  Trying pattern rule with stem `db_funqx.d'.
  Rejecting impossible implicit prerequisite `.intermediate/src_fps/db_funqx.d.c'.
  Trying pattern rule with stem `db_funqx.d'.
  Rejecting impossible implicit prerequisite `.intermediate/src_fps/db_funqx.d.cc'.
  Trying pattern rule with stem `db_funqx.d'.
  Rejecting impossible implicit prerequisite `.intermediate/src_fps/db_funqx.d.C'.
  Trying pattern rule with stem `db_funqx.d'.
  Rejecting impossible implicit prerequisite `.intermediate/src_fps/db_funqx.d.cpp'.
  Trying pattern rule with stem `db_funqx.d'.
  Rejecting impossible implicit prerequisite `.intermediate/src_fps/db_funqx.d.p'.
  Trying pattern rule with stem `db_funqx.d'.
  Rejecting impossible implicit prerequisite `.intermediate/src_fps/db_funqx.d.f'.
  Trying pattern rule with stem `db_funqx.d'.
  Rejecting impossible implicit prerequisite `.intermediate/src_fps/db_funqx.d.F'.
  Trying pattern rule with stem `db_funqx.d'.
  Rejecting impossible implicit prerequisite `.intermediate/src_fps/db_funqx.d.r'.
  Trying pattern rule with stem `db_funqx.d'.
  Rejecting impossible implicit prerequisite `.intermediate/src_fps/db_funqx.d.s'.
  Trying pattern rule with stem `db_funqx.d'.
  Rejecting impossible implicit prerequisite `.intermediate/src_fps/db_funqx.d.S'.
  Trying pattern rule with stem `db_funqx.d'.
  Rejecting impossible implicit prerequisite `.intermediate/src_fps/db_funqx.d.mod'.
  Trying pattern rule with stem `db_funqx.d'.
  Trying implicit prerequisite `.intermediate/src_fps/db_funqx.d.sh'.
  Looking for a rule with intermediate file `.intermediate/src_fps/db_funqx.d.sh'.
   Avoiding implicit rule recursion.
   Trying pattern rule with stem `db_funqx.d.sh'.
   Trying implicit prerequisite `.intermediate/src_fps/db_funqx.d.sh,v'.
   Trying pattern rule with stem `db_funqx.d.sh'.
   Trying implicit prerequisite `.intermediate/src_fps/RCS/db_funqx.d.sh,v'.
   Trying pattern rule with stem `db_funqx.d.sh'.
   Trying implicit prerequisite `.intermediate/src_fps/RCS/db_funqx.d.sh'.
   Trying pattern rule with stem `db_funqx.d.sh'.
   Trying implicit prerequisite `.intermediate/src_fps/s.db_funqx.d.sh'.
   Trying pattern rule with stem `db_funqx.d.sh'.
   Trying implicit prerequisite `.intermediate/src_fps/SCCS/s.db_funqx.d.sh'.
  No implicit rule found for `.intermediate/src_fps/db_funqx.d'.
  Finished prerequisites of target file `.intermediate/src_fps/db_funqx.d'.
 Must remake target `.intermediate/src_fps/db_funqx.d'.
 Failed to remake target file `.intermediate/src_fps/db_funqx.d'.
 Considering target file `.intermediate/src_fps/dbfrqx.d'.
  File `.intermediate/src_fps/dbfrqx.d' does not exist.
  Looking for an implicit rule for `.intermediate/src_fps/dbfrqx.d'.
  Trying pattern rule with stem `dbfrqx.d'.
  Trying implicit prerequisite `.intermediate/src_fps/dbfrqx.d.o'.
  Trying pattern rule with stem `dbfrqx.d'.
  Trying implicit prerequisite `.intermediate/src_fps/dbfrqx.d.c'.
  Trying pattern rule with stem `dbfrqx.d'.
  Trying implicit prerequisite `.intermediate/src_fps/dbfrqx.d.cc'.
  Trying pattern rule with stem `dbfrqx.d'.
  Trying implicit prerequisite `.intermediate/src_fps/dbfrqx.d.C'.
  Trying pattern rule with stem `dbfrqx.d'.
  Trying implicit prerequisite `.intermediate/src_fps/dbfrqx.d.cpp'.
  Trying pattern rule with stem `dbfrqx.d'.
  Trying implicit prerequisite `.intermediate/src_fps/dbfrqx.d.p'.
  Trying pattern rule with stem `dbfrqx.d'.
  Trying implicit prerequisite `.intermediate/src_fps/dbfrqx.d.f'.
  Trying pattern rule with stem `dbfrqx.d'.
  Trying implicit prerequisite `.intermediate/src_fps/dbfrqx.d.F'.
  Trying pattern rule with stem `dbfrqx.d'.
  Trying implicit prerequisite `.intermediate/src_fps/dbfrqx.d.r'.
  Trying pattern rule with stem `dbfrqx.d'.
  Trying implicit prerequisite `.intermediate/src_fps/dbfrqx.d.s'.
  Trying pattern rule with stem `dbfrqx.d'.
  Trying implicit prerequisite `.intermediate/src_fps/dbfrqx.d.S'.
  Trying pattern rule with stem `dbfrqx.d'.
  Trying implicit prerequisite `.intermediate/src_fps/dbfrqx.d.mod'.
  Trying pattern rule with stem `dbfrqx.d'.
  Trying implicit prerequisite `.intermediate/src_fps/dbfrqx.d.sh'.
  Trying pattern rule with stem `dbfrqx.d'.
  Trying implicit prerequisite `.intermediate/src_fps/dbfrqx.d,v'.
  Trying pattern rule with stem `dbfrqx.d'.
  Trying implicit prerequisite `.intermediate/src_fps/RCS/dbfrqx.d,v'.
  Trying pattern rule with stem `dbfrqx.d'.
  Trying implicit prerequisite `.intermediate/src_fps/RCS/dbfrqx.d'.
  Trying pattern rule with stem `dbfrqx.d'.
  Trying implicit prerequisite `.intermediate/src_fps/s.dbfrqx.d'.
  Trying pattern rule with stem `dbfrqx.d'.
  Trying implicit prerequisite `.intermediate/src_fps/SCCS/s.dbfrqx.d'.
  Trying pattern rule with stem `dbfrqx.d'.
  Trying implicit prerequisite `.intermediate/src_fps/dbfrqx.d.o'.
  Looking for a rule with intermediate file `.intermediate/src_fps/dbfrqx.d.o'.
   Avoiding implicit rule recursion.
   Trying pattern rule with stem `dbfrqx.d'.
   Trying implicit prerequisite `src/dbfrqx.d.c'.
   Trying pattern rule with stem `dbfrqx.d'.
   Trying implicit prerequisite `src/dbfrqx.d.cpp'.
   Trying pattern rule with stem `dbfrqx.d'.
   Trying implicit prerequisite `.intermediate/src_fps/dbfrqx.d.c'.
   Trying pattern rule with stem `dbfrqx.d'.
   Trying implicit prerequisite `.intermediate/src_fps/dbfrqx.d.cc'.
   Trying pattern rule with stem `dbfrqx.d'.
   Trying implicit prerequisite `.intermediate/src_fps/dbfrqx.d.C'.
   Trying pattern rule with stem `dbfrqx.d'.
   Trying implicit prerequisite `.intermediate/src_fps/dbfrqx.d.cpp'.
   Trying pattern rule with stem `dbfrqx.d'.
   Trying implicit prerequisite `.intermediate/src_fps/dbfrqx.d.p'.
   Trying pattern rule with stem `dbfrqx.d'.
   Trying implicit prerequisite `.intermediate/src_fps/dbfrqx.d.f'.
   Trying pattern rule with stem `dbfrqx.d'.
   Trying implicit prerequisite `.intermediate/src_fps/dbfrqx.d.F'.
   Trying pattern rule with stem `dbfrqx.d'.
   Trying implicit prerequisite `.intermediate/src_fps/dbfrqx.d.r'.
   Trying pattern rule with stem `dbfrqx.d'.
   Trying implicit prerequisite `.intermediate/src_fps/dbfrqx.d.s'.
   Trying pattern rule with stem `dbfrqx.d'.
   Trying implicit prerequisite `.intermediate/src_fps/dbfrqx.d.S'.
   Trying pattern rule with stem `dbfrqx.d'.
   Trying implicit prerequisite `.intermediate/src_fps/dbfrqx.d.mod'.
   Trying pattern rule with stem `dbfrqx.d.o'.
   Trying implicit prerequisite `.intermediate/src_fps/dbfrqx.d.o,v'.
   Trying pattern rule with stem `dbfrqx.d.o'.
   Trying implicit prerequisite `.intermediate/src_fps/RCS/dbfrqx.d.o,v'.
   Trying pattern rule with stem `dbfrqx.d.o'.
   Trying implicit prerequisite `.intermediate/src_fps/RCS/dbfrqx.d.o'.
   Trying pattern rule with stem `dbfrqx.d.o'.
   Trying implicit prerequisite `.intermediate/src_fps/s.dbfrqx.d.o'.
   Trying pattern rule with stem `dbfrqx.d.o'.
   Trying implicit prerequisite `.intermediate/src_fps/SCCS/s.dbfrqx.d.o'.
   Trying pattern rule with stem `dbfrqx.d'.
   Trying implicit prerequisite `src/dbfrqx.d.c'.
   Looking for a rule with intermediate file `src/dbfrqx.d.c'.
    Avoiding implicit rule recursion.
    Avoiding implicit rule recursion.
    Trying pattern rule with stem `dbfrqx.d'.
    Trying implicit prerequisite `src/dbfrqx.d.y'.
    Trying pattern rule with stem `dbfrqx.d'.
    Trying implicit prerequisite `src/dbfrqx.d.l'.
    Trying pattern rule with stem `dbfrqx.d'.
    Trying implicit prerequisite `src/dbfrqx.d.w'.
    Trying pattern rule with stem `dbfrqx.d'.
    Trying implicit prerequisite `src/dbfrqx.d.w'.
    Trying pattern rule with stem `dbfrqx.d.c'.
    Trying implicit prerequisite `src/dbfrqx.d.c,v'.
    Trying pattern rule with stem `dbfrqx.d.c'.
    Trying implicit prerequisite `src/RCS/dbfrqx.d.c,v'.
    Trying pattern rule with stem `dbfrqx.d.c'.
    Trying implicit prerequisite `src/RCS/dbfrqx.d.c'.
    Trying pattern rule with stem `dbfrqx.d.c'.
    Trying implicit prerequisite `src/s.dbfrqx.d.c'.
    Trying pattern rule with stem `dbfrqx.d.c'.
    Trying implicit prerequisite `src/SCCS/s.dbfrqx.d.c'.
    Trying pattern rule with stem `dbfrqx.d'.
    Trying implicit prerequisite `src/dbfrqx.d.y'.
    Looking for a rule with intermediate file `src/dbfrqx.d.y'.
     Avoiding implicit rule recursion.
     Avoiding implicit rule recursion.
     Avoiding implicit rule recursion.
     Trying pattern rule with stem `dbfrqx.d.y'.
     Trying implicit prerequisite `src/dbfrqx.d.y,v'.
     Trying pattern rule with stem `dbfrqx.d.y'.
     Trying implicit prerequisite `src/RCS/dbfrqx.d.y,v'.
     Trying pattern rule with stem `dbfrqx.d.y'.
     Trying implicit prerequisite `src/RCS/dbfrqx.d.y'.
     Trying pattern rule with stem `dbfrqx.d.y'.
     Trying implicit prerequisite `src/s.dbfrqx.d.y'.
     Trying pattern rule with stem `dbfrqx.d.y'.
     Trying implicit prerequisite `src/SCCS/s.dbfrqx.d.y'.
    Trying pattern rule with stem `dbfrqx.d'.
    Trying implicit prerequisite `src/dbfrqx.d.l'.
    Looking for a rule with intermediate file `src/dbfrqx.d.l'.
     Avoiding implicit rule recursion.
     Avoiding implicit rule recursion.
     Avoiding implicit rule recursion.
     Trying pattern rule with stem `dbfrqx.d.l'.
     Trying implicit prerequisite `src/dbfrqx.d.l,v'.
     Trying pattern rule with stem `dbfrqx.d.l'.
     Trying implicit prerequisite `src/RCS/dbfrqx.d.l,v'.
     Trying pattern rule with stem `dbfrqx.d.l'.
     Trying implicit prerequisite `src/RCS/dbfrqx.d.l'.
     Trying pattern rule with stem `dbfrqx.d.l'.
     Trying implicit prerequisite `src/s.dbfrqx.d.l'.
     Trying pattern rule with stem `dbfrqx.d.l'.
     Trying implicit prerequisite `src/SCCS/s.dbfrqx.d.l'.
    Trying pattern rule with stem `dbfrqx.d'.
    Trying implicit prerequisite `src/dbfrqx.d.w'.
    Looking for a rule with intermediate file `src/dbfrqx.d.w'.
     Avoiding implicit rule recursion.
     Avoiding implicit rule recursion.
     Avoiding implicit rule recursion.
     Trying pattern rule with stem `dbfrqx.d.w'.
     Trying implicit prerequisite `src/dbfrqx.d.w,v'.
     Trying pattern rule with stem `dbfrqx.d.w'.
     Trying implicit prerequisite `src/RCS/dbfrqx.d.w,v'.
     Trying pattern rule with stem `dbfrqx.d.w'.
     Trying implicit prerequisite `src/RCS/dbfrqx.d.w'.
     Trying pattern rule with stem `dbfrqx.d.w'.
     Trying implicit prerequisite `src/s.dbfrqx.d.w'.
     Trying pattern rule with stem `dbfrqx.d.w'.
     Trying implicit prerequisite `src/SCCS/s.dbfrqx.d.w'.
    Trying pattern rule with stem `dbfrqx.d'.
    Rejecting impossible implicit prerequisite `src/dbfrqx.d.w'.
   Trying pattern rule with stem `dbfrqx.d'.
   Trying implicit prerequisite `src/dbfrqx.d.cpp'.
   Looking for a rule with intermediate file `src/dbfrqx.d.cpp'.
    Avoiding implicit rule recursion.
    Avoiding implicit rule recursion.
    Trying pattern rule with stem `dbfrqx.d.cpp'.
    Trying implicit prerequisite `src/dbfrqx.d.cpp,v'.
    Trying pattern rule with stem `dbfrqx.d.cpp'.
    Trying implicit prerequisite `src/RCS/dbfrqx.d.cpp,v'.
    Trying pattern rule with stem `dbfrqx.d.cpp'.
    Trying implicit prerequisite `src/RCS/dbfrqx.d.cpp'.
    Trying pattern rule with stem `dbfrqx.d.cpp'.
    Trying implicit prerequisite `src/s.dbfrqx.d.cpp'.
    Trying pattern rule with stem `dbfrqx.d.cpp'.
    Trying implicit prerequisite `src/SCCS/s.dbfrqx.d.cpp'.
   Trying pattern rule with stem `dbfrqx.d'.
   Trying implicit prerequisite `.intermediate/src_fps/dbfrqx.d.c'.
   Looking for a rule with intermediate file `.intermediate/src_fps/dbfrqx.d.c'.
    Avoiding implicit rule recursion.
    Avoiding implicit rule recursion.
    Trying pattern rule with stem `dbfrqx.d'.
    Trying implicit prerequisite `.intermediate/src_fps/dbfrqx.d.y'.
    Trying pattern rule with stem `dbfrqx.d'.
    Trying implicit prerequisite `.intermediate/src_fps/dbfrqx.d.l'.
    Trying pattern rule with stem `dbfrqx.d'.
    Trying implicit prerequisite `.intermediate/src_fps/dbfrqx.d.w'.
    Trying pattern rule with stem `dbfrqx.d'.
    Trying implicit prerequisite `.intermediate/src_fps/dbfrqx.d.w'.
    Trying pattern rule with stem `dbfrqx.d.c'.
    Trying implicit prerequisite `.intermediate/src_fps/dbfrqx.d.c,v'.
    Trying pattern rule with stem `dbfrqx.d.c'.
    Trying implicit prerequisite `.intermediate/src_fps/RCS/dbfrqx.d.c,v'.
    Trying pattern rule with stem `dbfrqx.d.c'.
    Trying implicit prerequisite `.intermediate/src_fps/RCS/dbfrqx.d.c'.
    Trying pattern rule with stem `dbfrqx.d.c'.
    Trying implicit prerequisite `.intermediate/src_fps/s.dbfrqx.d.c'.
    Trying pattern rule with stem `dbfrqx.d.c'.
    Trying implicit prerequisite `.intermediate/src_fps/SCCS/s.dbfrqx.d.c'.
    Trying pattern rule with stem `dbfrqx.d'.
    Trying implicit prerequisite `.intermediate/src_fps/dbfrqx.d.y'.
    Looking for a rule with intermediate file `.intermediate/src_fps/dbfrqx.d.y'.
     Avoiding implicit rule recursion.
     Avoiding implicit rule recursion.
     Avoiding implicit rule recursion.
     Trying pattern rule with stem `dbfrqx.d.y'.
     Trying implicit prerequisite `.intermediate/src_fps/dbfrqx.d.y,v'.
     Trying pattern rule with stem `dbfrqx.d.y'.
     Trying implicit prerequisite `.intermediate/src_fps/RCS/dbfrqx.d.y,v'.
     Trying pattern rule with stem `dbfrqx.d.y'.
     Trying implicit prerequisite `.intermediate/src_fps/RCS/dbfrqx.d.y'.
     Trying pattern rule with stem `dbfrqx.d.y'.
     Trying implicit prerequisite `.intermediate/src_fps/s.dbfrqx.d.y'.
     Trying pattern rule with stem `dbfrqx.d.y'.
     Trying implicit prerequisite `.intermediate/src_fps/SCCS/s.dbfrqx.d.y'.
    Trying pattern rule with stem `dbfrqx.d'.
    Trying implicit prerequisite `.intermediate/src_fps/dbfrqx.d.l'.
    Looking for a rule with intermediate file `.intermediate/src_fps/dbfrqx.d.l'.
     Avoiding implicit rule recursion.
     Avoiding implicit rule recursion.
     Avoiding implicit rule recursion.
     Trying pattern rule with stem `dbfrqx.d.l'.
     Trying implicit prerequisite `.intermediate/src_fps/dbfrqx.d.l,v'.
     Trying pattern rule with stem `dbfrqx.d.l'.
     Trying implicit prerequisite `.intermediate/src_fps/RCS/dbfrqx.d.l,v'.
     Trying pattern rule with stem `dbfrqx.d.l'.
     Trying implicit prerequisite `.intermediate/src_fps/RCS/dbfrqx.d.l'.
     Trying pattern rule with stem `dbfrqx.d.l'.
     Trying implicit prerequisite `.intermediate/src_fps/s.dbfrqx.d.l'.
     Trying pattern rule with stem `dbfrqx.d.l'.
     Trying implicit prerequisite `.intermediate/src_fps/SCCS/s.dbfrqx.d.l'.
    Trying pattern rule with stem `dbfrqx.d'.
    Trying implicit prerequisite `.intermediate/src_fps/dbfrqx.d.w'.
    Looking for a rule with intermediate file `.intermediate/src_fps/dbfrqx.d.w'.
     Avoiding implicit rule recursion.
     Avoiding implicit rule recursion.
     Avoiding implicit rule recursion.
     Trying pattern rule with stem `dbfrqx.d.w'.
     Trying implicit prerequisite `.intermediate/src_fps/dbfrqx.d.w,v'.
     Trying pattern rule with stem `dbfrqx.d.w'.
     Trying implicit prerequisite `.intermediate/src_fps/RCS/dbfrqx.d.w,v'.
     Trying pattern rule with stem `dbfrqx.d.w'.
     Trying implicit prerequisite `.intermediate/src_fps/RCS/dbfrqx.d.w'.
     Trying pattern rule with stem `dbfrqx.d.w'.
     Trying implicit prerequisite `.intermediate/src_fps/s.dbfrqx.d.w'.
     Trying pattern rule with stem `dbfrqx.d.w'.
     Trying implicit prerequisite `.intermediate/src_fps/SCCS/s.dbfrqx.d.w'.
    Trying pattern rule with stem `dbfrqx.d'.
    Rejecting impossible implicit prerequisite `.intermediate/src_fps/dbfrqx.d.w'.
   Trying pattern rule with stem `dbfrqx.d'.
   Trying implicit prerequisite `.intermediate/src_fps/dbfrqx.d.cc'.
   Looking for a rule with intermediate file `.intermediate/src_fps/dbfrqx.d.cc'.
    Avoiding implicit rule recursion.
    Avoiding implicit rule recursion.
    Trying pattern rule with stem `dbfrqx.d.cc'.
    Trying implicit prerequisite `.intermediate/src_fps/dbfrqx.d.cc,v'.
    Trying pattern rule with stem `dbfrqx.d.cc'.
    Trying implicit prerequisite `.intermediate/src_fps/RCS/dbfrqx.d.cc,v'.
    Trying pattern rule with stem `dbfrqx.d.cc'.
    Trying implicit prerequisite `.intermediate/src_fps/RCS/dbfrqx.d.cc'.
    Trying pattern rule with stem `dbfrqx.d.cc'.
    Trying implicit prerequisite `.intermediate/src_fps/s.dbfrqx.d.cc'.
    Trying pattern rule with stem `dbfrqx.d.cc'.
    Trying implicit prerequisite `.intermediate/src_fps/SCCS/s.dbfrqx.d.cc'.
   Trying pattern rule with stem `dbfrqx.d'.
   Trying implicit prerequisite `.intermediate/src_fps/dbfrqx.d.C'.
   Looking for a rule with intermediate file `.intermediate/src_fps/dbfrqx.d.C'.
    Avoiding implicit rule recursion.
    Avoiding implicit rule recursion.
    Trying pattern rule with stem `dbfrqx.d.C'.
    Trying implicit prerequisite `.intermediate/src_fps/dbfrqx.d.C,v'.
    Trying pattern rule with stem `dbfrqx.d.C'.
    Trying implicit prerequisite `.intermediate/src_fps/RCS/dbfrqx.d.C,v'.
    Trying pattern rule with stem `dbfrqx.d.C'.
    Trying implicit prerequisite `.intermediate/src_fps/RCS/dbfrqx.d.C'.
    Trying pattern rule with stem `dbfrqx.d.C'.
    Trying implicit prerequisite `.intermediate/src_fps/s.dbfrqx.d.C'.
    Trying pattern rule with stem `dbfrqx.d.C'.
    Trying implicit prerequisite `.intermediate/src_fps/SCCS/s.dbfrqx.d.C'.
   Trying pattern rule with stem `dbfrqx.d'.
   Trying implicit prerequisite `.intermediate/src_fps/dbfrqx.d.cpp'.
   Looking for a rule with intermediate file `.intermediate/src_fps/dbfrqx.d.cpp'.
    Avoiding implicit rule recursion.
    Avoiding implicit rule recursion.
    Trying pattern rule with stem `dbfrqx.d.cpp'.
    Trying implicit prerequisite `.intermediate/src_fps/dbfrqx.d.cpp,v'.
    Trying pattern rule with stem `dbfrqx.d.cpp'.
    Trying implicit prerequisite `.intermediate/src_fps/RCS/dbfrqx.d.cpp,v'.
    Trying pattern rule with stem `dbfrqx.d.cpp'.
    Trying implicit prerequisite `.intermediate/src_fps/RCS/dbfrqx.d.cpp'.
    Trying pattern rule with stem `dbfrqx.d.cpp'.
    Trying implicit prerequisite `.intermediate/src_fps/s.dbfrqx.d.cpp'.
    Trying pattern rule with stem `dbfrqx.d.cpp'.
    Trying implicit prerequisite `.intermediate/src_fps/SCCS/s.dbfrqx.d.cpp'.
   Trying pattern rule with stem `dbfrqx.d'.
   Trying implicit prerequisite `.intermediate/src_fps/dbfrqx.d.p'.
   Looking for a rule with intermediate file `.intermediate/src_fps/dbfrqx.d.p'.
    Avoiding implicit rule recursion.
    Avoiding implicit rule recursion.
    Trying pattern rule with stem `dbfrqx.d'.
    Trying implicit prerequisite `.intermediate/src_fps/dbfrqx.d.web'.
    Trying pattern rule with stem `dbfrqx.d.p'.
    Trying implicit prerequisite `.intermediate/src_fps/dbfrqx.d.p,v'.
    Trying pattern rule with stem `dbfrqx.d.p'.
    Trying implicit prerequisite `.intermediate/src_fps/RCS/dbfrqx.d.p,v'.
    Trying pattern rule with stem `dbfrqx.d.p'.
    Trying implicit prerequisite `.intermediate/src_fps/RCS/dbfrqx.d.p'.
    Trying pattern rule with stem `dbfrqx.d.p'.
    Trying implicit prerequisite `.intermediate/src_fps/s.dbfrqx.d.p'.
    Trying pattern rule with stem `dbfrqx.d.p'.
    Trying implicit prerequisite `.intermediate/src_fps/SCCS/s.dbfrqx.d.p'.
    Trying pattern rule with stem `dbfrqx.d'.
    Trying implicit prerequisite `.intermediate/src_fps/dbfrqx.d.web'.
    Looking for a rule with intermediate file `.intermediate/src_fps/dbfrqx.d.web'.
     Avoiding implicit rule recursion.
     Avoiding implicit rule recursion.
     Avoiding implicit rule recursion.
     Trying pattern rule with stem `dbfrqx.d.web'.
     Trying implicit prerequisite `.intermediate/src_fps/dbfrqx.d.web,v'.
     Trying pattern rule with stem `dbfrqx.d.web'.
     Trying implicit prerequisite `.intermediate/src_fps/RCS/dbfrqx.d.web,v'.
     Trying pattern rule with stem `dbfrqx.d.web'.
     Trying implicit prerequisite `.intermediate/src_fps/RCS/dbfrqx.d.web'.
     Trying pattern rule with stem `dbfrqx.d.web'.
     Trying implicit prerequisite `.intermediate/src_fps/s.dbfrqx.d.web'.
     Trying pattern rule with stem `dbfrqx.d.web'.
     Trying implicit prerequisite `.intermediate/src_fps/SCCS/s.dbfrqx.d.web'.
   Trying pattern rule with stem `dbfrqx.d'.
   Trying implicit prerequisite `.intermediate/src_fps/dbfrqx.d.f'.
   Looking for a rule with intermediate file `.intermediate/src_fps/dbfrqx.d.f'.
    Avoiding implicit rule recursion.
    Avoiding implicit rule recursion.
    Trying pattern rule with stem `dbfrqx.d'.
    Trying implicit prerequisite `.intermediate/src_fps/dbfrqx.d.F'.
    Trying pattern rule with stem `dbfrqx.d'.
    Trying implicit prerequisite `.intermediate/src_fps/dbfrqx.d.r'.
    Trying pattern rule with stem `dbfrqx.d.f'.
    Trying implicit prerequisite `.intermediate/src_fps/dbfrqx.d.f,v'.
    Trying pattern rule with stem `dbfrqx.d.f'.
    Trying implicit prerequisite `.intermediate/src_fps/RCS/dbfrqx.d.f,v'.
    Trying pattern rule with stem `dbfrqx.d.f'.
    Trying implicit prerequisite `.intermediate/src_fps/RCS/dbfrqx.d.f'.
    Trying pattern rule with stem `dbfrqx.d.f'.
    Trying implicit prerequisite `.intermediate/src_fps/s.dbfrqx.d.f'.
    Trying pattern rule with stem `dbfrqx.d.f'.
    Trying implicit prerequisite `.intermediate/src_fps/SCCS/s.dbfrqx.d.f'.
    Trying pattern rule with stem `dbfrqx.d'.
    Trying implicit prerequisite `.intermediate/src_fps/dbfrqx.d.F'.
    Looking for a rule with intermediate file `.intermediate/src_fps/dbfrqx.d.F'.
     Avoiding implicit rule recursion.
     Avoiding implicit rule recursion.
     Avoiding implicit rule recursion.
     Trying pattern rule with stem `dbfrqx.d.F'.
     Trying implicit prerequisite `.intermediate/src_fps/dbfrqx.d.F,v'.
     Trying pattern rule with stem `dbfrqx.d.F'.
     Trying implicit prerequisite `.intermediate/src_fps/RCS/dbfrqx.d.F,v'.
     Trying pattern rule with stem `dbfrqx.d.F'.
     Trying implicit prerequisite `.intermediate/src_fps/RCS/dbfrqx.d.F'.
     Trying pattern rule with stem `dbfrqx.d.F'.
     Trying implicit prerequisite `.intermediate/src_fps/s.dbfrqx.d.F'.
     Trying pattern rule with stem `dbfrqx.d.F'.
     Trying implicit prerequisite `.intermediate/src_fps/SCCS/s.dbfrqx.d.F'.
    Trying pattern rule with stem `dbfrqx.d'.
    Trying implicit prerequisite `.intermediate/src_fps/dbfrqx.d.r'.
    Looking for a rule with intermediate file `.intermediate/src_fps/dbfrqx.d.r'.
     Avoiding implicit rule recursion.
     Avoiding implicit rule recursion.
     Avoiding implicit rule recursion.
     Trying pattern rule with stem `dbfrqx.d'.
     Rejecting impossible implicit prerequisite `.intermediate/src_fps/dbfrqx.d.l'.
     Trying pattern rule with stem `dbfrqx.d.r'.
     Trying implicit prerequisite `.intermediate/src_fps/dbfrqx.d.r,v'.
     Trying pattern rule with stem `dbfrqx.d.r'.
     Trying implicit prerequisite `.intermediate/src_fps/RCS/dbfrqx.d.r,v'.
     Trying pattern rule with stem `dbfrqx.d.r'.
     Trying implicit prerequisite `.intermediate/src_fps/RCS/dbfrqx.d.r'.
     Trying pattern rule with stem `dbfrqx.d.r'.
     Trying implicit prerequisite `.intermediate/src_fps/s.dbfrqx.d.r'.
     Trying pattern rule with stem `dbfrqx.d.r'.
     Trying implicit prerequisite `.intermediate/src_fps/SCCS/s.dbfrqx.d.r'.
   Trying pattern rule with stem `dbfrqx.d'.
   Rejecting impossible implicit prerequisite `.intermediate/src_fps/dbfrqx.d.F'.
   Trying pattern rule with stem `dbfrqx.d'.
   Rejecting impossible implicit prerequisite `.intermediate/src_fps/dbfrqx.d.r'.
   Trying pattern rule with stem `dbfrqx.d'.
   Trying implicit prerequisite `.intermediate/src_fps/dbfrqx.d.s'.
   Looking for a rule with intermediate file `.intermediate/src_fps/dbfrqx.d.s'.
    Avoiding implicit rule recursion.
    Avoiding implicit rule recursion.
    Trying pattern rule with stem `dbfrqx.d'.
    Trying implicit prerequisite `.intermediate/src_fps/dbfrqx.d.S'.
    Trying pattern rule with stem `dbfrqx.d.s'.
    Trying implicit prerequisite `.intermediate/src_fps/dbfrqx.d.s,v'.
    Trying pattern rule with stem `dbfrqx.d.s'.
    Trying implicit prerequisite `.intermediate/src_fps/RCS/dbfrqx.d.s,v'.
    Trying pattern rule with stem `dbfrqx.d.s'.
    Trying implicit prerequisite `.intermediate/src_fps/RCS/dbfrqx.d.s'.
    Trying pattern rule with stem `dbfrqx.d.s'.
    Trying implicit prerequisite `.intermediate/src_fps/s.dbfrqx.d.s'.
    Trying pattern rule with stem `dbfrqx.d.s'.
    Trying implicit prerequisite `.intermediate/src_fps/SCCS/s.dbfrqx.d.s'.
    Trying pattern rule with stem `dbfrqx.d'.
    Trying implicit prerequisite `.intermediate/src_fps/dbfrqx.d.S'.
    Looking for a rule with intermediate file `.intermediate/src_fps/dbfrqx.d.S'.
     Avoiding implicit rule recursion.
     Avoiding implicit rule recursion.
     Avoiding implicit rule recursion.
     Trying pattern rule with stem `dbfrqx.d.S'.
     Trying implicit prerequisite `.intermediate/src_fps/dbfrqx.d.S,v'.
     Trying pattern rule with stem `dbfrqx.d.S'.
     Trying implicit prerequisite `.intermediate/src_fps/RCS/dbfrqx.d.S,v'.
     Trying pattern rule with stem `dbfrqx.d.S'.
     Trying implicit prerequisite `.intermediate/src_fps/RCS/dbfrqx.d.S'.
     Trying pattern rule with stem `dbfrqx.d.S'.
     Trying implicit prerequisite `.intermediate/src_fps/s.dbfrqx.d.S'.
     Trying pattern rule with stem `dbfrqx.d.S'.
     Trying implicit prerequisite `.intermediate/src_fps/SCCS/s.dbfrqx.d.S'.
   Trying pattern rule with stem `dbfrqx.d'.
   Rejecting impossible implicit prerequisite `.intermediate/src_fps/dbfrqx.d.S'.
   Trying pattern rule with stem `dbfrqx.d'.
   Trying implicit prerequisite `.intermediate/src_fps/dbfrqx.d.mod'.
   Looking for a rule with intermediate file `.intermediate/src_fps/dbfrqx.d.mod'.
    Avoiding implicit rule recursion.
    Avoiding implicit rule recursion.
    Trying pattern rule with stem `dbfrqx.d.mod'.
    Trying implicit prerequisite `.intermediate/src_fps/dbfrqx.d.mod,v'.
    Trying pattern rule with stem `dbfrqx.d.mod'.
    Trying implicit prerequisite `.intermediate/src_fps/RCS/dbfrqx.d.mod,v'.
    Trying pattern rule with stem `dbfrqx.d.mod'.
    Trying implicit prerequisite `.intermediate/src_fps/RCS/dbfrqx.d.mod'.
    Trying pattern rule with stem `dbfrqx.d.mod'.
    Trying implicit prerequisite `.intermediate/src_fps/s.dbfrqx.d.mod'.
    Trying pattern rule with stem `dbfrqx.d.mod'.
    Trying implicit prerequisite `.intermediate/src_fps/SCCS/s.dbfrqx.d.mod'.
  Trying pattern rule with stem `dbfrqx.d'.
  Rejecting impossible implicit prerequisite `.intermediate/src_fps/dbfrqx.d.c'.
  Trying pattern rule with stem `dbfrqx.d'.
  Rejecting impossible implicit prerequisite `.intermediate/src_fps/dbfrqx.d.cc'.
  Trying pattern rule with stem `dbfrqx.d'.
  Rejecting impossible implicit prerequisite `.intermediate/src_fps/dbfrqx.d.C'.
  Trying pattern rule with stem `dbfrqx.d'.
  Rejecting impossible implicit prerequisite `.intermediate/src_fps/dbfrqx.d.cpp'.
  Trying pattern rule with stem `dbfrqx.d'.
  Rejecting impossible implicit prerequisite `.intermediate/src_fps/dbfrqx.d.p'.
  Trying pattern rule with stem `dbfrqx.d'.
  Rejecting impossible implicit prerequisite `.intermediate/src_fps/dbfrqx.d.f'.
  Trying pattern rule with stem `dbfrqx.d'.
  Rejecting impossible implicit prerequisite `.intermediate/src_fps/dbfrqx.d.F'.
  Trying pattern rule with stem `dbfrqx.d'.
  Rejecting impossible implicit prerequisite `.intermediate/src_fps/dbfrqx.d.r'.
  Trying pattern rule with stem `dbfrqx.d'.
  Rejecting impossible implicit prerequisite `.intermediate/src_fps/dbfrqx.d.s'.
  Trying pattern rule with stem `dbfrqx.d'.
  Rejecting impossible implicit prerequisite `.intermediate/src_fps/dbfrqx.d.S'.
  Trying pattern rule with stem `dbfrqx.d'.
  Rejecting impossible implicit prerequisite `.intermediate/src_fps/dbfrqx.d.mod'.
  Trying pattern rule with stem `dbfrqx.d'.
  Trying implicit prerequisite `.intermediate/src_fps/dbfrqx.d.sh'.
  Looking for a rule with intermediate file `.intermediate/src_fps/dbfrqx.d.sh'.
   Avoiding implicit rule recursion.
   Trying pattern rule with stem `dbfrqx.d.sh'.
   Trying implicit prerequisite `.intermediate/src_fps/dbfrqx.d.sh,v'.
   Trying pattern rule with stem `dbfrqx.d.sh'.
   Trying implicit prerequisite `.intermediate/src_fps/RCS/dbfrqx.d.sh,v'.
   Trying pattern rule with stem `dbfrqx.d.sh'.
   Trying implicit prerequisite `.intermediate/src_fps/RCS/dbfrqx.d.sh'.
   Trying pattern rule with stem `dbfrqx.d.sh'.
   Trying implicit prerequisite `.intermediate/src_fps/s.dbfrqx.d.sh'.
   Trying pattern rule with stem `dbfrqx.d.sh'.
   Trying implicit prerequisite `.intermediate/src_fps/SCCS/s.dbfrqx.d.sh'.
  No implicit rule found for `.intermediate/src_fps/dbfrqx.d'.
  Finished prerequisites of target file `.intermediate/src_fps/dbfrqx.d'.
 Must remake target `.intermediate/src_fps/dbfrqx.d'.
 Failed to remake target file `.intermediate/src_fps/dbfrqx.d'.
 Considering target file `.intermediate/src/prb.dep'.
  File `.intermediate/src/prb.dep' does not exist.
   Considering target file `.intermediate/src/prb.mod'.
    File `.intermediate/src/prb.mod' does not exist.
     Considering target file `src/railibqx.sdl'.
      Looking for an implicit rule for `src/railibqx.sdl'.
      Trying pattern rule with stem `railibqx.sdl'.
      Trying implicit prerequisite `src/railibqx.sdl.o'.
      Trying pattern rule with stem `railibqx.sdl'.
      Trying implicit prerequisite `src/railibqx.sdl.c'.
      Trying pattern rule with stem `railibqx.sdl'.
      Trying implicit prerequisite `src/railibqx.sdl.cc'.
      Trying pattern rule with stem `railibqx.sdl'.
      Trying implicit prerequisite `src/railibqx.sdl.C'.
      Trying pattern rule with stem `railibqx.sdl'.
      Trying implicit prerequisite `src/railibqx.sdl.cpp'.
      Trying pattern rule with stem `railibqx.sdl'.
      Trying implicit prerequisite `src/railibqx.sdl.p'.
      Trying pattern rule with stem `railibqx.sdl'.
      Trying implicit prerequisite `src/railibqx.sdl.f'.
      Trying pattern rule with stem `railibqx.sdl'.
      Trying implicit prerequisite `src/railibqx.sdl.F'.
      Trying pattern rule with stem `railibqx.sdl'.
      Trying implicit prerequisite `src/railibqx.sdl.r'.
      Trying pattern rule with stem `railibqx.sdl'.
      Trying implicit prerequisite `src/railibqx.sdl.s'.
      Trying pattern rule with stem `railibqx.sdl'.
      Trying implicit prerequisite `src/railibqx.sdl.S'.
      Trying pattern rule with stem `railibqx.sdl'.
      Trying implicit prerequisite `src/railibqx.sdl.mod'.
      Trying pattern rule with stem `railibqx.sdl'.
      Trying implicit prerequisite `src/railibqx.sdl.sh'.
      Trying pattern rule with stem `railibqx.sdl'.
      Trying implicit prerequisite `src/railibqx.sdl,v'.
      Trying pattern rule with stem `railibqx.sdl'.
      Trying implicit prerequisite `src/RCS/railibqx.sdl,v'.
      Trying pattern rule with stem `railibqx.sdl'.
      Trying implicit prerequisite `src/RCS/railibqx.sdl'.
      Trying pattern rule with stem `railibqx.sdl'.
      Trying implicit prerequisite `src/s.railibqx.sdl'.
      Trying pattern rule with stem `railibqx.sdl'.
      Trying implicit prerequisite `src/SCCS/s.railibqx.sdl'.
      Trying pattern rule with stem `railibqx.sdl'.
      Trying implicit prerequisite `src/railibqx.sdl.o'.
      Looking for a rule with intermediate file `src/railibqx.sdl.o'.
       Avoiding implicit rule recursion.
       Trying pattern rule with stem `railibqx.sdl'.
       Trying implicit prerequisite `src/railibqx.sdl.c'.
       Trying pattern rule with stem `railibqx.sdl'.
       Trying implicit prerequisite `src/railibqx.sdl.cc'.
       Trying pattern rule with stem `railibqx.sdl'.
       Trying implicit prerequisite `src/railibqx.sdl.C'.
       Trying pattern rule with stem `railibqx.sdl'.
       Trying implicit prerequisite `src/railibqx.sdl.cpp'.
       Trying pattern rule with stem `railibqx.sdl'.
       Trying implicit prerequisite `src/railibqx.sdl.p'.
       Trying pattern rule with stem `railibqx.sdl'.
       Trying implicit prerequisite `src/railibqx.sdl.f'.
       Trying pattern rule with stem `railibqx.sdl'.
       Trying implicit prerequisite `src/railibqx.sdl.F'.
       Trying pattern rule with stem `railibqx.sdl'.
       Trying implicit prerequisite `src/railibqx.sdl.r'.
       Trying pattern rule with stem `railibqx.sdl'.
       Trying implicit prerequisite `src/railibqx.sdl.s'.
       Trying pattern rule with stem `railibqx.sdl'.
       Trying implicit prerequisite `src/railibqx.sdl.S'.
       Trying pattern rule with stem `railibqx.sdl'.
       Trying implicit prerequisite `src/railibqx.sdl.mod'.
       Trying pattern rule with stem `railibqx.sdl.o'.
       Trying implicit prerequisite `src/railibqx.sdl.o,v'.
       Trying pattern rule with stem `railibqx.sdl.o'.
       Trying implicit prerequisite `src/RCS/railibqx.sdl.o,v'.
       Trying pattern rule with stem `railibqx.sdl.o'.
       Trying implicit prerequisite `src/RCS/railibqx.sdl.o'.
       Trying pattern rule with stem `railibqx.sdl.o'.
       Trying implicit prerequisite `src/s.railibqx.sdl.o'.
       Trying pattern rule with stem `railibqx.sdl.o'.
       Trying implicit prerequisite `src/SCCS/s.railibqx.sdl.o'.
       Trying pattern rule with stem `railibqx.sdl'.
       Trying implicit prerequisite `src/railibqx.sdl.c'.
       Looking for a rule with intermediate file `src/railibqx.sdl.c'.
        Avoiding implicit rule recursion.
        Avoiding implicit rule recursion.
        Trying pattern rule with stem `railibqx.sdl'.
        Trying implicit prerequisite `src/railibqx.sdl.y'.
        Trying pattern rule with stem `railibqx.sdl'.
        Trying implicit prerequisite `src/railibqx.sdl.l'.
        Trying pattern rule with stem `railibqx.sdl'.
        Trying implicit prerequisite `src/railibqx.sdl.w'.
        Trying pattern rule with stem `railibqx.sdl'.
        Trying implicit prerequisite `src/railibqx.sdl.w'.
        Trying pattern rule with stem `railibqx.sdl.c'.
        Trying implicit prerequisite `src/railibqx.sdl.c,v'.
        Trying pattern rule with stem `railibqx.sdl.c'.
        Trying implicit prerequisite `src/RCS/railibqx.sdl.c,v'.
        Trying pattern rule with stem `railibqx.sdl.c'.
        Trying implicit prerequisite `src/RCS/railibqx.sdl.c'.
        Trying pattern rule with stem `railibqx.sdl.c'.
        Trying implicit prerequisite `src/s.railibqx.sdl.c'.
        Trying pattern rule with stem `railibqx.sdl.c'.
        Trying implicit prerequisite `src/SCCS/s.railibqx.sdl.c'.
        Trying pattern rule with stem `railibqx.sdl'.
        Trying implicit prerequisite `src/railibqx.sdl.y'.
        Looking for a rule with intermediate file `src/railibqx.sdl.y'.
         Avoiding implicit rule recursion.
         Avoiding implicit rule recursion.
         Avoiding implicit rule recursion.
         Trying pattern rule with stem `railibqx.sdl.y'.
         Trying implicit prerequisite `src/railibqx.sdl.y,v'.
         Trying pattern rule with stem `railibqx.sdl.y'.
         Trying implicit prerequisite `src/RCS/railibqx.sdl.y,v'.
         Trying pattern rule with stem `railibqx.sdl.y'.
         Trying implicit prerequisite `src/RCS/railibqx.sdl.y'.
         Trying pattern rule with stem `railibqx.sdl.y'.
         Trying implicit prerequisite `src/s.railibqx.sdl.y'.
         Trying pattern rule with stem `railibqx.sdl.y'.
         Trying implicit prerequisite `src/SCCS/s.railibqx.sdl.y'.
        Trying pattern rule with stem `railibqx.sdl'.
        Trying implicit prerequisite `src/railibqx.sdl.l'.
        Looking for a rule with intermediate file `src/railibqx.sdl.l'.
         Avoiding implicit rule recursion.
         Avoiding implicit rule recursion.
         Avoiding implicit rule recursion.
         Trying pattern rule with stem `railibqx.sdl.l'.
         Trying implicit prerequisite `src/railibqx.sdl.l,v'.
         Trying pattern rule with stem `railibqx.sdl.l'.
         Trying implicit prerequisite `src/RCS/railibqx.sdl.l,v'.
         Trying pattern rule with stem `railibqx.sdl.l'.
         Trying implicit prerequisite `src/RCS/railibqx.sdl.l'.
         Trying pattern rule with stem `railibqx.sdl.l'.
         Trying implicit prerequisite `src/s.railibqx.sdl.l'.
         Trying pattern rule with stem `railibqx.sdl.l'.
         Trying implicit prerequisite `src/SCCS/s.railibqx.sdl.l'.
        Trying pattern rule with stem `railibqx.sdl'.
        Trying implicit prerequisite `src/railibqx.sdl.w'.
        Looking for a rule with intermediate file `src/railibqx.sdl.w'.
         Avoiding implicit rule recursion.
         Avoiding implicit rule recursion.
         Avoiding implicit rule recursion.
         Trying pattern rule with stem `railibqx.sdl.w'.
         Trying implicit prerequisite `src/railibqx.sdl.w,v'.
         Trying pattern rule with stem `railibqx.sdl.w'.
         Trying implicit prerequisite `src/RCS/railibqx.sdl.w,v'.
         Trying pattern rule with stem `railibqx.sdl.w'.
         Trying implicit prerequisite `src/RCS/railibqx.sdl.w'.
         Trying pattern rule with stem `railibqx.sdl.w'.
         Trying implicit prerequisite `src/s.railibqx.sdl.w'.
         Trying pattern rule with stem `railibqx.sdl.w'.
         Trying implicit prerequisite `src/SCCS/s.railibqx.sdl.w'.
        Trying pattern rule with stem `railibqx.sdl'.
        Rejecting impossible implicit prerequisite `src/railibqx.sdl.w'.
       Trying pattern rule with stem `railibqx.sdl'.
       Trying implicit prerequisite `src/railibqx.sdl.cc'.
       Looking for a rule with intermediate file `src/railibqx.sdl.cc'.
        Avoiding implicit rule recursion.
        Avoiding implicit rule recursion.
        Trying pattern rule with stem `railibqx.sdl.cc'.
        Trying implicit prerequisite `src/railibqx.sdl.cc,v'.
        Trying pattern rule with stem `railibqx.sdl.cc'.
        Trying implicit prerequisite `src/RCS/railibqx.sdl.cc,v'.
        Trying pattern rule with stem `railibqx.sdl.cc'.
        Trying implicit prerequisite `src/RCS/railibqx.sdl.cc'.
        Trying pattern rule with stem `railibqx.sdl.cc'.
        Trying implicit prerequisite `src/s.railibqx.sdl.cc'.
        Trying pattern rule with stem `railibqx.sdl.cc'.
        Trying implicit prerequisite `src/SCCS/s.railibqx.sdl.cc'.
       Trying pattern rule with stem `railibqx.sdl'.
       Trying implicit prerequisite `src/railibqx.sdl.C'.
       Looking for a rule with intermediate file `src/railibqx.sdl.C'.
        Avoiding implicit rule recursion.
        Avoiding implicit rule recursion.
        Trying pattern rule with stem `railibqx.sdl.C'.
        Trying implicit prerequisite `src/railibqx.sdl.C,v'.
        Trying pattern rule with stem `railibqx.sdl.C'.
        Trying implicit prerequisite `src/RCS/railibqx.sdl.C,v'.
        Trying pattern rule with stem `railibqx.sdl.C'.
        Trying implicit prerequisite `src/RCS/railibqx.sdl.C'.
        Trying pattern rule with stem `railibqx.sdl.C'.
        Trying implicit prerequisite `src/s.railibqx.sdl.C'.
        Trying pattern rule with stem `railibqx.sdl.C'.
        Trying implicit prerequisite `src/SCCS/s.railibqx.sdl.C'.
       Trying pattern rule with stem `railibqx.sdl'.
       Trying implicit prerequisite `src/railibqx.sdl.cpp'.
       Looking for a rule with intermediate file `src/railibqx.sdl.cpp'.
        Avoiding implicit rule recursion.
        Avoiding implicit rule recursion.
        Trying pattern rule with stem `railibqx.sdl.cpp'.
        Trying implicit prerequisite `src/railibqx.sdl.cpp,v'.
        Trying pattern rule with stem `railibqx.sdl.cpp'.
        Trying implicit prerequisite `src/RCS/railibqx.sdl.cpp,v'.
        Trying pattern rule with stem `railibqx.sdl.cpp'.
        Trying implicit prerequisite `src/RCS/railibqx.sdl.cpp'.
        Trying pattern rule with stem `railibqx.sdl.cpp'.
        Trying implicit prerequisite `src/s.railibqx.sdl.cpp'.
        Trying pattern rule with stem `railibqx.sdl.cpp'.
        Trying implicit prerequisite `src/SCCS/s.railibqx.sdl.cpp'.
       Trying pattern rule with stem `railibqx.sdl'.
       Trying implicit prerequisite `src/railibqx.sdl.p'.
       Looking for a rule with intermediate file `src/railibqx.sdl.p'.
        Avoiding implicit rule recursion.
        Avoiding implicit rule recursion.
        Trying pattern rule with stem `railibqx.sdl'.
        Trying implicit prerequisite `src/railibqx.sdl.web'.
        Trying pattern rule with stem `railibqx.sdl.p'.
        Trying implicit prerequisite `src/railibqx.sdl.p,v'.
        Trying pattern rule with stem `railibqx.sdl.p'.
        Trying implicit prerequisite `src/RCS/railibqx.sdl.p,v'.
        Trying pattern rule with stem `railibqx.sdl.p'.
        Trying implicit prerequisite `src/RCS/railibqx.sdl.p'.
        Trying pattern rule with stem `railibqx.sdl.p'.
        Trying implicit prerequisite `src/s.railibqx.sdl.p'.
        Trying pattern rule with stem `railibqx.sdl.p'.
        Trying implicit prerequisite `src/SCCS/s.railibqx.sdl.p'.
        Trying pattern rule with stem `railibqx.sdl'.
        Trying implicit prerequisite `src/railibqx.sdl.web'.
        Looking for a rule with intermediate file `src/railibqx.sdl.web'.
         Avoiding implicit rule recursion.
         Avoiding implicit rule recursion.
         Avoiding implicit rule recursion.
         Trying pattern rule with stem `railibqx.sdl.web'.
         Trying implicit prerequisite `src/railibqx.sdl.web,v'.
         Trying pattern rule with stem `railibqx.sdl.web'.
         Trying implicit prerequisite `src/RCS/railibqx.sdl.web,v'.
         Trying pattern rule with stem `railibqx.sdl.web'.
         Trying implicit prerequisite `src/RCS/railibqx.sdl.web'.
         Trying pattern rule with stem `railibqx.sdl.web'.
         Trying implicit prerequisite `src/s.railibqx.sdl.web'.
         Trying pattern rule with stem `railibqx.sdl.web'.
         Trying implicit prerequisite `src/SCCS/s.railibqx.sdl.web'.
       Trying pattern rule with stem `railibqx.sdl'.
       Trying implicit prerequisite `src/railibqx.sdl.f'.
       Looking for a rule with intermediate file `src/railibqx.sdl.f'.
        Avoiding implicit rule recursion.
        Avoiding implicit rule recursion.
        Trying pattern rule with stem `railibqx.sdl'.
        Trying implicit prerequisite `src/railibqx.sdl.F'.
        Trying pattern rule with stem `railibqx.sdl'.
        Trying implicit prerequisite `src/railibqx.sdl.r'.
        Trying pattern rule with stem `railibqx.sdl.f'.
        Trying implicit prerequisite `src/railibqx.sdl.f,v'.
        Trying pattern rule with stem `railibqx.sdl.f'.
        Trying implicit prerequisite `src/RCS/railibqx.sdl.f,v'.
        Trying pattern rule with stem `railibqx.sdl.f'.
        Trying implicit prerequisite `src/RCS/railibqx.sdl.f'.
        Trying pattern rule with stem `railibqx.sdl.f'.
        Trying implicit prerequisite `src/s.railibqx.sdl.f'.
        Trying pattern rule with stem `railibqx.sdl.f'.
        Trying implicit prerequisite `src/SCCS/s.railibqx.sdl.f'.
        Trying pattern rule with stem `railibqx.sdl'.
        Trying implicit prerequisite `src/railibqx.sdl.F'.
        Looking for a rule with intermediate file `src/railibqx.sdl.F'.
         Avoiding implicit rule recursion.
         Avoiding implicit rule recursion.
         Avoiding implicit rule recursion.
         Trying pattern rule with stem `railibqx.sdl.F'.
         Trying implicit prerequisite `src/railibqx.sdl.F,v'.
         Trying pattern rule with stem `railibqx.sdl.F'.
         Trying implicit prerequisite `src/RCS/railibqx.sdl.F,v'.
         Trying pattern rule with stem `railibqx.sdl.F'.
         Trying implicit prerequisite `src/RCS/railibqx.sdl.F'.
         Trying pattern rule with stem `railibqx.sdl.F'.
         Trying implicit prerequisite `src/s.railibqx.sdl.F'.
         Trying pattern rule with stem `railibqx.sdl.F'.
         Trying implicit prerequisite `src/SCCS/s.railibqx.sdl.F'.
        Trying pattern rule with stem `railibqx.sdl'.
        Trying implicit prerequisite `src/railibqx.sdl.r'.
        Looking for a rule with intermediate file `src/railibqx.sdl.r'.
         Avoiding implicit rule recursion.
         Avoiding implicit rule recursion.
         Avoiding implicit rule recursion.
         Trying pattern rule with stem `railibqx.sdl'.
         Rejecting impossible implicit prerequisite `src/railibqx.sdl.l'.
         Trying pattern rule with stem `railibqx.sdl.r'.
         Trying implicit prerequisite `src/railibqx.sdl.r,v'.
         Trying pattern rule with stem `railibqx.sdl.r'.
         Trying implicit prerequisite `src/RCS/railibqx.sdl.r,v'.
         Trying pattern rule with stem `railibqx.sdl.r'.
         Trying implicit prerequisite `src/RCS/railibqx.sdl.r'.
         Trying pattern rule with stem `railibqx.sdl.r'.
         Trying implicit prerequisite `src/s.railibqx.sdl.r'.
         Trying pattern rule with stem `railibqx.sdl.r'.
         Trying implicit prerequisite `src/SCCS/s.railibqx.sdl.r'.
       Trying pattern rule with stem `railibqx.sdl'.
       Rejecting impossible implicit prerequisite `src/railibqx.sdl.F'.
       Trying pattern rule with stem `railibqx.sdl'.
       Rejecting impossible implicit prerequisite `src/railibqx.sdl.r'.
       Trying pattern rule with stem `railibqx.sdl'.
       Trying implicit prerequisite `src/railibqx.sdl.s'.
       Looking for a rule with intermediate file `src/railibqx.sdl.s'.
        Avoiding implicit rule recursion.
        Avoiding implicit rule recursion.
        Trying pattern rule with stem `railibqx.sdl'.
        Trying implicit prerequisite `src/railibqx.sdl.S'.
        Trying pattern rule with stem `railibqx.sdl.s'.
        Trying implicit prerequisite `src/railibqx.sdl.s,v'.
        Trying pattern rule with stem `railibqx.sdl.s'.
        Trying implicit prerequisite `src/RCS/railibqx.sdl.s,v'.
        Trying pattern rule with stem `railibqx.sdl.s'.
        Trying implicit prerequisite `src/RCS/railibqx.sdl.s'.
        Trying pattern rule with stem `railibqx.sdl.s'.
        Trying implicit prerequisite `src/s.railibqx.sdl.s'.
        Trying pattern rule with stem `railibqx.sdl.s'.
        Trying implicit prerequisite `src/SCCS/s.railibqx.sdl.s'.
        Trying pattern rule with stem `railibqx.sdl'.
        Trying implicit prerequisite `src/railibqx.sdl.S'.
        Looking for a rule with intermediate file `src/railibqx.sdl.S'.
         Avoiding implicit rule recursion.
         Avoiding implicit rule recursion.
         Avoiding implicit rule recursion.
         Trying pattern rule with stem `railibqx.sdl.S'.
         Trying implicit prerequisite `src/railibqx.sdl.S,v'.
         Trying pattern rule with stem `railibqx.sdl.S'.
         Trying implicit prerequisite `src/RCS/railibqx.sdl.S,v'.
         Trying pattern rule with stem `railibqx.sdl.S'.
         Trying implicit prerequisite `src/RCS/railibqx.sdl.S'.
         Trying pattern rule with stem `railibqx.sdl.S'.
         Trying implicit prerequisite `src/s.railibqx.sdl.S'.
         Trying pattern rule with stem `railibqx.sdl.S'.
         Trying implicit prerequisite `src/SCCS/s.railibqx.sdl.S'.
       Trying pattern rule with stem `railibqx.sdl'.
       Rejecting impossible implicit prerequisite `src/railibqx.sdl.S'.
       Trying pattern rule with stem `railibqx.sdl'.
       Trying implicit prerequisite `src/railibqx.sdl.mod'.
       Looking for a rule with intermediate file `src/railibqx.sdl.mod'.
        Avoiding implicit rule recursion.
        Avoiding implicit rule recursion.
        Trying pattern rule with stem `railibqx.sdl.mod'.
        Trying implicit prerequisite `src/railibqx.sdl.mod,v'.
        Trying pattern rule with stem `railibqx.sdl.mod'.
        Trying implicit prerequisite `src/RCS/railibqx.sdl.mod,v'.
        Trying pattern rule with stem `railibqx.sdl.mod'.
        Trying implicit prerequisite `src/RCS/railibqx.sdl.mod'.
        Trying pattern rule with stem `railibqx.sdl.mod'.
        Trying implicit prerequisite `src/s.railibqx.sdl.mod'.
        Trying pattern rule with stem `railibqx.sdl.mod'.
        Trying implicit prerequisite `src/SCCS/s.railibqx.sdl.mod'.
      Trying pattern rule with stem `railibqx.sdl'.
      Rejecting impossible implicit prerequisite `src/railibqx.sdl.c'.
      Trying pattern rule with stem `railibqx.sdl'.
      Rejecting impossible implicit prerequisite `src/railibqx.sdl.cc'.
      Trying pattern rule with stem `railibqx.sdl'.
      Rejecting impossible implicit prerequisite `src/railibqx.sdl.C'.
      Trying pattern rule with stem `railibqx.sdl'.
      Rejecting impossible implicit prerequisite `src/railibqx.sdl.cpp'.
      Trying pattern rule with stem `railibqx.sdl'.
      Rejecting impossible implicit prerequisite `src/railibqx.sdl.p'.
      Trying pattern rule with stem `railibqx.sdl'.
      Rejecting impossible implicit prerequisite `src/railibqx.sdl.f'.
      Trying pattern rule with stem `railibqx.sdl'.
      Rejecting impossible implicit prerequisite `src/railibqx.sdl.F'.
      Trying pattern rule with stem `railibqx.sdl'.
      Rejecting impossible implicit prerequisite `src/railibqx.sdl.r'.
      Trying pattern rule with stem `railibqx.sdl'.
      Rejecting impossible implicit prerequisite `src/railibqx.sdl.s'.
      Trying pattern rule with stem `railibqx.sdl'.
      Rejecting impossible implicit prerequisite `src/railibqx.sdl.S'.
      Trying pattern rule with stem `railibqx.sdl'.
      Rejecting impossible implicit prerequisite `src/railibqx.sdl.mod'.
      Trying pattern rule with stem `railibqx.sdl'.
      Trying implicit prerequisite `src/railibqx.sdl.sh'.
      Looking for a rule with intermediate file `src/railibqx.sdl.sh'.
       Avoiding implicit rule recursion.
       Trying pattern rule with stem `railibqx.sdl.sh'.
       Trying implicit prerequisite `src/railibqx.sdl.sh,v'.
       Trying pattern rule with stem `railibqx.sdl.sh'.
       Trying implicit prerequisite `src/RCS/railibqx.sdl.sh,v'.
       Trying pattern rule with stem `railibqx.sdl.sh'.
       Trying implicit prerequisite `src/RCS/railibqx.sdl.sh'.
       Trying pattern rule with stem `railibqx.sdl.sh'.
       Trying implicit prerequisite `src/s.railibqx.sdl.sh'.
       Trying pattern rule with stem `railibqx.sdl.sh'.
       Trying implicit prerequisite `src/SCCS/s.railibqx.sdl.sh'.
      No implicit rule found for `src/railibqx.sdl'.
      Finished prerequisites of target file `src/railibqx.sdl'.
     No need to remake target `src/railibqx.sdl'.
     Considering target file `.intermediate/src/railibqx.scc'.
      File `.intermediate/src/railibqx.scc' does not exist.
       Considering target file `.icl/railibqx.scc'.
        File `.icl/railibqx.scc' does not exist.
         Considering target file `src/railibqx.in[12345]'.
          File `src/railibqx.in[12345]' does not exist.
          Looking for an implicit rule for `src/railibqx.in[12345]'.
          Trying pattern rule with stem `railibqx.in[12345]'.
          Trying implicit prerequisite `src/railibqx.in[12345].o'.
          Trying pattern rule with stem `railibqx.in[12345]'.
          Trying implicit prerequisite `src/railibqx.in[12345].c'.
          Trying pattern rule with stem `railibqx.in[12345]'.
          Trying implicit prerequisite `src/railibqx.in[12345].cc'.
          Trying pattern rule with stem `railibqx.in[12345]'.
          Trying implicit prerequisite `src/railibqx.in[12345].C'.
          Trying pattern rule with stem `railibqx.in[12345]'.
          Trying implicit prerequisite `src/railibqx.in[12345].cpp'.
          Trying pattern rule with stem `railibqx.in[12345]'.
          Trying implicit prerequisite `src/railibqx.in[12345].p'.
          Trying pattern rule with stem `railibqx.in[12345]'.
          Trying implicit prerequisite `src/railibqx.in[12345].f'.
          Trying pattern rule with stem `railibqx.in[12345]'.
          Trying implicit prerequisite `src/railibqx.in[12345].F'.
          Trying pattern rule with stem `railibqx.in[12345]'.
          Trying implicit prerequisite `src/railibqx.in[12345].r'.
          Trying pattern rule with stem `railibqx.in[12345]'.
          Trying implicit prerequisite `src/railibqx.in[12345].s'.
          Trying pattern rule with stem `railibqx.in[12345]'.
          Trying implicit prerequisite `src/railibqx.in[12345].S'.
          Trying pattern rule with stem `railibqx.in[12345]'.
          Trying implicit prerequisite `src/railibqx.in[12345].mod'.
          Trying pattern rule with stem `railibqx.in[12345]'.
          Trying implicit prerequisite `src/railibqx.in[12345].sh'.
          Trying pattern rule with stem `railibqx.in[12345]'.
          Trying implicit prerequisite `src/railibqx.in[12345],v'.
          Trying pattern rule with stem `railibqx.in[12345]'.
          Trying implicit prerequisite `src/RCS/railibqx.in[12345],v'.
          Trying pattern rule with stem `railibqx.in[12345]'.
          Trying implicit prerequisite `src/RCS/railibqx.in[12345]'.
          Trying pattern rule with stem `railibqx.in[12345]'.
          Trying implicit prerequisite `src/s.railibqx.in[12345]'.
          Trying pattern rule with stem `railibqx.in[12345]'.
          Trying implicit prerequisite `src/SCCS/s.railibqx.in[12345]'.
          Trying pattern rule with stem `railibqx.in[12345]'.
          Trying implicit prerequisite `src/railibqx.in[12345].o'.
          Looking for a rule with intermediate file `src/railibqx.in[12345].o'.
           Avoiding implicit rule recursion.
           Trying pattern rule with stem `railibqx.in[12345]'.
           Trying implicit prerequisite `src/railibqx.in[12345].c'.
           Trying pattern rule with stem `railibqx.in[12345]'.
           Trying implicit prerequisite `src/railibqx.in[12345].cc'.
           Trying pattern rule with stem `railibqx.in[12345]'.
           Trying implicit prerequisite `src/railibqx.in[12345].C'.
           Trying pattern rule with stem `railibqx.in[12345]'.
           Trying implicit prerequisite `src/railibqx.in[12345].cpp'.
           Trying pattern rule with stem `railibqx.in[12345]'.
           Trying implicit prerequisite `src/railibqx.in[12345].p'.
           Trying pattern rule with stem `railibqx.in[12345]'.
           Trying implicit prerequisite `src/railibqx.in[12345].f'.
           Trying pattern rule with stem `railibqx.in[12345]'.
           Trying implicit prerequisite `src/railibqx.in[12345].F'.
           Trying pattern rule with stem `railibqx.in[12345]'.
           Trying implicit prerequisite `src/railibqx.in[12345].r'.
           Trying pattern rule with stem `railibqx.in[12345]'.
           Trying implicit prerequisite `src/railibqx.in[12345].s'.
           Trying pattern rule with stem `railibqx.in[12345]'.
           Trying implicit prerequisite `src/railibqx.in[12345].S'.
           Trying pattern rule with stem `railibqx.in[12345]'.
           Trying implicit prerequisite `src/railibqx.in[12345].mod'.
           Trying pattern rule with stem `railibqx.in[12345].o'.
           Trying implicit prerequisite `src/railibqx.in[12345].o,v'.
           Trying pattern rule with stem `railibqx.in[12345].o'.
           Trying implicit prerequisite `src/RCS/railibqx.in[12345].o,v'.
           Trying pattern rule with stem `railibqx.in[12345].o'.
           Trying implicit prerequisite `src/RCS/railibqx.in[12345].o'.
           Trying pattern rule with stem `railibqx.in[12345].o'.
           Trying implicit prerequisite `src/s.railibqx.in[12345].o'.
           Trying pattern rule with stem `railibqx.in[12345].o'.
           Trying implicit prerequisite `src/SCCS/s.railibqx.in[12345].o'.
           Trying pattern rule with stem `railibqx.in[12345]'.
           Trying implicit prerequisite `src/railibqx.in[12345].c'.
           Looking for a rule with intermediate file `src/railibqx.in[12345].c'.
            Avoiding implicit rule recursion.
            Avoiding implicit rule recursion.
            Trying pattern rule with stem `railibqx.in[12345]'.
            Trying implicit prerequisite `src/railibqx.in[12345].y'.
            Trying pattern rule with stem `railibqx.in[12345]'.
            Trying implicit prerequisite `src/railibqx.in[12345].l'.
            Trying pattern rule with stem `railibqx.in[12345]'.
            Trying implicit prerequisite `src/railibqx.in[12345].w'.
            Trying pattern rule with stem `railibqx.in[12345]'.
            Trying implicit prerequisite `src/railibqx.in[12345].w'.
            Trying pattern rule with stem `railibqx.in[12345].c'.
            Trying implicit prerequisite `src/railibqx.in[12345].c,v'.
            Trying pattern rule with stem `railibqx.in[12345].c'.
            Trying implicit prerequisite `src/RCS/railibqx.in[12345].c,v'.
            Trying pattern rule with stem `railibqx.in[12345].c'.
            Trying implicit prerequisite `src/RCS/railibqx.in[12345].c'.
            Trying pattern rule with stem `railibqx.in[12345].c'.
            Trying implicit prerequisite `src/s.railibqx.in[12345].c'.
            Trying pattern rule with stem `railibqx.in[12345].c'.
            Trying implicit prerequisite `src/SCCS/s.railibqx.in[12345].c'.
            Trying pattern rule with stem `railibqx.in[12345]'.
            Trying implicit prerequisite `src/railibqx.in[12345].y'.
            Looking for a rule with intermediate file `src/railibqx.in[12345].y'.
             Avoiding implicit rule recursion.
             Avoiding implicit rule recursion.
             Avoiding implicit rule recursion.
             Trying pattern rule with stem `railibqx.in[12345].y'.
             Trying implicit prerequisite `src/railibqx.in[12345].y,v'.
             Trying pattern rule with stem `railibqx.in[12345].y'.
             Trying implicit prerequisite `src/RCS/railibqx.in[12345].y,v'.
             Trying pattern rule with stem `railibqx.in[12345].y'.
             Trying implicit prerequisite `src/RCS/railibqx.in[12345].y'.
             Trying pattern rule with stem `railibqx.in[12345].y'.
             Trying implicit prerequisite `src/s.railibqx.in[12345].y'.
             Trying pattern rule with stem `railibqx.in[12345].y'.
             Trying implicit prerequisite `src/SCCS/s.railibqx.in[12345].y'.
            Trying pattern rule with stem `railibqx.in[12345]'.
            Trying implicit prerequisite `src/railibqx.in[12345].l'.
            Looking for a rule with intermediate file `src/railibqx.in[12345].l'.
             Avoiding implicit rule recursion.
             Avoiding implicit rule recursion.
             Avoiding implicit rule recursion.
             Trying pattern rule with stem `railibqx.in[12345].l'.
             Trying implicit prerequisite `src/railibqx.in[12345].l,v'.
             Trying pattern rule with stem `railibqx.in[12345].l'.
             Trying implicit prerequisite `src/RCS/railibqx.in[12345].l,v'.
             Trying pattern rule with stem `railibqx.in[12345].l'.
             Trying implicit prerequisite `src/RCS/railibqx.in[12345].l'.
             Trying pattern rule with stem `railibqx.in[12345].l'.
             Trying implicit prerequisite `src/s.railibqx.in[12345].l'.
             Trying pattern rule with stem `railibqx.in[12345].l'.
             Trying implicit prerequisite `src/SCCS/s.railibqx.in[12345].l'.
            Trying pattern rule with stem `railibqx.in[12345]'.
            Trying implicit prerequisite `src/railibqx.in[12345].w'.
            Looking for a rule with intermediate file `src/railibqx.in[12345].w'.
             Avoiding implicit rule recursion.
             Avoiding implicit rule recursion.
             Avoiding implicit rule recursion.
             Trying pattern rule with stem `railibqx.in[12345].w'.
             Trying implicit prerequisite `src/railibqx.in[12345].w,v'.
             Trying pattern rule with stem `railibqx.in[12345].w'.
             Trying implicit prerequisite `src/RCS/railibqx.in[12345].w,v'.
             Trying pattern rule with stem `railibqx.in[12345].w'.
             Trying implicit prerequisite `src/RCS/railibqx.in[12345].w'.
             Trying pattern rule with stem `railibqx.in[12345].w'.
             Trying implicit prerequisite `src/s.railibqx.in[12345].w'.
             Trying pattern rule with stem `railibqx.in[12345].w'.
             Trying implicit prerequisite `src/SCCS/s.railibqx.in[12345].w'.
            Trying pattern rule with stem `railibqx.in[12345]'.
            Rejecting impossible implicit prerequisite `src/railibqx.in[12345].w'.
           Trying pattern rule with stem `railibqx.in[12345]'.
           Trying implicit prerequisite `src/railibqx.in[12345].cc'.
           Looking for a rule with intermediate file `src/railibqx.in[12345].cc'.
            Avoiding implicit rule recursion.
            Avoiding implicit rule recursion.
            Trying pattern rule with stem `railibqx.in[12345].cc'.
            Trying implicit prerequisite `src/railibqx.in[12345].cc,v'.
            Trying pattern rule with stem `railibqx.in[12345].cc'.
            Trying implicit prerequisite `src/RCS/railibqx.in[12345].cc,v'.
            Trying pattern rule with stem `railibqx.in[12345].cc'.
            Trying implicit prerequisite `src/RCS/railibqx.in[12345].cc'.
            Trying pattern rule with stem `railibqx.in[12345].cc'.
            Trying implicit prerequisite `src/s.railibqx.in[12345].cc'.
            Trying pattern rule with stem `railibqx.in[12345].cc'.
            Trying implicit prerequisite `src/SCCS/s.railibqx.in[12345].cc'.
           Trying pattern rule with stem `railibqx.in[12345]'.
           Trying implicit prerequisite `src/railibqx.in[12345].C'.
           Looking for a rule with intermediate file `src/railibqx.in[12345].C'.
            Avoiding implicit rule recursion.
            Avoiding implicit rule recursion.
            Trying pattern rule with stem `railibqx.in[12345].C'.
            Trying implicit prerequisite `src/railibqx.in[12345].C,v'.
            Trying pattern rule with stem `railibqx.in[12345].C'.
            Trying implicit prerequisite `src/RCS/railibqx.in[12345].C,v'.
            Trying pattern rule with stem `railibqx.in[12345].C'.
            Trying implicit prerequisite `src/RCS/railibqx.in[12345].C'.
            Trying pattern rule with stem `railibqx.in[12345].C'.
            Trying implicit prerequisite `src/s.railibqx.in[12345].C'.
            Trying pattern rule with stem `railibqx.in[12345].C'.
            Trying implicit prerequisite `src/SCCS/s.railibqx.in[12345].C'.
           Trying pattern rule with stem `railibqx.in[12345]'.
           Trying implicit prerequisite `src/railibqx.in[12345].cpp'.
           Looking for a rule with intermediate file `src/railibqx.in[12345].cpp'.
            Avoiding implicit rule recursion.
            Avoiding implicit rule recursion.
            Trying pattern rule with stem `railibqx.in[12345].cpp'.
            Trying implicit prerequisite `src/railibqx.in[12345].cpp,v'.
            Trying pattern rule with stem `railibqx.in[12345].cpp'.
            Trying implicit prerequisite `src/RCS/railibqx.in[12345].cpp,v'.
            Trying pattern rule with stem `railibqx.in[12345].cpp'.
            Trying implicit prerequisite `src/RCS/railibqx.in[12345].cpp'.
            Trying pattern rule with stem `railibqx.in[12345].cpp'.
            Trying implicit prerequisite `src/s.railibqx.in[12345].cpp'.
            Trying pattern rule with stem `railibqx.in[12345].cpp'.
            Trying implicit prerequisite `src/SCCS/s.railibqx.in[12345].cpp'.
           Trying pattern rule with stem `railibqx.in[12345]'.
           Trying implicit prerequisite `src/railibqx.in[12345].p'.
           Looking for a rule with intermediate file `src/railibqx.in[12345].p'.
            Avoiding implicit rule recursion.
            Avoiding implicit rule recursion.
            Trying pattern rule with stem `railibqx.in[12345]'.
            Trying implicit prerequisite `src/railibqx.in[12345].web'.
            Trying pattern rule with stem `railibqx.in[12345].p'.
            Trying implicit prerequisite `src/railibqx.in[12345].p,v'.
            Trying pattern rule with stem `railibqx.in[12345].p'.
            Trying implicit prerequisite `src/RCS/railibqx.in[12345].p,v'.
            Trying pattern rule with stem `railibqx.in[12345].p'.
            Trying implicit prerequisite `src/RCS/railibqx.in[12345].p'.
            Trying pattern rule with stem `railibqx.in[12345].p'.
            Trying implicit prerequisite `src/s.railibqx.in[12345].p'.
            Trying pattern rule with stem `railibqx.in[12345].p'.
            Trying implicit prerequisite `src/SCCS/s.railibqx.in[12345].p'.
            Trying pattern rule with stem `railibqx.in[12345]'.
            Trying implicit prerequisite `src/railibqx.in[12345].web'.
            Looking for a rule with intermediate file `src/railibqx.in[12345].web'.
             Avoiding implicit rule recursion.
             Avoiding implicit rule recursion.
             Avoiding implicit rule recursion.
             Trying pattern rule with stem `railibqx.in[12345].web'.
             Trying implicit prerequisite `src/railibqx.in[12345].web,v'.
             Trying pattern rule with stem `railibqx.in[12345].web'.
             Trying implicit prerequisite `src/RCS/railibqx.in[12345].web,v'.
             Trying pattern rule with stem `railibqx.in[12345].web'.
             Trying implicit prerequisite `src/RCS/railibqx.in[12345].web'.
             Trying pattern rule with stem `railibqx.in[12345].web'.
             Trying implicit prerequisite `src/s.railibqx.in[12345].web'.
             Trying pattern rule with stem `railibqx.in[12345].web'.
             Trying implicit prerequisite `src/SCCS/s.railibqx.in[12345].web'.
           Trying pattern rule with stem `railibqx.in[12345]'.
           Trying implicit prerequisite `src/railibqx.in[12345].f'.
           Looking for a rule with intermediate file `src/railibqx.in[12345].f'.
            Avoiding implicit rule recursion.
            Avoiding implicit rule recursion.
            Trying pattern rule with stem `railibqx.in[12345]'.
            Trying implicit prerequisite `src/railibqx.in[12345].F'.
            Trying pattern rule with stem `railibqx.in[12345]'.
            Trying implicit prerequisite `src/railibqx.in[12345].r'.
            Trying pattern rule with stem `railibqx.in[12345].f'.
            Trying implicit prerequisite `src/railibqx.in[12345].f,v'.
            Trying pattern rule with stem `railibqx.in[12345].f'.
            Trying implicit prerequisite `src/RCS/railibqx.in[12345].f,v'.
            Trying pattern rule with stem `railibqx.in[12345].f'.
            Trying implicit prerequisite `src/RCS/railibqx.in[12345].f'.
            Trying pattern rule with stem `railibqx.in[12345].f'.
            Trying implicit prerequisite `src/s.railibqx.in[12345].f'.
            Trying pattern rule with stem `railibqx.in[12345].f'.
            Trying implicit prerequisite `src/SCCS/s.railibqx.in[12345].f'.
            Trying pattern rule with stem `railibqx.in[12345]'.
            Trying implicit prerequisite `src/railibqx.in[12345].F'.
            Looking for a rule with intermediate file `src/railibqx.in[12345].F'.
             Avoiding implicit rule recursion.
             Avoiding implicit rule recursion.
             Avoiding implicit rule recursion.
             Trying pattern rule with stem `railibqx.in[12345].F'.
             Trying implicit prerequisite `src/railibqx.in[12345].F,v'.
             Trying pattern rule with stem `railibqx.in[12345].F'.
             Trying implicit prerequisite `src/RCS/railibqx.in[12345].F,v'.
             Trying pattern rule with stem `railibqx.in[12345].F'.
             Trying implicit prerequisite `src/RCS/railibqx.in[12345].F'.
             Trying pattern rule with stem `railibqx.in[12345].F'.
             Trying implicit prerequisite `src/s.railibqx.in[12345].F'.
             Trying pattern rule with stem `railibqx.in[12345].F'.
             Trying implicit prerequisite `src/SCCS/s.railibqx.in[12345].F'.
            Trying pattern rule with stem `railibqx.in[12345]'.
            Trying implicit prerequisite `src/railibqx.in[12345].r'.
            Looking for a rule with intermediate file `src/railibqx.in[12345].r'.
             Avoiding implicit rule recursion.
             Avoiding implicit rule recursion.
             Avoiding implicit rule recursion.
             Trying pattern rule with stem `railibqx.in[12345]'.
             Rejecting impossible implicit prerequisite `src/railibqx.in[12345].l'.
             Trying pattern rule with stem `railibqx.in[12345].r'.
             Trying implicit prerequisite `src/railibqx.in[12345].r,v'.
             Trying pattern rule with stem `railibqx.in[12345].r'.
             Trying implicit prerequisite `src/RCS/railibqx.in[12345].r,v'.
             Trying pattern rule with stem `railibqx.in[12345].r'.
             Trying implicit prerequisite `src/RCS/railibqx.in[12345].r'.
             Trying pattern rule with stem `railibqx.in[12345].r'.
             Trying implicit prerequisite `src/s.railibqx.in[12345].r'.
             Trying pattern rule with stem `railibqx.in[12345].r'.
             Trying implicit prerequisite `src/SCCS/s.railibqx.in[12345].r'.
           Trying pattern rule with stem `railibqx.in[12345]'.
           Rejecting impossible implicit prerequisite `src/railibqx.in[12345].F'.
           Trying pattern rule with stem `railibqx.in[12345]'.
           Rejecting impossible implicit prerequisite `src/railibqx.in[12345].r'.
           Trying pattern rule with stem `railibqx.in[12345]'.
           Trying implicit prerequisite `src/railibqx.in[12345].s'.
           Looking for a rule with intermediate file `src/railibqx.in[12345].s'.
            Avoiding implicit rule recursion.
            Avoiding implicit rule recursion.
            Trying pattern rule with stem `railibqx.in[12345]'.
            Trying implicit prerequisite `src/railibqx.in[12345].S'.
            Trying pattern rule with stem `railibqx.in[12345].s'.
            Trying implicit prerequisite `src/railibqx.in[12345].s,v'.
            Trying pattern rule with stem `railibqx.in[12345].s'.
            Trying implicit prerequisite `src/RCS/railibqx.in[12345].s,v'.
            Trying pattern rule with stem `railibqx.in[12345].s'.
            Trying implicit prerequisite `src/RCS/railibqx.in[12345].s'.
            Trying pattern rule with stem `railibqx.in[12345].s'.
            Trying implicit prerequisite `src/s.railibqx.in[12345].s'.
            Trying pattern rule with stem `railibqx.in[12345].s'.
            Trying implicit prerequisite `src/SCCS/s.railibqx.in[12345].s'.
            Trying pattern rule with stem `railibqx.in[12345]'.
            Trying implicit prerequisite `src/railibqx.in[12345].S'.
            Looking for a rule with intermediate file `src/railibqx.in[12345].S'.
             Avoiding implicit rule recursion.
             Avoiding implicit rule recursion.
             Avoiding implicit rule recursion.
             Trying pattern rule with stem `railibqx.in[12345].S'.
             Trying implicit prerequisite `src/railibqx.in[12345].S,v'.
             Trying pattern rule with stem `railibqx.in[12345].S'.
             Trying implicit prerequisite `src/RCS/railibqx.in[12345].S,v'.
             Trying pattern rule with stem `railibqx.in[12345].S'.
             Trying implicit prerequisite `src/RCS/railibqx.in[12345].S'.
             Trying pattern rule with stem `railibqx.in[12345].S'.
             Trying implicit prerequisite `src/s.railibqx.in[12345].S'.
             Trying pattern rule with stem `railibqx.in[12345].S'.
             Trying implicit prerequisite `src/SCCS/s.railibqx.in[12345].S'.
           Trying pattern rule with stem `railibqx.in[12345]'.
           Rejecting impossible implicit prerequisite `src/railibqx.in[12345].S'.
           Trying pattern rule with stem `railibqx.in[12345]'.
           Trying implicit prerequisite `src/railibqx.in[12345].mod'.
           Looking for a rule with intermediate file `src/railibqx.in[12345].mod'.
            Avoiding implicit rule recursion.
            Avoiding implicit rule recursion.
            Trying pattern rule with stem `railibqx.in[12345].mod'.
            Trying implicit prerequisite `src/railibqx.in[12345].mod,v'.
            Trying pattern rule with stem `railibqx.in[12345].mod'.
            Trying implicit prerequisite `src/RCS/railibqx.in[12345].mod,v'.
            Trying pattern rule with stem `railibqx.in[12345].mod'.
            Trying implicit prerequisite `src/RCS/railibqx.in[12345].mod'.
            Trying pattern rule with stem `railibqx.in[12345].mod'.
            Trying implicit prerequisite `src/s.railibqx.in[12345].mod'.
            Trying pattern rule with stem `railibqx.in[12345].mod'.
            Trying implicit prerequisite `src/SCCS/s.railibqx.in[12345].mod'.
          Trying pattern rule with stem `railibqx.in[12345]'.
          Rejecting impossible implicit prerequisite `src/railibqx.in[12345].c'.
          Trying pattern rule with stem `railibqx.in[12345]'.
          Rejecting impossible implicit prerequisite `src/railibqx.in[12345].cc'.
          Trying pattern rule with stem `railibqx.in[12345]'.
          Rejecting impossible implicit prerequisite `src/railibqx.in[12345].C'.
          Trying pattern rule with stem `railibqx.in[12345]'.
          Rejecting impossible implicit prerequisite `src/railibqx.in[12345].cpp'.
          Trying pattern rule with stem `railibqx.in[12345]'.
          Rejecting impossible implicit prerequisite `src/railibqx.in[12345].p'.
          Trying pattern rule with stem `railibqx.in[12345]'.
          Rejecting impossible implicit prerequisite `src/railibqx.in[12345].f'.
          Trying pattern rule with stem `railibqx.in[12345]'.
          Rejecting impossible implicit prerequisite `src/railibqx.in[12345].F'.
          Trying pattern rule with stem `railibqx.in[12345]'.
          Rejecting impossible implicit prerequisite `src/railibqx.in[12345].r'.
          Trying pattern rule with stem `railibqx.in[12345]'.
          Rejecting impossible implicit prerequisite `src/railibqx.in[12345].s'.
          Trying pattern rule with stem `railibqx.in[12345]'.
          Rejecting impossible implicit prerequisite `src/railibqx.in[12345].S'.
          Trying pattern rule with stem `railibqx.in[12345]'.
          Rejecting impossible implicit prerequisite `src/railibqx.in[12345].mod'.
          Trying pattern rule with stem `railibqx.in[12345]'.
          Trying implicit prerequisite `src/railibqx.in[12345].sh'.
          Looking for a rule with intermediate file `src/railibqx.in[12345].sh'.
           Avoiding implicit rule recursion.
           Trying pattern rule with stem `railibqx.in[12345].sh'.
           Trying implicit prerequisite `src/railibqx.in[12345].sh,v'.
           Trying pattern rule with stem `railibqx.in[12345].sh'.
           Trying implicit prerequisite `src/RCS/railibqx.in[12345].sh,v'.
           Trying pattern rule with stem `railibqx.in[12345].sh'.
           Trying implicit prerequisite `src/RCS/railibqx.in[12345].sh'.
           Trying pattern rule with stem `railibqx.in[12345].sh'.
           Trying implicit prerequisite `src/s.railibqx.in[12345].sh'.
           Trying pattern rule with stem `railibqx.in[12345].sh'.
           Trying implicit prerequisite `src/SCCS/s.railibqx.in[12345].sh'.
          No implicit rule found for `src/railibqx.in[12345]'.
          Finished prerequisites of target file `src/railibqx.in[12345]'.
         Must remake target `src/railibqx.in[12345]'.
         Failed to remake target file `src/railibqx.in[12345]'.
        Finished prerequisites of target file `.icl/railibqx.scc'.
       Giving up on target file `.icl/railibqx.scc'.
      Finished prerequisites of target file `.intermediate/src/railibqx.scc'.
     Giving up on target file `.intermediate/src/railibqx.scc'.
    Finished prerequisites of target file `.intermediate/src/prb.mod'.
   Giving up on target file `.intermediate/src/prb.mod'.
  Finished prerequisites of target file `.intermediate/src/prb.dep'.
 Giving up on target file `.intermediate/src/prb.dep'.
 Considering target file `/home/qinqxu/tnsdlunit/config.mk'.
  Looking for an implicit rule for `/home/qinqxu/tnsdlunit/config.mk'.
  Trying pattern rule with stem `config.mk'.
  Trying implicit prerequisite `/home/qinqxu/tnsdlunit/config.mk.o'.
  Trying pattern rule with stem `config.mk'.
  Trying implicit prerequisite `/home/qinqxu/tnsdlunit/config.mk.c'.
  Trying pattern rule with stem `config.mk'.
  Trying implicit prerequisite `/home/qinqxu/tnsdlunit/config.mk.cc'.
  Trying pattern rule with stem `config.mk'.
  Trying implicit prerequisite `/home/qinqxu/tnsdlunit/config.mk.C'.
  Trying pattern rule with stem `config.mk'.
  Trying implicit prerequisite `/home/qinqxu/tnsdlunit/config.mk.cpp'.
  Trying pattern rule with stem `config.mk'.
  Trying implicit prerequisite `/home/qinqxu/tnsdlunit/config.mk.p'.
  Trying pattern rule with stem `config.mk'.
  Trying implicit prerequisite `/home/qinqxu/tnsdlunit/config.mk.f'.
  Trying pattern rule with stem `config.mk'.
  Trying implicit prerequisite `/home/qinqxu/tnsdlunit/config.mk.F'.
  Trying pattern rule with stem `config.mk'.
  Trying implicit prerequisite `/home/qinqxu/tnsdlunit/config.mk.r'.
  Trying pattern rule with stem `config.mk'.
  Trying implicit prerequisite `/home/qinqxu/tnsdlunit/config.mk.s'.
  Trying pattern rule with stem `config.mk'.
  Trying implicit prerequisite `/home/qinqxu/tnsdlunit/config.mk.S'.
  Trying pattern rule with stem `config.mk'.
  Trying implicit prerequisite `/home/qinqxu/tnsdlunit/config.mk.mod'.
  Trying pattern rule with stem `config.mk'.
  Trying implicit prerequisite `/home/qinqxu/tnsdlunit/config.mk.sh'.
  Trying pattern rule with stem `config.mk'.
  Trying implicit prerequisite `/home/qinqxu/tnsdlunit/config.mk,v'.
  Trying pattern rule with stem `config.mk'.
  Trying implicit prerequisite `/home/qinqxu/tnsdlunit/RCS/config.mk,v'.
  Trying pattern rule with stem `config.mk'.
  Trying implicit prerequisite `/home/qinqxu/tnsdlunit/RCS/config.mk'.
  Trying pattern rule with stem `config.mk'.
  Trying implicit prerequisite `/home/qinqxu/tnsdlunit/s.config.mk'.
  Trying pattern rule with stem `config.mk'.
  Trying implicit prerequisite `/home/qinqxu/tnsdlunit/SCCS/s.config.mk'.
  Trying pattern rule with stem `config.mk'.
  Trying implicit prerequisite `/home/qinqxu/tnsdlunit/config.mk.o'.
  Looking for a rule with intermediate file `/home/qinqxu/tnsdlunit/config.mk.o'.
   Avoiding implicit rule recursion.
   Trying pattern rule with stem `config.mk'.
   Trying implicit prerequisite `/home/qinqxu/tnsdlunit/config.mk.c'.
   Trying pattern rule with stem `config.mk'.
   Trying implicit prerequisite `/home/qinqxu/tnsdlunit/config.mk.cc'.
   Trying pattern rule with stem `config.mk'.
   Trying implicit prerequisite `/home/qinqxu/tnsdlunit/config.mk.C'.
   Trying pattern rule with stem `config.mk'.
   Trying implicit prerequisite `/home/qinqxu/tnsdlunit/config.mk.cpp'.
   Trying pattern rule with stem `config.mk'.
   Trying implicit prerequisite `/home/qinqxu/tnsdlunit/config.mk.p'.
   Trying pattern rule with stem `config.mk'.
   Trying implicit prerequisite `/home/qinqxu/tnsdlunit/config.mk.f'.
   Trying pattern rule with stem `config.mk'.
   Trying implicit prerequisite `/home/qinqxu/tnsdlunit/config.mk.F'.
   Trying pattern rule with stem `config.mk'.
   Trying implicit prerequisite `/home/qinqxu/tnsdlunit/config.mk.r'.
   Trying pattern rule with stem `config.mk'.
   Trying implicit prerequisite `/home/qinqxu/tnsdlunit/config.mk.s'.
   Trying pattern rule with stem `config.mk'.
   Trying implicit prerequisite `/home/qinqxu/tnsdlunit/config.mk.S'.
   Trying pattern rule with stem `config.mk'.
   Trying implicit prerequisite `/home/qinqxu/tnsdlunit/config.mk.mod'.
   Trying pattern rule with stem `config.mk.o'.
   Trying implicit prerequisite `/home/qinqxu/tnsdlunit/config.mk.o,v'.
   Trying pattern rule with stem `config.mk.o'.
   Trying implicit prerequisite `/home/qinqxu/tnsdlunit/RCS/config.mk.o,v'.
   Trying pattern rule with stem `config.mk.o'.
   Trying implicit prerequisite `/home/qinqxu/tnsdlunit/RCS/config.mk.o'.
   Trying pattern rule with stem `config.mk.o'.
   Trying implicit prerequisite `/home/qinqxu/tnsdlunit/s.config.mk.o'.
   Trying pattern rule with stem `config.mk.o'.
   Trying implicit prerequisite `/home/qinqxu/tnsdlunit/SCCS/s.config.mk.o'.
   Trying pattern rule with stem `config.mk'.
   Trying implicit prerequisite `/home/qinqxu/tnsdlunit/config.mk.c'.
   Looking for a rule with intermediate file `/home/qinqxu/tnsdlunit/config.mk.c'.
    Avoiding implicit rule recursion.
    Avoiding implicit rule recursion.
    Trying pattern rule with stem `config.mk'.
    Trying implicit prerequisite `/home/qinqxu/tnsdlunit/config.mk.y'.
    Trying pattern rule with stem `config.mk'.
    Trying implicit prerequisite `/home/qinqxu/tnsdlunit/config.mk.l'.
    Trying pattern rule with stem `config.mk'.
    Trying implicit prerequisite `/home/qinqxu/tnsdlunit/config.mk.w'.
    Trying pattern rule with stem `config.mk'.
    Trying implicit prerequisite `/home/qinqxu/tnsdlunit/config.mk.w'.
    Trying pattern rule with stem `config.mk.c'.
    Trying implicit prerequisite `/home/qinqxu/tnsdlunit/config.mk.c,v'.
    Trying pattern rule with stem `config.mk.c'.
    Trying implicit prerequisite `/home/qinqxu/tnsdlunit/RCS/config.mk.c,v'.
    Trying pattern rule with stem `config.mk.c'.
    Trying implicit prerequisite `/home/qinqxu/tnsdlunit/RCS/config.mk.c'.
    Trying pattern rule with stem `config.mk.c'.
    Trying implicit prerequisite `/home/qinqxu/tnsdlunit/s.config.mk.c'.
    Trying pattern rule with stem `config.mk.c'.
    Trying implicit prerequisite `/home/qinqxu/tnsdlunit/SCCS/s.config.mk.c'.
    Trying pattern rule with stem `config.mk'.
    Trying implicit prerequisite `/home/qinqxu/tnsdlunit/config.mk.y'.
    Looking for a rule with intermediate file `/home/qinqxu/tnsdlunit/config.mk.y'.
     Avoiding implicit rule recursion.
     Avoiding implicit rule recursion.
     Avoiding implicit rule recursion.
     Trying pattern rule with stem `config.mk.y'.
     Trying implicit prerequisite `/home/qinqxu/tnsdlunit/config.mk.y,v'.
     Trying pattern rule with stem `config.mk.y'.
     Trying implicit prerequisite `/home/qinqxu/tnsdlunit/RCS/config.mk.y,v'.
     Trying pattern rule with stem `config.mk.y'.
     Trying implicit prerequisite `/home/qinqxu/tnsdlunit/RCS/config.mk.y'.
     Trying pattern rule with stem `config.mk.y'.
     Trying implicit prerequisite `/home/qinqxu/tnsdlunit/s.config.mk.y'.
     Trying pattern rule with stem `config.mk.y'.
     Trying implicit prerequisite `/home/qinqxu/tnsdlunit/SCCS/s.config.mk.y'.
    Trying pattern rule with stem `config.mk'.
    Trying implicit prerequisite `/home/qinqxu/tnsdlunit/config.mk.l'.
    Looking for a rule with intermediate file `/home/qinqxu/tnsdlunit/config.mk.l'.
     Avoiding implicit rule recursion.
     Avoiding implicit rule recursion.
     Avoiding implicit rule recursion.
     Trying pattern rule with stem `config.mk.l'.
     Trying implicit prerequisite `/home/qinqxu/tnsdlunit/config.mk.l,v'.
     Trying pattern rule with stem `config.mk.l'.
     Trying implicit prerequisite `/home/qinqxu/tnsdlunit/RCS/config.mk.l,v'.
     Trying pattern rule with stem `config.mk.l'.
     Trying implicit prerequisite `/home/qinqxu/tnsdlunit/RCS/config.mk.l'.
     Trying pattern rule with stem `config.mk.l'.
     Trying implicit prerequisite `/home/qinqxu/tnsdlunit/s.config.mk.l'.
     Trying pattern rule with stem `config.mk.l'.
     Trying implicit prerequisite `/home/qinqxu/tnsdlunit/SCCS/s.config.mk.l'.
    Trying pattern rule with stem `config.mk'.
    Trying implicit prerequisite `/home/qinqxu/tnsdlunit/config.mk.w'.
    Looking for a rule with intermediate file `/home/qinqxu/tnsdlunit/config.mk.w'.
     Avoiding implicit rule recursion.
     Avoiding implicit rule recursion.
     Avoiding implicit rule recursion.
     Trying pattern rule with stem `config.mk.w'.
     Trying implicit prerequisite `/home/qinqxu/tnsdlunit/config.mk.w,v'.
     Trying pattern rule with stem `config.mk.w'.
     Trying implicit prerequisite `/home/qinqxu/tnsdlunit/RCS/config.mk.w,v'.
     Trying pattern rule with stem `config.mk.w'.
     Trying implicit prerequisite `/home/qinqxu/tnsdlunit/RCS/config.mk.w'.
     Trying pattern rule with stem `config.mk.w'.
     Trying implicit prerequisite `/home/qinqxu/tnsdlunit/s.config.mk.w'.
     Trying pattern rule with stem `config.mk.w'.
     Trying implicit prerequisite `/home/qinqxu/tnsdlunit/SCCS/s.config.mk.w'.
    Trying pattern rule with stem `config.mk'.
    Rejecting impossible implicit prerequisite `/home/qinqxu/tnsdlunit/config.mk.w'.
   Trying pattern rule with stem `config.mk'.
   Trying implicit prerequisite `/home/qinqxu/tnsdlunit/config.mk.cc'.
   Looking for a rule with intermediate file `/home/qinqxu/tnsdlunit/config.mk.cc'.
    Avoiding implicit rule recursion.
    Avoiding implicit rule recursion.
    Trying pattern rule with stem `config.mk.cc'.
    Trying implicit prerequisite `/home/qinqxu/tnsdlunit/config.mk.cc,v'.
    Trying pattern rule with stem `config.mk.cc'.
    Trying implicit prerequisite `/home/qinqxu/tnsdlunit/RCS/config.mk.cc,v'.
    Trying pattern rule with stem `config.mk.cc'.
    Trying implicit prerequisite `/home/qinqxu/tnsdlunit/RCS/config.mk.cc'.
    Trying pattern rule with stem `config.mk.cc'.
    Trying implicit prerequisite `/home/qinqxu/tnsdlunit/s.config.mk.cc'.
    Trying pattern rule with stem `config.mk.cc'.
    Trying implicit prerequisite `/home/qinqxu/tnsdlunit/SCCS/s.config.mk.cc'.
   Trying pattern rule with stem `config.mk'.
   Trying implicit prerequisite `/home/qinqxu/tnsdlunit/config.mk.C'.
   Looking for a rule with intermediate file `/home/qinqxu/tnsdlunit/config.mk.C'.
    Avoiding implicit rule recursion.
    Avoiding implicit rule recursion.
    Trying pattern rule with stem `config.mk.C'.
    Trying implicit prerequisite `/home/qinqxu/tnsdlunit/config.mk.C,v'.
    Trying pattern rule with stem `config.mk.C'.
    Trying implicit prerequisite `/home/qinqxu/tnsdlunit/RCS/config.mk.C,v'.
    Trying pattern rule with stem `config.mk.C'.
    Trying implicit prerequisite `/home/qinqxu/tnsdlunit/RCS/config.mk.C'.
    Trying pattern rule with stem `config.mk.C'.
    Trying implicit prerequisite `/home/qinqxu/tnsdlunit/s.config.mk.C'.
    Trying pattern rule with stem `config.mk.C'.
    Trying implicit prerequisite `/home/qinqxu/tnsdlunit/SCCS/s.config.mk.C'.
   Trying pattern rule with stem `config.mk'.
   Trying implicit prerequisite `/home/qinqxu/tnsdlunit/config.mk.cpp'.
   Looking for a rule with intermediate file `/home/qinqxu/tnsdlunit/config.mk.cpp'.
    Avoiding implicit rule recursion.
    Avoiding implicit rule recursion.
    Trying pattern rule with stem `config.mk.cpp'.
    Trying implicit prerequisite `/home/qinqxu/tnsdlunit/config.mk.cpp,v'.
    Trying pattern rule with stem `config.mk.cpp'.
    Trying implicit prerequisite `/home/qinqxu/tnsdlunit/RCS/config.mk.cpp,v'.
    Trying pattern rule with stem `config.mk.cpp'.
    Trying implicit prerequisite `/home/qinqxu/tnsdlunit/RCS/config.mk.cpp'.
    Trying pattern rule with stem `config.mk.cpp'.
    Trying implicit prerequisite `/home/qinqxu/tnsdlunit/s.config.mk.cpp'.
    Trying pattern rule with stem `config.mk.cpp'.
    Trying implicit prerequisite `/home/qinqxu/tnsdlunit/SCCS/s.config.mk.cpp'.
   Trying pattern rule with stem `config.mk'.
   Trying implicit prerequisite `/home/qinqxu/tnsdlunit/config.mk.p'.
   Looking for a rule with intermediate file `/home/qinqxu/tnsdlunit/config.mk.p'.
    Avoiding implicit rule recursion.
    Avoiding implicit rule recursion.
    Trying pattern rule with stem `config.mk'.
    Trying implicit prerequisite `/home/qinqxu/tnsdlunit/config.mk.web'.
    Trying pattern rule with stem `config.mk.p'.
    Trying implicit prerequisite `/home/qinqxu/tnsdlunit/config.mk.p,v'.
    Trying pattern rule with stem `config.mk.p'.
    Trying implicit prerequisite `/home/qinqxu/tnsdlunit/RCS/config.mk.p,v'.
    Trying pattern rule with stem `config.mk.p'.
    Trying implicit prerequisite `/home/qinqxu/tnsdlunit/RCS/config.mk.p'.
    Trying pattern rule with stem `config.mk.p'.
    Trying implicit prerequisite `/home/qinqxu/tnsdlunit/s.config.mk.p'.
    Trying pattern rule with stem `config.mk.p'.
    Trying implicit prerequisite `/home/qinqxu/tnsdlunit/SCCS/s.config.mk.p'.
    Trying pattern rule with stem `config.mk'.
    Trying implicit prerequisite `/home/qinqxu/tnsdlunit/config.mk.web'.
    Looking for a rule with intermediate file `/home/qinqxu/tnsdlunit/config.mk.web'.
     Avoiding implicit rule recursion.
     Avoiding implicit rule recursion.
     Avoiding implicit rule recursion.
     Trying pattern rule with stem `config.mk.web'.
     Trying implicit prerequisite `/home/qinqxu/tnsdlunit/config.mk.web,v'.
     Trying pattern rule with stem `config.mk.web'.
     Trying implicit prerequisite `/home/qinqxu/tnsdlunit/RCS/config.mk.web,v'.
     Trying pattern rule with stem `config.mk.web'.
     Trying implicit prerequisite `/home/qinqxu/tnsdlunit/RCS/config.mk.web'.
     Trying pattern rule with stem `config.mk.web'.
     Trying implicit prerequisite `/home/qinqxu/tnsdlunit/s.config.mk.web'.
     Trying pattern rule with stem `config.mk.web'.
     Trying implicit prerequisite `/home/qinqxu/tnsdlunit/SCCS/s.config.mk.web'.
   Trying pattern rule with stem `config.mk'.
   Trying implicit prerequisite `/home/qinqxu/tnsdlunit/config.mk.f'.
   Looking for a rule with intermediate file `/home/qinqxu/tnsdlunit/config.mk.f'.
    Avoiding implicit rule recursion.
    Avoiding implicit rule recursion.
    Trying pattern rule with stem `config.mk'.
    Trying implicit prerequisite `/home/qinqxu/tnsdlunit/config.mk.F'.
    Trying pattern rule with stem `config.mk'.
    Trying implicit prerequisite `/home/qinqxu/tnsdlunit/config.mk.r'.
    Trying pattern rule with stem `config.mk.f'.
    Trying implicit prerequisite `/home/qinqxu/tnsdlunit/config.mk.f,v'.
    Trying pattern rule with stem `config.mk.f'.
    Trying implicit prerequisite `/home/qinqxu/tnsdlunit/RCS/config.mk.f,v'.
    Trying pattern rule with stem `config.mk.f'.
    Trying implicit prerequisite `/home/qinqxu/tnsdlunit/RCS/config.mk.f'.
    Trying pattern rule with stem `config.mk.f'.
    Trying implicit prerequisite `/home/qinqxu/tnsdlunit/s.config.mk.f'.
    Trying pattern rule with stem `config.mk.f'.
    Trying implicit prerequisite `/home/qinqxu/tnsdlunit/SCCS/s.config.mk.f'.
    Trying pattern rule with stem `config.mk'.
    Trying implicit prerequisite `/home/qinqxu/tnsdlunit/config.mk.F'.
    Looking for a rule with intermediate file `/home/qinqxu/tnsdlunit/config.mk.F'.
     Avoiding implicit rule recursion.
     Avoiding implicit rule recursion.
     Avoiding implicit rule recursion.
     Trying pattern rule with stem `config.mk.F'.
     Trying implicit prerequisite `/home/qinqxu/tnsdlunit/config.mk.F,v'.
     Trying pattern rule with stem `config.mk.F'.
     Trying implicit prerequisite `/home/qinqxu/tnsdlunit/RCS/config.mk.F,v'.
     Trying pattern rule with stem `config.mk.F'.
     Trying implicit prerequisite `/home/qinqxu/tnsdlunit/RCS/config.mk.F'.
     Trying pattern rule with stem `config.mk.F'.
     Trying implicit prerequisite `/home/qinqxu/tnsdlunit/s.config.mk.F'.
     Trying pattern rule with stem `config.mk.F'.
     Trying implicit prerequisite `/home/qinqxu/tnsdlunit/SCCS/s.config.mk.F'.
    Trying pattern rule with stem `config.mk'.
    Trying implicit prerequisite `/home/qinqxu/tnsdlunit/config.mk.r'.
    Looking for a rule with intermediate file `/home/qinqxu/tnsdlunit/config.mk.r'.
     Avoiding implicit rule recursion.
     Avoiding implicit rule recursion.
     Avoiding implicit rule recursion.
     Trying pattern rule with stem `config.mk'.
     Rejecting impossible implicit prerequisite `/home/qinqxu/tnsdlunit/config.mk.l'.
     Trying pattern rule with stem `config.mk.r'.
     Trying implicit prerequisite `/home/qinqxu/tnsdlunit/config.mk.r,v'.
     Trying pattern rule with stem `config.mk.r'.
     Trying implicit prerequisite `/home/qinqxu/tnsdlunit/RCS/config.mk.r,v'.
     Trying pattern rule with stem `config.mk.r'.
     Trying implicit prerequisite `/home/qinqxu/tnsdlunit/RCS/config.mk.r'.
     Trying pattern rule with stem `config.mk.r'.
     Trying implicit prerequisite `/home/qinqxu/tnsdlunit/s.config.mk.r'.
     Trying pattern rule with stem `config.mk.r'.
     Trying implicit prerequisite `/home/qinqxu/tnsdlunit/SCCS/s.config.mk.r'.
   Trying pattern rule with stem `config.mk'.
   Rejecting impossible implicit prerequisite `/home/qinqxu/tnsdlunit/config.mk.F'.
   Trying pattern rule with stem `config.mk'.
   Rejecting impossible implicit prerequisite `/home/qinqxu/tnsdlunit/config.mk.r'.
   Trying pattern rule with stem `config.mk'.
   Trying implicit prerequisite `/home/qinqxu/tnsdlunit/config.mk.s'.
   Looking for a rule with intermediate file `/home/qinqxu/tnsdlunit/config.mk.s'.
    Avoiding implicit rule recursion.
    Avoiding implicit rule recursion.
    Trying pattern rule with stem `config.mk'.
    Trying implicit prerequisite `/home/qinqxu/tnsdlunit/config.mk.S'.
    Trying pattern rule with stem `config.mk.s'.
    Trying implicit prerequisite `/home/qinqxu/tnsdlunit/config.mk.s,v'.
    Trying pattern rule with stem `config.mk.s'.
    Trying implicit prerequisite `/home/qinqxu/tnsdlunit/RCS/config.mk.s,v'.
    Trying pattern rule with stem `config.mk.s'.
    Trying implicit prerequisite `/home/qinqxu/tnsdlunit/RCS/config.mk.s'.
    Trying pattern rule with stem `config.mk.s'.
    Trying implicit prerequisite `/home/qinqxu/tnsdlunit/s.config.mk.s'.
    Trying pattern rule with stem `config.mk.s'.
    Trying implicit prerequisite `/home/qinqxu/tnsdlunit/SCCS/s.config.mk.s'.
    Trying pattern rule with stem `config.mk'.
    Trying implicit prerequisite `/home/qinqxu/tnsdlunit/config.mk.S'.
    Looking for a rule with intermediate file `/home/qinqxu/tnsdlunit/config.mk.S'.
     Avoiding implicit rule recursion.
     Avoiding implicit rule recursion.
     Avoiding implicit rule recursion.
     Trying pattern rule with stem `config.mk.S'.
     Trying implicit prerequisite `/home/qinqxu/tnsdlunit/config.mk.S,v'.
     Trying pattern rule with stem `config.mk.S'.
     Trying implicit prerequisite `/home/qinqxu/tnsdlunit/RCS/config.mk.S,v'.
     Trying pattern rule with stem `config.mk.S'.
     Trying implicit prerequisite `/home/qinqxu/tnsdlunit/RCS/config.mk.S'.
     Trying pattern rule with stem `config.mk.S'.
     Trying implicit prerequisite `/home/qinqxu/tnsdlunit/s.config.mk.S'.
     Trying pattern rule with stem `config.mk.S'.
     Trying implicit prerequisite `/home/qinqxu/tnsdlunit/SCCS/s.config.mk.S'.
   Trying pattern rule with stem `config.mk'.
   Rejecting impossible implicit prerequisite `/home/qinqxu/tnsdlunit/config.mk.S'.
   Trying pattern rule with stem `config.mk'.
   Trying implicit prerequisite `/home/qinqxu/tnsdlunit/config.mk.mod'.
   Looking for a rule with intermediate file `/home/qinqxu/tnsdlunit/config.mk.mod'.
    Avoiding implicit rule recursion.
    Avoiding implicit rule recursion.
    Trying pattern rule with stem `config.mk.mod'.
    Trying implicit prerequisite `/home/qinqxu/tnsdlunit/config.mk.mod,v'.
    Trying pattern rule with stem `config.mk.mod'.
    Trying implicit prerequisite `/home/qinqxu/tnsdlunit/RCS/config.mk.mod,v'.
    Trying pattern rule with stem `config.mk.mod'.
    Trying implicit prerequisite `/home/qinqxu/tnsdlunit/RCS/config.mk.mod'.
    Trying pattern rule with stem `config.mk.mod'.
    Trying implicit prerequisite `/home/qinqxu/tnsdlunit/s.config.mk.mod'.
    Trying pattern rule with stem `config.mk.mod'.
    Trying implicit prerequisite `/home/qinqxu/tnsdlunit/SCCS/s.config.mk.mod'.
  Trying pattern rule with stem `config.mk'.
  Rejecting impossible implicit prerequisite `/home/qinqxu/tnsdlunit/config.mk.c'.
  Trying pattern rule with stem `config.mk'.
  Rejecting impossible implicit prerequisite `/home/qinqxu/tnsdlunit/config.mk.cc'.
  Trying pattern rule with stem `config.mk'.
  Rejecting impossible implicit prerequisite `/home/qinqxu/tnsdlunit/config.mk.C'.
  Trying pattern rule with stem `config.mk'.
  Rejecting impossible implicit prerequisite `/home/qinqxu/tnsdlunit/config.mk.cpp'.
  Trying pattern rule with stem `config.mk'.
  Rejecting impossible implicit prerequisite `/home/qinqxu/tnsdlunit/config.mk.p'.
  Trying pattern rule with stem `config.mk'.
  Rejecting impossible implicit prerequisite `/home/qinqxu/tnsdlunit/config.mk.f'.
  Trying pattern rule with stem `config.mk'.
  Rejecting impossible implicit prerequisite `/home/qinqxu/tnsdlunit/config.mk.F'.
  Trying pattern rule with stem `config.mk'.
  Rejecting impossible implicit prerequisite `/home/qinqxu/tnsdlunit/config.mk.r'.
  Trying pattern rule with stem `config.mk'.
  Rejecting impossible implicit prerequisite `/home/qinqxu/tnsdlunit/config.mk.s'.
  Trying pattern rule with stem `config.mk'.
  Rejecting impossible implicit prerequisite `/home/qinqxu/tnsdlunit/config.mk.S'.
  Trying pattern rule with stem `config.mk'.
  Rejecting impossible implicit prerequisite `/home/qinqxu/tnsdlunit/config.mk.mod'.
  Trying pattern rule with stem `config.mk'.
  Trying implicit prerequisite `/home/qinqxu/tnsdlunit/config.mk.sh'.
  Looking for a rule with intermediate file `/home/qinqxu/tnsdlunit/config.mk.sh'.
   Avoiding implicit rule recursion.
   Trying pattern rule with stem `config.mk.sh'.
   Trying implicit prerequisite `/home/qinqxu/tnsdlunit/config.mk.sh,v'.
   Trying pattern rule with stem `config.mk.sh'.
   Trying implicit prerequisite `/home/qinqxu/tnsdlunit/RCS/config.mk.sh,v'.
   Trying pattern rule with stem `config.mk.sh'.
   Trying implicit prerequisite `/home/qinqxu/tnsdlunit/RCS/config.mk.sh'.
   Trying pattern rule with stem `config.mk.sh'.
   Trying implicit prerequisite `/home/qinqxu/tnsdlunit/s.config.mk.sh'.
   Trying pattern rule with stem `config.mk.sh'.
   Trying implicit prerequisite `/home/qinqxu/tnsdlunit/SCCS/s.config.mk.sh'.
  No implicit rule found for `/home/qinqxu/tnsdlunit/config.mk'.
  Finished prerequisites of target file `/home/qinqxu/tnsdlunit/config.mk'.
 No need to remake target `/home/qinqxu/tnsdlunit/config.mk'.
 Considering target file `/home/qinqxu/tnsdlunit/tu_helper.mk'.
  Looking for an implicit rule for `/home/qinqxu/tnsdlunit/tu_helper.mk'.
  Trying pattern rule with stem `tu_helper.mk'.
  Trying implicit prerequisite `/home/qinqxu/tnsdlunit/tu_helper.mk.o'.
  Trying pattern rule with stem `tu_helper.mk'.
  Trying implicit prerequisite `/home/qinqxu/tnsdlunit/tu_helper.mk.c'.
  Trying pattern rule with stem `tu_helper.mk'.
  Trying implicit prerequisite `/home/qinqxu/tnsdlunit/tu_helper.mk.cc'.
  Trying pattern rule with stem `tu_helper.mk'.
  Trying implicit prerequisite `/home/qinqxu/tnsdlunit/tu_helper.mk.C'.
  Trying pattern rule with stem `tu_helper.mk'.
  Trying implicit prerequisite `/home/qinqxu/tnsdlunit/tu_helper.mk.cpp'.
  Trying pattern rule with stem `tu_helper.mk'.
  Trying implicit prerequisite `/home/qinqxu/tnsdlunit/tu_helper.mk.p'.
  Trying pattern rule with stem `tu_helper.mk'.
  Trying implicit prerequisite `/home/qinqxu/tnsdlunit/tu_helper.mk.f'.
  Trying pattern rule with stem `tu_helper.mk'.
  Trying implicit prerequisite `/home/qinqxu/tnsdlunit/tu_helper.mk.F'.
  Trying pattern rule with stem `tu_helper.mk'.
  Trying implicit prerequisite `/home/qinqxu/tnsdlunit/tu_helper.mk.r'.
  Trying pattern rule with stem `tu_helper.mk'.
  Trying implicit prerequisite `/home/qinqxu/tnsdlunit/tu_helper.mk.s'.
  Trying pattern rule with stem `tu_helper.mk'.
  Trying implicit prerequisite `/home/qinqxu/tnsdlunit/tu_helper.mk.S'.
  Trying pattern rule with stem `tu_helper.mk'.
  Trying implicit prerequisite `/home/qinqxu/tnsdlunit/tu_helper.mk.mod'.
  Trying pattern rule with stem `tu_helper.mk'.
  Trying implicit prerequisite `/home/qinqxu/tnsdlunit/tu_helper.mk.sh'.
  Trying pattern rule with stem `tu_helper.mk'.
  Trying implicit prerequisite `/home/qinqxu/tnsdlunit/tu_helper.mk,v'.
  Trying pattern rule with stem `tu_helper.mk'.
  Trying implicit prerequisite `/home/qinqxu/tnsdlunit/RCS/tu_helper.mk,v'.
  Trying pattern rule with stem `tu_helper.mk'.
  Trying implicit prerequisite `/home/qinqxu/tnsdlunit/RCS/tu_helper.mk'.
  Trying pattern rule with stem `tu_helper.mk'.
  Trying implicit prerequisite `/home/qinqxu/tnsdlunit/s.tu_helper.mk'.
  Trying pattern rule with stem `tu_helper.mk'.
  Trying implicit prerequisite `/home/qinqxu/tnsdlunit/SCCS/s.tu_helper.mk'.
  Trying pattern rule with stem `tu_helper.mk'.
  Trying implicit prerequisite `/home/qinqxu/tnsdlunit/tu_helper.mk.o'.
  Looking for a rule with intermediate file `/home/qinqxu/tnsdlunit/tu_helper.mk.o'.
   Avoiding implicit rule recursion.
   Trying pattern rule with stem `tu_helper.mk'.
   Trying implicit prerequisite `/home/qinqxu/tnsdlunit/tu_helper.mk.c'.
   Trying pattern rule with stem `tu_helper.mk'.
   Trying implicit prerequisite `/home/qinqxu/tnsdlunit/tu_helper.mk.cc'.
   Trying pattern rule with stem `tu_helper.mk'.
   Trying implicit prerequisite `/home/qinqxu/tnsdlunit/tu_helper.mk.C'.
   Trying pattern rule with stem `tu_helper.mk'.
   Trying implicit prerequisite `/home/qinqxu/tnsdlunit/tu_helper.mk.cpp'.
   Trying pattern rule with stem `tu_helper.mk'.
   Trying implicit prerequisite `/home/qinqxu/tnsdlunit/tu_helper.mk.p'.
   Trying pattern rule with stem `tu_helper.mk'.
   Trying implicit prerequisite `/home/qinqxu/tnsdlunit/tu_helper.mk.f'.
   Trying pattern rule with stem `tu_helper.mk'.
   Trying implicit prerequisite `/home/qinqxu/tnsdlunit/tu_helper.mk.F'.
   Trying pattern rule with stem `tu_helper.mk'.
   Trying implicit prerequisite `/home/qinqxu/tnsdlunit/tu_helper.mk.r'.
   Trying pattern rule with stem `tu_helper.mk'.
   Trying implicit prerequisite `/home/qinqxu/tnsdlunit/tu_helper.mk.s'.
   Trying pattern rule with stem `tu_helper.mk'.
   Trying implicit prerequisite `/home/qinqxu/tnsdlunit/tu_helper.mk.S'.
   Trying pattern rule with stem `tu_helper.mk'.
   Trying implicit prerequisite `/home/qinqxu/tnsdlunit/tu_helper.mk.mod'.
   Trying pattern rule with stem `tu_helper.mk.o'.
   Trying implicit prerequisite `/home/qinqxu/tnsdlunit/tu_helper.mk.o,v'.
   Trying pattern rule with stem `tu_helper.mk.o'.
   Trying implicit prerequisite `/home/qinqxu/tnsdlunit/RCS/tu_helper.mk.o,v'.
   Trying pattern rule with stem `tu_helper.mk.o'.
   Trying implicit prerequisite `/home/qinqxu/tnsdlunit/RCS/tu_helper.mk.o'.
   Trying pattern rule with stem `tu_helper.mk.o'.
   Trying implicit prerequisite `/home/qinqxu/tnsdlunit/s.tu_helper.mk.o'.
   Trying pattern rule with stem `tu_helper.mk.o'.
   Trying implicit prerequisite `/home/qinqxu/tnsdlunit/SCCS/s.tu_helper.mk.o'.
   Trying pattern rule with stem `tu_helper.mk'.
   Trying implicit prerequisite `/home/qinqxu/tnsdlunit/tu_helper.mk.c'.
   Looking for a rule with intermediate file `/home/qinqxu/tnsdlunit/tu_helper.mk.c'.
    Avoiding implicit rule recursion.
    Avoiding implicit rule recursion.
    Trying pattern rule with stem `tu_helper.mk'.
    Trying implicit prerequisite `/home/qinqxu/tnsdlunit/tu_helper.mk.y'.
    Trying pattern rule with stem `tu_helper.mk'.
    Trying implicit prerequisite `/home/qinqxu/tnsdlunit/tu_helper.mk.l'.
    Trying pattern rule with stem `tu_helper.mk'.
    Trying implicit prerequisite `/home/qinqxu/tnsdlunit/tu_helper.mk.w'.
    Trying pattern rule with stem `tu_helper.mk'.
    Trying implicit prerequisite `/home/qinqxu/tnsdlunit/tu_helper.mk.w'.
    Trying pattern rule with stem `tu_helper.mk.c'.
    Trying implicit prerequisite `/home/qinqxu/tnsdlunit/tu_helper.mk.c,v'.
    Trying pattern rule with stem `tu_helper.mk.c'.
    Trying implicit prerequisite `/home/qinqxu/tnsdlunit/RCS/tu_helper.mk.c,v'.
    Trying pattern rule with stem `tu_helper.mk.c'.
    Trying implicit prerequisite `/home/qinqxu/tnsdlunit/RCS/tu_helper.mk.c'.
    Trying pattern rule with stem `tu_helper.mk.c'.
    Trying implicit prerequisite `/home/qinqxu/tnsdlunit/s.tu_helper.mk.c'.
    Trying pattern rule with stem `tu_helper.mk.c'.
    Trying implicit prerequisite `/home/qinqxu/tnsdlunit/SCCS/s.tu_helper.mk.c'.
    Trying pattern rule with stem `tu_helper.mk'.
    Trying implicit prerequisite `/home/qinqxu/tnsdlunit/tu_helper.mk.y'.
    Looking for a rule with intermediate file `/home/qinqxu/tnsdlunit/tu_helper.mk.y'.
     Avoiding implicit rule recursion.
     Avoiding implicit rule recursion.
     Avoiding implicit rule recursion.
     Trying pattern rule with stem `tu_helper.mk.y'.
     Trying implicit prerequisite `/home/qinqxu/tnsdlunit/tu_helper.mk.y,v'.
     Trying pattern rule with stem `tu_helper.mk.y'.
     Trying implicit prerequisite `/home/qinqxu/tnsdlunit/RCS/tu_helper.mk.y,v'.
     Trying pattern rule with stem `tu_helper.mk.y'.
     Trying implicit prerequisite `/home/qinqxu/tnsdlunit/RCS/tu_helper.mk.y'.
     Trying pattern rule with stem `tu_helper.mk.y'.
     Trying implicit prerequisite `/home/qinqxu/tnsdlunit/s.tu_helper.mk.y'.
     Trying pattern rule with stem `tu_helper.mk.y'.
     Trying implicit prerequisite `/home/qinqxu/tnsdlunit/SCCS/s.tu_helper.mk.y'.
    Trying pattern rule with stem `tu_helper.mk'.
    Trying implicit prerequisite `/home/qinqxu/tnsdlunit/tu_helper.mk.l'.
    Looking for a rule with intermediate file `/home/qinqxu/tnsdlunit/tu_helper.mk.l'.
     Avoiding implicit rule recursion.
     Avoiding implicit rule recursion.
     Avoiding implicit rule recursion.
     Trying pattern rule with stem `tu_helper.mk.l'.
     Trying implicit prerequisite `/home/qinqxu/tnsdlunit/tu_helper.mk.l,v'.
     Trying pattern rule with stem `tu_helper.mk.l'.
     Trying implicit prerequisite `/home/qinqxu/tnsdlunit/RCS/tu_helper.mk.l,v'.
     Trying pattern rule with stem `tu_helper.mk.l'.
     Trying implicit prerequisite `/home/qinqxu/tnsdlunit/RCS/tu_helper.mk.l'.
     Trying pattern rule with stem `tu_helper.mk.l'.
     Trying implicit prerequisite `/home/qinqxu/tnsdlunit/s.tu_helper.mk.l'.
     Trying pattern rule with stem `tu_helper.mk.l'.
     Trying implicit prerequisite `/home/qinqxu/tnsdlunit/SCCS/s.tu_helper.mk.l'.
    Trying pattern rule with stem `tu_helper.mk'.
    Trying implicit prerequisite `/home/qinqxu/tnsdlunit/tu_helper.mk.w'.
    Looking for a rule with intermediate file `/home/qinqxu/tnsdlunit/tu_helper.mk.w'.
     Avoiding implicit rule recursion.
     Avoiding implicit rule recursion.
     Avoiding implicit rule recursion.
     Trying pattern rule with stem `tu_helper.mk.w'.
     Trying implicit prerequisite `/home/qinqxu/tnsdlunit/tu_helper.mk.w,v'.
     Trying pattern rule with stem `tu_helper.mk.w'.
     Trying implicit prerequisite `/home/qinqxu/tnsdlunit/RCS/tu_helper.mk.w,v'.
     Trying pattern rule with stem `tu_helper.mk.w'.
     Trying implicit prerequisite `/home/qinqxu/tnsdlunit/RCS/tu_helper.mk.w'.
     Trying pattern rule with stem `tu_helper.mk.w'.
     Trying implicit prerequisite `/home/qinqxu/tnsdlunit/s.tu_helper.mk.w'.
     Trying pattern rule with stem `tu_helper.mk.w'.
     Trying implicit prerequisite `/home/qinqxu/tnsdlunit/SCCS/s.tu_helper.mk.w'.
    Trying pattern rule with stem `tu_helper.mk'.
    Rejecting impossible implicit prerequisite `/home/qinqxu/tnsdlunit/tu_helper.mk.w'.
   Trying pattern rule with stem `tu_helper.mk'.
   Trying implicit prerequisite `/home/qinqxu/tnsdlunit/tu_helper.mk.cc'.
   Looking for a rule with intermediate file `/home/qinqxu/tnsdlunit/tu_helper.mk.cc'.
    Avoiding implicit rule recursion.
    Avoiding implicit rule recursion.
    Trying pattern rule with stem `tu_helper.mk.cc'.
    Trying implicit prerequisite `/home/qinqxu/tnsdlunit/tu_helper.mk.cc,v'.
    Trying pattern rule with stem `tu_helper.mk.cc'.
    Trying implicit prerequisite `/home/qinqxu/tnsdlunit/RCS/tu_helper.mk.cc,v'.
    Trying pattern rule with stem `tu_helper.mk.cc'.
    Trying implicit prerequisite `/home/qinqxu/tnsdlunit/RCS/tu_helper.mk.cc'.
    Trying pattern rule with stem `tu_helper.mk.cc'.
    Trying implicit prerequisite `/home/qinqxu/tnsdlunit/s.tu_helper.mk.cc'.
    Trying pattern rule with stem `tu_helper.mk.cc'.
    Trying implicit prerequisite `/home/qinqxu/tnsdlunit/SCCS/s.tu_helper.mk.cc'.
   Trying pattern rule with stem `tu_helper.mk'.
   Trying implicit prerequisite `/home/qinqxu/tnsdlunit/tu_helper.mk.C'.
   Looking for a rule with intermediate file `/home/qinqxu/tnsdlunit/tu_helper.mk.C'.
    Avoiding implicit rule recursion.
    Avoiding implicit rule recursion.
    Trying pattern rule with stem `tu_helper.mk.C'.
    Trying implicit prerequisite `/home/qinqxu/tnsdlunit/tu_helper.mk.C,v'.
    Trying pattern rule with stem `tu_helper.mk.C'.
    Trying implicit prerequisite `/home/qinqxu/tnsdlunit/RCS/tu_helper.mk.C,v'.
    Trying pattern rule with stem `tu_helper.mk.C'.
    Trying implicit prerequisite `/home/qinqxu/tnsdlunit/RCS/tu_helper.mk.C'.
    Trying pattern rule with stem `tu_helper.mk.C'.
    Trying implicit prerequisite `/home/qinqxu/tnsdlunit/s.tu_helper.mk.C'.
    Trying pattern rule with stem `tu_helper.mk.C'.
    Trying implicit prerequisite `/home/qinqxu/tnsdlunit/SCCS/s.tu_helper.mk.C'.
   Trying pattern rule with stem `tu_helper.mk'.
   Trying implicit prerequisite `/home/qinqxu/tnsdlunit/tu_helper.mk.cpp'.
   Looking for a rule with intermediate file `/home/qinqxu/tnsdlunit/tu_helper.mk.cpp'.
    Avoiding implicit rule recursion.
    Avoiding implicit rule recursion.
    Trying pattern rule with stem `tu_helper.mk.cpp'.
    Trying implicit prerequisite `/home/qinqxu/tnsdlunit/tu_helper.mk.cpp,v'.
    Trying pattern rule with stem `tu_helper.mk.cpp'.
    Trying implicit prerequisite `/home/qinqxu/tnsdlunit/RCS/tu_helper.mk.cpp,v'.
    Trying pattern rule with stem `tu_helper.mk.cpp'.
    Trying implicit prerequisite `/home/qinqxu/tnsdlunit/RCS/tu_helper.mk.cpp'.
    Trying pattern rule with stem `tu_helper.mk.cpp'.
    Trying implicit prerequisite `/home/qinqxu/tnsdlunit/s.tu_helper.mk.cpp'.
    Trying pattern rule with stem `tu_helper.mk.cpp'.
    Trying implicit prerequisite `/home/qinqxu/tnsdlunit/SCCS/s.tu_helper.mk.cpp'.
   Trying pattern rule with stem `tu_helper.mk'.
   Trying implicit prerequisite `/home/qinqxu/tnsdlunit/tu_helper.mk.p'.
   Looking for a rule with intermediate file `/home/qinqxu/tnsdlunit/tu_helper.mk.p'.
    Avoiding implicit rule recursion.
    Avoiding implicit rule recursion.
    Trying pattern rule with stem `tu_helper.mk'.
    Trying implicit prerequisite `/home/qinqxu/tnsdlunit/tu_helper.mk.web'.
    Trying pattern rule with stem `tu_helper.mk.p'.
    Trying implicit prerequisite `/home/qinqxu/tnsdlunit/tu_helper.mk.p,v'.
    Trying pattern rule with stem `tu_helper.mk.p'.
    Trying implicit prerequisite `/home/qinqxu/tnsdlunit/RCS/tu_helper.mk.p,v'.
    Trying pattern rule with stem `tu_helper.mk.p'.
    Trying implicit prerequisite `/home/qinqxu/tnsdlunit/RCS/tu_helper.mk.p'.
    Trying pattern rule with stem `tu_helper.mk.p'.
    Trying implicit prerequisite `/home/qinqxu/tnsdlunit/s.tu_helper.mk.p'.
    Trying pattern rule with stem `tu_helper.mk.p'.
    Trying implicit prerequisite `/home/qinqxu/tnsdlunit/SCCS/s.tu_helper.mk.p'.
    Trying pattern rule with stem `tu_helper.mk'.
    Trying implicit prerequisite `/home/qinqxu/tnsdlunit/tu_helper.mk.web'.
    Looking for a rule with intermediate file `/home/qinqxu/tnsdlunit/tu_helper.mk.web'.
     Avoiding implicit rule recursion.
     Avoiding implicit rule recursion.
     Avoiding implicit rule recursion.
     Trying pattern rule with stem `tu_helper.mk.web'.
     Trying implicit prerequisite `/home/qinqxu/tnsdlunit/tu_helper.mk.web,v'.
     Trying pattern rule with stem `tu_helper.mk.web'.
     Trying implicit prerequisite `/home/qinqxu/tnsdlunit/RCS/tu_helper.mk.web,v'.
     Trying pattern rule with stem `tu_helper.mk.web'.
     Trying implicit prerequisite `/home/qinqxu/tnsdlunit/RCS/tu_helper.mk.web'.
     Trying pattern rule with stem `tu_helper.mk.web'.
     Trying implicit prerequisite `/home/qinqxu/tnsdlunit/s.tu_helper.mk.web'.
     Trying pattern rule with stem `tu_helper.mk.web'.
     Trying implicit prerequisite `/home/qinqxu/tnsdlunit/SCCS/s.tu_helper.mk.web'.
   Trying pattern rule with stem `tu_helper.mk'.
   Trying implicit prerequisite `/home/qinqxu/tnsdlunit/tu_helper.mk.f'.
   Looking for a rule with intermediate file `/home/qinqxu/tnsdlunit/tu_helper.mk.f'.
    Avoiding implicit rule recursion.
    Avoiding implicit rule recursion.
    Trying pattern rule with stem `tu_helper.mk'.
    Trying implicit prerequisite `/home/qinqxu/tnsdlunit/tu_helper.mk.F'.
    Trying pattern rule with stem `tu_helper.mk'.
    Trying implicit prerequisite `/home/qinqxu/tnsdlunit/tu_helper.mk.r'.
    Trying pattern rule with stem `tu_helper.mk.f'.
    Trying implicit prerequisite `/home/qinqxu/tnsdlunit/tu_helper.mk.f,v'.
    Trying pattern rule with stem `tu_helper.mk.f'.
    Trying implicit prerequisite `/home/qinqxu/tnsdlunit/RCS/tu_helper.mk.f,v'.
    Trying pattern rule with stem `tu_helper.mk.f'.
    Trying implicit prerequisite `/home/qinqxu/tnsdlunit/RCS/tu_helper.mk.f'.
    Trying pattern rule with stem `tu_helper.mk.f'.
    Trying implicit prerequisite `/home/qinqxu/tnsdlunit/s.tu_helper.mk.f'.
    Trying pattern rule with stem `tu_helper.mk.f'.
    Trying implicit prerequisite `/home/qinqxu/tnsdlunit/SCCS/s.tu_helper.mk.f'.
    Trying pattern rule with stem `tu_helper.mk'.
    Trying implicit prerequisite `/home/qinqxu/tnsdlunit/tu_helper.mk.F'.
    Looking for a rule with intermediate file `/home/qinqxu/tnsdlunit/tu_helper.mk.F'.
     Avoiding implicit rule recursion.
     Avoiding implicit rule recursion.
     Avoiding implicit rule recursion.
     Trying pattern rule with stem `tu_helper.mk.F'.
     Trying implicit prerequisite `/home/qinqxu/tnsdlunit/tu_helper.mk.F,v'.
     Trying pattern rule with stem `tu_helper.mk.F'.
     Trying implicit prerequisite `/home/qinqxu/tnsdlunit/RCS/tu_helper.mk.F,v'.
     Trying pattern rule with stem `tu_helper.mk.F'.
     Trying implicit prerequisite `/home/qinqxu/tnsdlunit/RCS/tu_helper.mk.F'.
     Trying pattern rule with stem `tu_helper.mk.F'.
     Trying implicit prerequisite `/home/qinqxu/tnsdlunit/s.tu_helper.mk.F'.
     Trying pattern rule with stem `tu_helper.mk.F'.
     Trying implicit prerequisite `/home/qinqxu/tnsdlunit/SCCS/s.tu_helper.mk.F'.
    Trying pattern rule with stem `tu_helper.mk'.
    Trying implicit prerequisite `/home/qinqxu/tnsdlunit/tu_helper.mk.r'.
    Looking for a rule with intermediate file `/home/qinqxu/tnsdlunit/tu_helper.mk.r'.
     Avoiding implicit rule recursion.
     Avoiding implicit rule recursion.
     Avoiding implicit rule recursion.
     Trying pattern rule with stem `tu_helper.mk'.
     Rejecting impossible implicit prerequisite `/home/qinqxu/tnsdlunit/tu_helper.mk.l'.
     Trying pattern rule with stem `tu_helper.mk.r'.
     Trying implicit prerequisite `/home/qinqxu/tnsdlunit/tu_helper.mk.r,v'.
     Trying pattern rule with stem `tu_helper.mk.r'.
     Trying implicit prerequisite `/home/qinqxu/tnsdlunit/RCS/tu_helper.mk.r,v'.
     Trying pattern rule with stem `tu_helper.mk.r'.
     Trying implicit prerequisite `/home/qinqxu/tnsdlunit/RCS/tu_helper.mk.r'.
     Trying pattern rule with stem `tu_helper.mk.r'.
     Trying implicit prerequisite `/home/qinqxu/tnsdlunit/s.tu_helper.mk.r'.
     Trying pattern rule with stem `tu_helper.mk.r'.
     Trying implicit prerequisite `/home/qinqxu/tnsdlunit/SCCS/s.tu_helper.mk.r'.
   Trying pattern rule with stem `tu_helper.mk'.
   Rejecting impossible implicit prerequisite `/home/qinqxu/tnsdlunit/tu_helper.mk.F'.
   Trying pattern rule with stem `tu_helper.mk'.
   Rejecting impossible implicit prerequisite `/home/qinqxu/tnsdlunit/tu_helper.mk.r'.
   Trying pattern rule with stem `tu_helper.mk'.
   Trying implicit prerequisite `/home/qinqxu/tnsdlunit/tu_helper.mk.s'.
   Looking for a rule with intermediate file `/home/qinqxu/tnsdlunit/tu_helper.mk.s'.
    Avoiding implicit rule recursion.
    Avoiding implicit rule recursion.
    Trying pattern rule with stem `tu_helper.mk'.
    Trying implicit prerequisite `/home/qinqxu/tnsdlunit/tu_helper.mk.S'.
    Trying pattern rule with stem `tu_helper.mk.s'.
    Trying implicit prerequisite `/home/qinqxu/tnsdlunit/tu_helper.mk.s,v'.
    Trying pattern rule with stem `tu_helper.mk.s'.
    Trying implicit prerequisite `/home/qinqxu/tnsdlunit/RCS/tu_helper.mk.s,v'.
    Trying pattern rule with stem `tu_helper.mk.s'.
    Trying implicit prerequisite `/home/qinqxu/tnsdlunit/RCS/tu_helper.mk.s'.
    Trying pattern rule with stem `tu_helper.mk.s'.
    Trying implicit prerequisite `/home/qinqxu/tnsdlunit/s.tu_helper.mk.s'.
    Trying pattern rule with stem `tu_helper.mk.s'.
    Trying implicit prerequisite `/home/qinqxu/tnsdlunit/SCCS/s.tu_helper.mk.s'.
    Trying pattern rule with stem `tu_helper.mk'.
    Trying implicit prerequisite `/home/qinqxu/tnsdlunit/tu_helper.mk.S'.
    Looking for a rule with intermediate file `/home/qinqxu/tnsdlunit/tu_helper.mk.S'.
     Avoiding implicit rule recursion.
     Avoiding implicit rule recursion.
     Avoiding implicit rule recursion.
     Trying pattern rule with stem `tu_helper.mk.S'.
     Trying implicit prerequisite `/home/qinqxu/tnsdlunit/tu_helper.mk.S,v'.
     Trying pattern rule with stem `tu_helper.mk.S'.
     Trying implicit prerequisite `/home/qinqxu/tnsdlunit/RCS/tu_helper.mk.S,v'.
     Trying pattern rule with stem `tu_helper.mk.S'.
     Trying implicit prerequisite `/home/qinqxu/tnsdlunit/RCS/tu_helper.mk.S'.
     Trying pattern rule with stem `tu_helper.mk.S'.
     Trying implicit prerequisite `/home/qinqxu/tnsdlunit/s.tu_helper.mk.S'.
     Trying pattern rule with stem `tu_helper.mk.S'.
     Trying implicit prerequisite `/home/qinqxu/tnsdlunit/SCCS/s.tu_helper.mk.S'.
   Trying pattern rule with stem `tu_helper.mk'.
   Rejecting impossible implicit prerequisite `/home/qinqxu/tnsdlunit/tu_helper.mk.S'.
   Trying pattern rule with stem `tu_helper.mk'.
   Trying implicit prerequisite `/home/qinqxu/tnsdlunit/tu_helper.mk.mod'.
   Looking for a rule with intermediate file `/home/qinqxu/tnsdlunit/tu_helper.mk.mod'.
    Avoiding implicit rule recursion.
    Avoiding implicit rule recursion.
    Trying pattern rule with stem `tu_helper.mk.mod'.
    Trying implicit prerequisite `/home/qinqxu/tnsdlunit/tu_helper.mk.mod,v'.
    Trying pattern rule with stem `tu_helper.mk.mod'.
    Trying implicit prerequisite `/home/qinqxu/tnsdlunit/RCS/tu_helper.mk.mod,v'.
    Trying pattern rule with stem `tu_helper.mk.mod'.
    Trying implicit prerequisite `/home/qinqxu/tnsdlunit/RCS/tu_helper.mk.mod'.
    Trying pattern rule with stem `tu_helper.mk.mod'.
    Trying implicit prerequisite `/home/qinqxu/tnsdlunit/s.tu_helper.mk.mod'.
    Trying pattern rule with stem `tu_helper.mk.mod'.
    Trying implicit prerequisite `/home/qinqxu/tnsdlunit/SCCS/s.tu_helper.mk.mod'.
  Trying pattern rule with stem `tu_helper.mk'.
  Rejecting impossible implicit prerequisite `/home/qinqxu/tnsdlunit/tu_helper.mk.c'.
  Trying pattern rule with stem `tu_helper.mk'.
  Rejecting impossible implicit prerequisite `/home/qinqxu/tnsdlunit/tu_helper.mk.cc'.
  Trying pattern rule with stem `tu_helper.mk'.
  Rejecting impossible implicit prerequisite `/home/qinqxu/tnsdlunit/tu_helper.mk.C'.
  Trying pattern rule with stem `tu_helper.mk'.
  Rejecting impossible implicit prerequisite `/home/qinqxu/tnsdlunit/tu_helper.mk.cpp'.
  Trying pattern rule with stem `tu_helper.mk'.
  Rejecting impossible implicit prerequisite `/home/qinqxu/tnsdlunit/tu_helper.mk.p'.
  Trying pattern rule with stem `tu_helper.mk'.
  Rejecting impossible implicit prerequisite `/home/qinqxu/tnsdlunit/tu_helper.mk.f'.
  Trying pattern rule with stem `tu_helper.mk'.
  Rejecting impossible implicit prerequisite `/home/qinqxu/tnsdlunit/tu_helper.mk.F'.
  Trying pattern rule with stem `tu_helper.mk'.
  Rejecting impossible implicit prerequisite `/home/qinqxu/tnsdlunit/tu_helper.mk.r'.
  Trying pattern rule with stem `tu_helper.mk'.
  Rejecting impossible implicit prerequisite `/home/qinqxu/tnsdlunit/tu_helper.mk.s'.
  Trying pattern rule with stem `tu_helper.mk'.
  Rejecting impossible implicit prerequisite `/home/qinqxu/tnsdlunit/tu_helper.mk.S'.
  Trying pattern rule with stem `tu_helper.mk'.
  Rejecting impossible implicit prerequisite `/home/qinqxu/tnsdlunit/tu_helper.mk.mod'.
  Trying pattern rule with stem `tu_helper.mk'.
  Trying implicit prerequisite `/home/qinqxu/tnsdlunit/tu_helper.mk.sh'.
  Looking for a rule with intermediate file `/home/qinqxu/tnsdlunit/tu_helper.mk.sh'.
   Avoiding implicit rule recursion.
   Trying pattern rule with stem `tu_helper.mk.sh'.
   Trying implicit prerequisite `/home/qinqxu/tnsdlunit/tu_helper.mk.sh,v'.
   Trying pattern rule with stem `tu_helper.mk.sh'.
   Trying implicit prerequisite `/home/qinqxu/tnsdlunit/RCS/tu_helper.mk.sh,v'.
   Trying pattern rule with stem `tu_helper.mk.sh'.
   Trying implicit prerequisite `/home/qinqxu/tnsdlunit/RCS/tu_helper.mk.sh'.
   Trying pattern rule with stem `tu_helper.mk.sh'.
   Trying implicit prerequisite `/home/qinqxu/tnsdlunit/s.tu_helper.mk.sh'.
   Trying pattern rule with stem `tu_helper.mk.sh'.
   Trying implicit prerequisite `/home/qinqxu/tnsdlunit/SCCS/s.tu_helper.mk.sh'.
  No implicit rule found for `/home/qinqxu/tnsdlunit/tu_helper.mk'.
  Finished prerequisites of target file `/home/qinqxu/tnsdlunit/tu_helper.mk'.
 No need to remake target `/home/qinqxu/tnsdlunit/tu_helper.mk'.
 Considering target file `Makefile'.
  Looking for an implicit rule for `Makefile'.
  Trying pattern rule with stem `Makefile'.
  Trying implicit prerequisite `Makefile.o'.
  Trying pattern rule with stem `Makefile'.
  Trying implicit prerequisite `Makefile.c'.
  Trying pattern rule with stem `Makefile'.
  Trying implicit prerequisite `Makefile.cc'.
  Trying pattern rule with stem `Makefile'.
  Trying implicit prerequisite `Makefile.C'.
  Trying pattern rule with stem `Makefile'.
  Trying implicit prerequisite `Makefile.cpp'.
  Trying pattern rule with stem `Makefile'.
  Trying implicit prerequisite `Makefile.p'.
  Trying pattern rule with stem `Makefile'.
  Trying implicit prerequisite `Makefile.f'.
  Trying pattern rule with stem `Makefile'.
  Trying implicit prerequisite `Makefile.F'.
  Trying pattern rule with stem `Makefile'.
  Trying implicit prerequisite `Makefile.r'.
  Trying pattern rule with stem `Makefile'.
  Trying implicit prerequisite `Makefile.s'.
  Trying pattern rule with stem `Makefile'.
  Trying implicit prerequisite `Makefile.S'.
  Trying pattern rule with stem `Makefile'.
  Trying implicit prerequisite `Makefile.mod'.
  Trying pattern rule with stem `Makefile'.
  Trying implicit prerequisite `Makefile.sh'.
  Trying pattern rule with stem `Makefile'.
  Trying implicit prerequisite `Makefile,v'.
  Trying pattern rule with stem `Makefile'.
  Trying implicit prerequisite `RCS/Makefile,v'.
  Trying pattern rule with stem `Makefile'.
  Trying implicit prerequisite `RCS/Makefile'.
  Trying pattern rule with stem `Makefile'.
  Trying implicit prerequisite `s.Makefile'.
  Trying pattern rule with stem `Makefile'.
  Trying implicit prerequisite `SCCS/s.Makefile'.
  Trying pattern rule with stem `Makefile'.
  Trying implicit prerequisite `Makefile.o'.
  Looking for a rule with intermediate file `Makefile.o'.
   Avoiding implicit rule recursion.
   Trying pattern rule with stem `Makefile'.
   Trying implicit prerequisite `Makefile.c'.
   Trying pattern rule with stem `Makefile'.
   Trying implicit prerequisite `Makefile.cc'.
   Trying pattern rule with stem `Makefile'.
   Trying implicit prerequisite `Makefile.C'.
   Trying pattern rule with stem `Makefile'.
   Trying implicit prerequisite `Makefile.cpp'.
   Trying pattern rule with stem `Makefile'.
   Trying implicit prerequisite `Makefile.p'.
   Trying pattern rule with stem `Makefile'.
   Trying implicit prerequisite `Makefile.f'.
   Trying pattern rule with stem `Makefile'.
   Trying implicit prerequisite `Makefile.F'.
   Trying pattern rule with stem `Makefile'.
   Trying implicit prerequisite `Makefile.r'.
   Trying pattern rule with stem `Makefile'.
   Trying implicit prerequisite `Makefile.s'.
   Trying pattern rule with stem `Makefile'.
   Trying implicit prerequisite `Makefile.S'.
   Trying pattern rule with stem `Makefile'.
   Trying implicit prerequisite `Makefile.mod'.
   Trying pattern rule with stem `Makefile.o'.
   Trying implicit prerequisite `Makefile.o,v'.
   Trying pattern rule with stem `Makefile.o'.
   Trying implicit prerequisite `RCS/Makefile.o,v'.
   Trying pattern rule with stem `Makefile.o'.
   Trying implicit prerequisite `RCS/Makefile.o'.
   Trying pattern rule with stem `Makefile.o'.
   Trying implicit prerequisite `s.Makefile.o'.
   Trying pattern rule with stem `Makefile.o'.
   Trying implicit prerequisite `SCCS/s.Makefile.o'.
   Trying pattern rule with stem `Makefile'.
   Trying implicit prerequisite `Makefile.c'.
   Looking for a rule with intermediate file `Makefile.c'.
    Avoiding implicit rule recursion.
    Avoiding implicit rule recursion.
    Trying pattern rule with stem `Makefile'.
    Trying implicit prerequisite `Makefile.y'.
    Trying pattern rule with stem `Makefile'.
    Trying implicit prerequisite `Makefile.l'.
    Trying pattern rule with stem `Makefile'.
    Trying implicit prerequisite `Makefile.w'.
    Trying pattern rule with stem `Makefile'.
    Trying implicit prerequisite `Makefile.w'.
    Trying pattern rule with stem `Makefile.c'.
    Trying implicit prerequisite `Makefile.c,v'.
    Trying pattern rule with stem `Makefile.c'.
    Trying implicit prerequisite `RCS/Makefile.c,v'.
    Trying pattern rule with stem `Makefile.c'.
    Trying implicit prerequisite `RCS/Makefile.c'.
    Trying pattern rule with stem `Makefile.c'.
    Trying implicit prerequisite `s.Makefile.c'.
    Trying pattern rule with stem `Makefile.c'.
    Trying implicit prerequisite `SCCS/s.Makefile.c'.
    Trying pattern rule with stem `Makefile'.
    Trying implicit prerequisite `Makefile.y'.
    Looking for a rule with intermediate file `Makefile.y'.
     Avoiding implicit rule recursion.
     Avoiding implicit rule recursion.
     Avoiding implicit rule recursion.
     Trying pattern rule with stem `Makefile.y'.
     Trying implicit prerequisite `Makefile.y,v'.
     Trying pattern rule with stem `Makefile.y'.
     Trying implicit prerequisite `RCS/Makefile.y,v'.
     Trying pattern rule with stem `Makefile.y'.
     Trying implicit prerequisite `RCS/Makefile.y'.
     Trying pattern rule with stem `Makefile.y'.
     Trying implicit prerequisite `s.Makefile.y'.
     Trying pattern rule with stem `Makefile.y'.
     Trying implicit prerequisite `SCCS/s.Makefile.y'.
    Trying pattern rule with stem `Makefile'.
    Trying implicit prerequisite `Makefile.l'.
    Looking for a rule with intermediate file `Makefile.l'.
     Avoiding implicit rule recursion.
     Avoiding implicit rule recursion.
     Avoiding implicit rule recursion.
     Trying pattern rule with stem `Makefile.l'.
     Trying implicit prerequisite `Makefile.l,v'.
     Trying pattern rule with stem `Makefile.l'.
     Trying implicit prerequisite `RCS/Makefile.l,v'.
     Trying pattern rule with stem `Makefile.l'.
     Trying implicit prerequisite `RCS/Makefile.l'.
     Trying pattern rule with stem `Makefile.l'.
     Trying implicit prerequisite `s.Makefile.l'.
     Trying pattern rule with stem `Makefile.l'.
     Trying implicit prerequisite `SCCS/s.Makefile.l'.
    Trying pattern rule with stem `Makefile'.
    Trying implicit prerequisite `Makefile.w'.
    Looking for a rule with intermediate file `Makefile.w'.
     Avoiding implicit rule recursion.
     Avoiding implicit rule recursion.
     Avoiding implicit rule recursion.
     Trying pattern rule with stem `Makefile.w'.
     Trying implicit prerequisite `Makefile.w,v'.
     Trying pattern rule with stem `Makefile.w'.
     Trying implicit prerequisite `RCS/Makefile.w,v'.
     Trying pattern rule with stem `Makefile.w'.
     Trying implicit prerequisite `RCS/Makefile.w'.
     Trying pattern rule with stem `Makefile.w'.
     Trying implicit prerequisite `s.Makefile.w'.
     Trying pattern rule with stem `Makefile.w'.
     Trying implicit prerequisite `SCCS/s.Makefile.w'.
    Trying pattern rule with stem `Makefile'.
    Rejecting impossible implicit prerequisite `Makefile.w'.
   Trying pattern rule with stem `Makefile'.
   Trying implicit prerequisite `Makefile.cc'.
   Looking for a rule with intermediate file `Makefile.cc'.
    Avoiding implicit rule recursion.
    Avoiding implicit rule recursion.
    Trying pattern rule with stem `Makefile.cc'.
    Trying implicit prerequisite `Makefile.cc,v'.
    Trying pattern rule with stem `Makefile.cc'.
    Trying implicit prerequisite `RCS/Makefile.cc,v'.
    Trying pattern rule with stem `Makefile.cc'.
    Trying implicit prerequisite `RCS/Makefile.cc'.
    Trying pattern rule with stem `Makefile.cc'.
    Trying implicit prerequisite `s.Makefile.cc'.
    Trying pattern rule with stem `Makefile.cc'.
    Trying implicit prerequisite `SCCS/s.Makefile.cc'.
   Trying pattern rule with stem `Makefile'.
   Trying implicit prerequisite `Makefile.C'.
   Looking for a rule with intermediate file `Makefile.C'.
    Avoiding implicit rule recursion.
    Avoiding implicit rule recursion.
    Trying pattern rule with stem `Makefile.C'.
    Trying implicit prerequisite `Makefile.C,v'.
    Trying pattern rule with stem `Makefile.C'.
    Trying implicit prerequisite `RCS/Makefile.C,v'.
    Trying pattern rule with stem `Makefile.C'.
    Trying implicit prerequisite `RCS/Makefile.C'.
    Trying pattern rule with stem `Makefile.C'.
    Trying implicit prerequisite `s.Makefile.C'.
    Trying pattern rule with stem `Makefile.C'.
    Trying implicit prerequisite `SCCS/s.Makefile.C'.
   Trying pattern rule with stem `Makefile'.
   Trying implicit prerequisite `Makefile.cpp'.
   Looking for a rule with intermediate file `Makefile.cpp'.
    Avoiding implicit rule recursion.
    Avoiding implicit rule recursion.
    Trying pattern rule with stem `Makefile.cpp'.
    Trying implicit prerequisite `Makefile.cpp,v'.
    Trying pattern rule with stem `Makefile.cpp'.
    Trying implicit prerequisite `RCS/Makefile.cpp,v'.
    Trying pattern rule with stem `Makefile.cpp'.
    Trying implicit prerequisite `RCS/Makefile.cpp'.
    Trying pattern rule with stem `Makefile.cpp'.
    Trying implicit prerequisite `s.Makefile.cpp'.
    Trying pattern rule with stem `Makefile.cpp'.
    Trying implicit prerequisite `SCCS/s.Makefile.cpp'.
   Trying pattern rule with stem `Makefile'.
   Trying implicit prerequisite `Makefile.p'.
   Looking for a rule with intermediate file `Makefile.p'.
    Avoiding implicit rule recursion.
    Avoiding implicit rule recursion.
    Trying pattern rule with stem `Makefile'.
    Trying implicit prerequisite `Makefile.web'.
    Trying pattern rule with stem `Makefile.p'.
    Trying implicit prerequisite `Makefile.p,v'.
    Trying pattern rule with stem `Makefile.p'.
    Trying implicit prerequisite `RCS/Makefile.p,v'.
    Trying pattern rule with stem `Makefile.p'.
    Trying implicit prerequisite `RCS/Makefile.p'.
    Trying pattern rule with stem `Makefile.p'.
    Trying implicit prerequisite `s.Makefile.p'.
    Trying pattern rule with stem `Makefile.p'.
    Trying implicit prerequisite `SCCS/s.Makefile.p'.
    Trying pattern rule with stem `Makefile'.
    Trying implicit prerequisite `Makefile.web'.
    Looking for a rule with intermediate file `Makefile.web'.
     Avoiding implicit rule recursion.
     Avoiding implicit rule recursion.
     Avoiding implicit rule recursion.
     Trying pattern rule with stem `Makefile.web'.
     Trying implicit prerequisite `Makefile.web,v'.
     Trying pattern rule with stem `Makefile.web'.
     Trying implicit prerequisite `RCS/Makefile.web,v'.
     Trying pattern rule with stem `Makefile.web'.
     Trying implicit prerequisite `RCS/Makefile.web'.
     Trying pattern rule with stem `Makefile.web'.
     Trying implicit prerequisite `s.Makefile.web'.
     Trying pattern rule with stem `Makefile.web'.
     Trying implicit prerequisite `SCCS/s.Makefile.web'.
   Trying pattern rule with stem `Makefile'.
   Trying implicit prerequisite `Makefile.f'.
   Looking for a rule with intermediate file `Makefile.f'.
    Avoiding implicit rule recursion.
    Avoiding implicit rule recursion.
    Trying pattern rule with stem `Makefile'.
    Trying implicit prerequisite `Makefile.F'.
    Trying pattern rule with stem `Makefile'.
    Trying implicit prerequisite `Makefile.r'.
    Trying pattern rule with stem `Makefile.f'.
    Trying implicit prerequisite `Makefile.f,v'.
    Trying pattern rule with stem `Makefile.f'.
    Trying implicit prerequisite `RCS/Makefile.f,v'.
    Trying pattern rule with stem `Makefile.f'.
    Trying implicit prerequisite `RCS/Makefile.f'.
    Trying pattern rule with stem `Makefile.f'.
    Trying implicit prerequisite `s.Makefile.f'.
    Trying pattern rule with stem `Makefile.f'.
    Trying implicit prerequisite `SCCS/s.Makefile.f'.
    Trying pattern rule with stem `Makefile'.
    Trying implicit prerequisite `Makefile.F'.
    Looking for a rule with intermediate file `Makefile.F'.
     Avoiding implicit rule recursion.
     Avoiding implicit rule recursion.
     Avoiding implicit rule recursion.
     Trying pattern rule with stem `Makefile.F'.
     Trying implicit prerequisite `Makefile.F,v'.
     Trying pattern rule with stem `Makefile.F'.
     Trying implicit prerequisite `RCS/Makefile.F,v'.
     Trying pattern rule with stem `Makefile.F'.
     Trying implicit prerequisite `RCS/Makefile.F'.
     Trying pattern rule with stem `Makefile.F'.
     Trying implicit prerequisite `s.Makefile.F'.
     Trying pattern rule with stem `Makefile.F'.
     Trying implicit prerequisite `SCCS/s.Makefile.F'.
    Trying pattern rule with stem `Makefile'.
    Trying implicit prerequisite `Makefile.r'.
    Looking for a rule with intermediate file `Makefile.r'.
     Avoiding implicit rule recursion.
     Avoiding implicit rule recursion.
     Avoiding implicit rule recursion.
     Trying pattern rule with stem `Makefile'.
     Rejecting impossible implicit prerequisite `Makefile.l'.
     Trying pattern rule with stem `Makefile.r'.
     Trying implicit prerequisite `Makefile.r,v'.
     Trying pattern rule with stem `Makefile.r'.
     Trying implicit prerequisite `RCS/Makefile.r,v'.
     Trying pattern rule with stem `Makefile.r'.
     Trying implicit prerequisite `RCS/Makefile.r'.
     Trying pattern rule with stem `Makefile.r'.
     Trying implicit prerequisite `s.Makefile.r'.
     Trying pattern rule with stem `Makefile.r'.
     Trying implicit prerequisite `SCCS/s.Makefile.r'.
   Trying pattern rule with stem `Makefile'.
   Rejecting impossible implicit prerequisite `Makefile.F'.
   Trying pattern rule with stem `Makefile'.
   Rejecting impossible implicit prerequisite `Makefile.r'.
   Trying pattern rule with stem `Makefile'.
   Trying implicit prerequisite `Makefile.s'.
   Looking for a rule with intermediate file `Makefile.s'.
    Avoiding implicit rule recursion.
    Avoiding implicit rule recursion.
    Trying pattern rule with stem `Makefile'.
    Trying implicit prerequisite `Makefile.S'.
    Trying pattern rule with stem `Makefile.s'.
    Trying implicit prerequisite `Makefile.s,v'.
    Trying pattern rule with stem `Makefile.s'.
    Trying implicit prerequisite `RCS/Makefile.s,v'.
    Trying pattern rule with stem `Makefile.s'.
    Trying implicit prerequisite `RCS/Makefile.s'.
    Trying pattern rule with stem `Makefile.s'.
    Trying implicit prerequisite `s.Makefile.s'.
    Trying pattern rule with stem `Makefile.s'.
    Trying implicit prerequisite `SCCS/s.Makefile.s'.
    Trying pattern rule with stem `Makefile'.
    Trying implicit prerequisite `Makefile.S'.
    Looking for a rule with intermediate file `Makefile.S'.
     Avoiding implicit rule recursion.
     Avoiding implicit rule recursion.
     Avoiding implicit rule recursion.
     Trying pattern rule with stem `Makefile.S'.
     Trying implicit prerequisite `Makefile.S,v'.
     Trying pattern rule with stem `Makefile.S'.
     Trying implicit prerequisite `RCS/Makefile.S,v'.
     Trying pattern rule with stem `Makefile.S'.
     Trying implicit prerequisite `RCS/Makefile.S'.
     Trying pattern rule with stem `Makefile.S'.
     Trying implicit prerequisite `s.Makefile.S'.
     Trying pattern rule with stem `Makefile.S'.
     Trying implicit prerequisite `SCCS/s.Makefile.S'.
   Trying pattern rule with stem `Makefile'.
   Rejecting impossible implicit prerequisite `Makefile.S'.
   Trying pattern rule with stem `Makefile'.
   Trying implicit prerequisite `Makefile.mod'.
   Looking for a rule with intermediate file `Makefile.mod'.
    Avoiding implicit rule recursion.
    Avoiding implicit rule recursion.
    Trying pattern rule with stem `Makefile.mod'.
    Trying implicit prerequisite `Makefile.mod,v'.
    Trying pattern rule with stem `Makefile.mod'.
    Trying implicit prerequisite `RCS/Makefile.mod,v'.
    Trying pattern rule with stem `Makefile.mod'.
    Trying implicit prerequisite `RCS/Makefile.mod'.
    Trying pattern rule with stem `Makefile.mod'.
    Trying implicit prerequisite `s.Makefile.mod'.
    Trying pattern rule with stem `Makefile.mod'.
    Trying implicit prerequisite `SCCS/s.Makefile.mod'.
  Trying pattern rule with stem `Makefile'.
  Rejecting impossible implicit prerequisite `Makefile.c'.
  Trying pattern rule with stem `Makefile'.
  Rejecting impossible implicit prerequisite `Makefile.cc'.
  Trying pattern rule with stem `Makefile'.
  Rejecting impossible implicit prerequisite `Makefile.C'.
  Trying pattern rule with stem `Makefile'.
  Rejecting impossible implicit prerequisite `Makefile.cpp'.
  Trying pattern rule with stem `Makefile'.
  Rejecting impossible implicit prerequisite `Makefile.p'.
  Trying pattern rule with stem `Makefile'.
  Rejecting impossible implicit prerequisite `Makefile.f'.
  Trying pattern rule with stem `Makefile'.
  Rejecting impossible implicit prerequisite `Makefile.F'.
  Trying pattern rule with stem `Makefile'.
  Rejecting impossible implicit prerequisite `Makefile.r'.
  Trying pattern rule with stem `Makefile'.
  Rejecting impossible implicit prerequisite `Makefile.s'.
  Trying pattern rule with stem `Makefile'.
  Rejecting impossible implicit prerequisite `Makefile.S'.
  Trying pattern rule with stem `Makefile'.
  Rejecting impossible implicit prerequisite `Makefile.mod'.
  Trying pattern rule with stem `Makefile'.
  Trying implicit prerequisite `Makefile.sh'.
  Looking for a rule with intermediate file `Makefile.sh'.
   Avoiding implicit rule recursion.
   Trying pattern rule with stem `Makefile.sh'.
   Trying implicit prerequisite `Makefile.sh,v'.
   Trying pattern rule with stem `Makefile.sh'.
   Trying implicit prerequisite `RCS/Makefile.sh,v'.
   Trying pattern rule with stem `Makefile.sh'.
   Trying implicit prerequisite `RCS/Makefile.sh'.
   Trying pattern rule with stem `Makefile.sh'.
   Trying implicit prerequisite `s.Makefile.sh'.
   Trying pattern rule with stem `Makefile.sh'.
   Trying implicit prerequisite `SCCS/s.Makefile.sh'.
  No implicit rule found for `Makefile'.
  Finished prerequisites of target file `Makefile'.
 No need to remake target `Makefile'.
Updating goal targets....
Considering target file `all'.
 File `all' does not exist.
  Considering target file `railib_test'.
   File `railib_test' does not exist.
    Considering target file `.intermediate/tst/test_basic/wrapper.o'.
     File `.intermediate/tst/test_basic/wrapper.o' does not exist.
      Considering target file `.intermediate/tst/test_basic/wrapper.cpp'.
       File `.intermediate/tst/test_basic/wrapper.cpp' does not exist.
        Considering target file `tst/test_basic.sdl'.
         Looking for an implicit rule for `tst/test_basic.sdl'.
         Trying pattern rule with stem `test_basic.sdl'.
         Trying implicit prerequisite `tst/test_basic.sdl.o'.
         Trying pattern rule with stem `test_basic.sdl'.
         Trying implicit prerequisite `tst/test_basic.sdl.c'.
         Trying pattern rule with stem `test_basic.sdl'.
         Trying implicit prerequisite `tst/test_basic.sdl.cc'.
         Trying pattern rule with stem `test_basic.sdl'.
         Trying implicit prerequisite `tst/test_basic.sdl.C'.
         Trying pattern rule with stem `test_basic.sdl'.
         Trying implicit prerequisite `tst/test_basic.sdl.cpp'.
         Trying pattern rule with stem `test_basic.sdl'.
         Trying implicit prerequisite `tst/test_basic.sdl.p'.
         Trying pattern rule with stem `test_basic.sdl'.
         Trying implicit prerequisite `tst/test_basic.sdl.f'.
         Trying pattern rule with stem `test_basic.sdl'.
         Trying implicit prerequisite `tst/test_basic.sdl.F'.
         Trying pattern rule with stem `test_basic.sdl'.
         Trying implicit prerequisite `tst/test_basic.sdl.r'.
         Trying pattern rule with stem `test_basic.sdl'.
         Trying implicit prerequisite `tst/test_basic.sdl.s'.
         Trying pattern rule with stem `test_basic.sdl'.
         Trying implicit prerequisite `tst/test_basic.sdl.S'.
         Trying pattern rule with stem `test_basic.sdl'.
         Trying implicit prerequisite `tst/test_basic.sdl.mod'.
         Trying pattern rule with stem `test_basic.sdl'.
         Trying implicit prerequisite `tst/test_basic.sdl.sh'.
         Trying pattern rule with stem `test_basic.sdl'.
         Trying implicit prerequisite `tst/test_basic.sdl,v'.
         Trying pattern rule with stem `test_basic.sdl'.
         Trying implicit prerequisite `tst/RCS/test_basic.sdl,v'.
         Trying pattern rule with stem `test_basic.sdl'.
         Trying implicit prerequisite `tst/RCS/test_basic.sdl'.
         Trying pattern rule with stem `test_basic.sdl'.
         Trying implicit prerequisite `tst/s.test_basic.sdl'.
         Trying pattern rule with stem `test_basic.sdl'.
         Trying implicit prerequisite `tst/SCCS/s.test_basic.sdl'.
         Trying pattern rule with stem `test_basic.sdl'.
         Trying implicit prerequisite `tst/test_basic.sdl.o'.
         Looking for a rule with intermediate file `tst/test_basic.sdl.o'.
          Avoiding implicit rule recursion.
          Trying pattern rule with stem `test_basic.sdl'.
          Trying implicit prerequisite `tst/test_basic.sdl.c'.
          Trying pattern rule with stem `test_basic.sdl'.
          Trying implicit prerequisite `tst/test_basic.sdl.cc'.
          Trying pattern rule with stem `test_basic.sdl'.
          Trying implicit prerequisite `tst/test_basic.sdl.C'.
          Trying pattern rule with stem `test_basic.sdl'.
          Trying implicit prerequisite `tst/test_basic.sdl.cpp'.
          Trying pattern rule with stem `test_basic.sdl'.
          Trying implicit prerequisite `tst/test_basic.sdl.p'.
          Trying pattern rule with stem `test_basic.sdl'.
          Trying implicit prerequisite `tst/test_basic.sdl.f'.
          Trying pattern rule with stem `test_basic.sdl'.
          Trying implicit prerequisite `tst/test_basic.sdl.F'.
          Trying pattern rule with stem `test_basic.sdl'.
          Trying implicit prerequisite `tst/test_basic.sdl.r'.
          Trying pattern rule with stem `test_basic.sdl'.
          Trying implicit prerequisite `tst/test_basic.sdl.s'.
          Trying pattern rule with stem `test_basic.sdl'.
          Trying implicit prerequisite `tst/test_basic.sdl.S'.
          Trying pattern rule with stem `test_basic.sdl'.
          Trying implicit prerequisite `tst/test_basic.sdl.mod'.
          Trying pattern rule with stem `test_basic.sdl.o'.
          Trying implicit prerequisite `tst/test_basic.sdl.o,v'.
          Trying pattern rule with stem `test_basic.sdl.o'.
          Trying implicit prerequisite `tst/RCS/test_basic.sdl.o,v'.
          Trying pattern rule with stem `test_basic.sdl.o'.
          Trying implicit prerequisite `tst/RCS/test_basic.sdl.o'.
          Trying pattern rule with stem `test_basic.sdl.o'.
          Trying implicit prerequisite `tst/s.test_basic.sdl.o'.
          Trying pattern rule with stem `test_basic.sdl.o'.
          Trying implicit prerequisite `tst/SCCS/s.test_basic.sdl.o'.
          Trying pattern rule with stem `test_basic.sdl'.
          Trying implicit prerequisite `tst/test_basic.sdl.c'.
          Looking for a rule with intermediate file `tst/test_basic.sdl.c'.
           Avoiding implicit rule recursion.
           Avoiding implicit rule recursion.
           Trying pattern rule with stem `test_basic.sdl'.
           Trying implicit prerequisite `tst/test_basic.sdl.y'.
           Trying pattern rule with stem `test_basic.sdl'.
           Trying implicit prerequisite `tst/test_basic.sdl.l'.
           Trying pattern rule with stem `test_basic.sdl'.
           Trying implicit prerequisite `tst/test_basic.sdl.w'.
           Trying pattern rule with stem `test_basic.sdl'.
           Trying implicit prerequisite `tst/test_basic.sdl.w'.
           Trying pattern rule with stem `test_basic.sdl.c'.
           Trying implicit prerequisite `tst/test_basic.sdl.c,v'.
           Trying pattern rule with stem `test_basic.sdl.c'.
           Trying implicit prerequisite `tst/RCS/test_basic.sdl.c,v'.
           Trying pattern rule with stem `test_basic.sdl.c'.
           Trying implicit prerequisite `tst/RCS/test_basic.sdl.c'.
           Trying pattern rule with stem `test_basic.sdl.c'.
           Trying implicit prerequisite `tst/s.test_basic.sdl.c'.
           Trying pattern rule with stem `test_basic.sdl.c'.
           Trying implicit prerequisite `tst/SCCS/s.test_basic.sdl.c'.
           Trying pattern rule with stem `test_basic.sdl'.
           Trying implicit prerequisite `tst/test_basic.sdl.y'.
           Looking for a rule with intermediate file `tst/test_basic.sdl.y'.
            Avoiding implicit rule recursion.
            Avoiding implicit rule recursion.
            Avoiding implicit rule recursion.
            Trying pattern rule with stem `test_basic.sdl.y'.
            Trying implicit prerequisite `tst/test_basic.sdl.y,v'.
            Trying pattern rule with stem `test_basic.sdl.y'.
            Trying implicit prerequisite `tst/RCS/test_basic.sdl.y,v'.
            Trying pattern rule with stem `test_basic.sdl.y'.
            Trying implicit prerequisite `tst/RCS/test_basic.sdl.y'.
            Trying pattern rule with stem `test_basic.sdl.y'.
            Trying implicit prerequisite `tst/s.test_basic.sdl.y'.
            Trying pattern rule with stem `test_basic.sdl.y'.
            Trying implicit prerequisite `tst/SCCS/s.test_basic.sdl.y'.
           Trying pattern rule with stem `test_basic.sdl'.
           Trying implicit prerequisite `tst/test_basic.sdl.l'.
           Looking for a rule with intermediate file `tst/test_basic.sdl.l'.
            Avoiding implicit rule recursion.
            Avoiding implicit rule recursion.
            Avoiding implicit rule recursion.
            Trying pattern rule with stem `test_basic.sdl.l'.
            Trying implicit prerequisite `tst/test_basic.sdl.l,v'.
            Trying pattern rule with stem `test_basic.sdl.l'.
            Trying implicit prerequisite `tst/RCS/test_basic.sdl.l,v'.
            Trying pattern rule with stem `test_basic.sdl.l'.
            Trying implicit prerequisite `tst/RCS/test_basic.sdl.l'.
            Trying pattern rule with stem `test_basic.sdl.l'.
            Trying implicit prerequisite `tst/s.test_basic.sdl.l'.
            Trying pattern rule with stem `test_basic.sdl.l'.
            Trying implicit prerequisite `tst/SCCS/s.test_basic.sdl.l'.
           Trying pattern rule with stem `test_basic.sdl'.
           Trying implicit prerequisite `tst/test_basic.sdl.w'.
           Looking for a rule with intermediate file `tst/test_basic.sdl.w'.
            Avoiding implicit rule recursion.
            Avoiding implicit rule recursion.
            Avoiding implicit rule recursion.
            Trying pattern rule with stem `test_basic.sdl.w'.
            Trying implicit prerequisite `tst/test_basic.sdl.w,v'.
            Trying pattern rule with stem `test_basic.sdl.w'.
            Trying implicit prerequisite `tst/RCS/test_basic.sdl.w,v'.
            Trying pattern rule with stem `test_basic.sdl.w'.
            Trying implicit prerequisite `tst/RCS/test_basic.sdl.w'.
            Trying pattern rule with stem `test_basic.sdl.w'.
            Trying implicit prerequisite `tst/s.test_basic.sdl.w'.
            Trying pattern rule with stem `test_basic.sdl.w'.
            Trying implicit prerequisite `tst/SCCS/s.test_basic.sdl.w'.
           Trying pattern rule with stem `test_basic.sdl'.
           Rejecting impossible implicit prerequisite `tst/test_basic.sdl.w'.
          Trying pattern rule with stem `test_basic.sdl'.
          Trying implicit prerequisite `tst/test_basic.sdl.cc'.
          Looking for a rule with intermediate file `tst/test_basic.sdl.cc'.
           Avoiding implicit rule recursion.
           Avoiding implicit rule recursion.
           Trying pattern rule with stem `test_basic.sdl.cc'.
           Trying implicit prerequisite `tst/test_basic.sdl.cc,v'.
           Trying pattern rule with stem `test_basic.sdl.cc'.
           Trying implicit prerequisite `tst/RCS/test_basic.sdl.cc,v'.
           Trying pattern rule with stem `test_basic.sdl.cc'.
           Trying implicit prerequisite `tst/RCS/test_basic.sdl.cc'.
           Trying pattern rule with stem `test_basic.sdl.cc'.
           Trying implicit prerequisite `tst/s.test_basic.sdl.cc'.
           Trying pattern rule with stem `test_basic.sdl.cc'.
           Trying implicit prerequisite `tst/SCCS/s.test_basic.sdl.cc'.
          Trying pattern rule with stem `test_basic.sdl'.
          Trying implicit prerequisite `tst/test_basic.sdl.C'.
          Looking for a rule with intermediate file `tst/test_basic.sdl.C'.
           Avoiding implicit rule recursion.
           Avoiding implicit rule recursion.
           Trying pattern rule with stem `test_basic.sdl.C'.
           Trying implicit prerequisite `tst/test_basic.sdl.C,v'.
           Trying pattern rule with stem `test_basic.sdl.C'.
           Trying implicit prerequisite `tst/RCS/test_basic.sdl.C,v'.
           Trying pattern rule with stem `test_basic.sdl.C'.
           Trying implicit prerequisite `tst/RCS/test_basic.sdl.C'.
           Trying pattern rule with stem `test_basic.sdl.C'.
           Trying implicit prerequisite `tst/s.test_basic.sdl.C'.
           Trying pattern rule with stem `test_basic.sdl.C'.
           Trying implicit prerequisite `tst/SCCS/s.test_basic.sdl.C'.
          Trying pattern rule with stem `test_basic.sdl'.
          Trying implicit prerequisite `tst/test_basic.sdl.cpp'.
          Looking for a rule with intermediate file `tst/test_basic.sdl.cpp'.
           Avoiding implicit rule recursion.
           Avoiding implicit rule recursion.
           Trying pattern rule with stem `test_basic.sdl.cpp'.
           Trying implicit prerequisite `tst/test_basic.sdl.cpp,v'.
           Trying pattern rule with stem `test_basic.sdl.cpp'.
           Trying implicit prerequisite `tst/RCS/test_basic.sdl.cpp,v'.
           Trying pattern rule with stem `test_basic.sdl.cpp'.
           Trying implicit prerequisite `tst/RCS/test_basic.sdl.cpp'.
           Trying pattern rule with stem `test_basic.sdl.cpp'.
           Trying implicit prerequisite `tst/s.test_basic.sdl.cpp'.
           Trying pattern rule with stem `test_basic.sdl.cpp'.
           Trying implicit prerequisite `tst/SCCS/s.test_basic.sdl.cpp'.
          Trying pattern rule with stem `test_basic.sdl'.
          Trying implicit prerequisite `tst/test_basic.sdl.p'.
          Looking for a rule with intermediate file `tst/test_basic.sdl.p'.
           Avoiding implicit rule recursion.
           Avoiding implicit rule recursion.
           Trying pattern rule with stem `test_basic.sdl'.
           Trying implicit prerequisite `tst/test_basic.sdl.web'.
           Trying pattern rule with stem `test_basic.sdl.p'.
           Trying implicit prerequisite `tst/test_basic.sdl.p,v'.
           Trying pattern rule with stem `test_basic.sdl.p'.
           Trying implicit prerequisite `tst/RCS/test_basic.sdl.p,v'.
           Trying pattern rule with stem `test_basic.sdl.p'.
           Trying implicit prerequisite `tst/RCS/test_basic.sdl.p'.
           Trying pattern rule with stem `test_basic.sdl.p'.
           Trying implicit prerequisite `tst/s.test_basic.sdl.p'.
           Trying pattern rule with stem `test_basic.sdl.p'.
           Trying implicit prerequisite `tst/SCCS/s.test_basic.sdl.p'.
           Trying pattern rule with stem `test_basic.sdl'.
           Trying implicit prerequisite `tst/test_basic.sdl.web'.
           Looking for a rule with intermediate file `tst/test_basic.sdl.web'.
            Avoiding implicit rule recursion.
            Avoiding implicit rule recursion.
            Avoiding implicit rule recursion.
            Trying pattern rule with stem `test_basic.sdl.web'.
            Trying implicit prerequisite `tst/test_basic.sdl.web,v'.
            Trying pattern rule with stem `test_basic.sdl.web'.
            Trying implicit prerequisite `tst/RCS/test_basic.sdl.web,v'.
            Trying pattern rule with stem `test_basic.sdl.web'.
            Trying implicit prerequisite `tst/RCS/test_basic.sdl.web'.
            Trying pattern rule with stem `test_basic.sdl.web'.
            Trying implicit prerequisite `tst/s.test_basic.sdl.web'.
            Trying pattern rule with stem `test_basic.sdl.web'.
            Trying implicit prerequisite `tst/SCCS/s.test_basic.sdl.web'.
          Trying pattern rule with stem `test_basic.sdl'.
          Trying implicit prerequisite `tst/test_basic.sdl.f'.
          Looking for a rule with intermediate file `tst/test_basic.sdl.f'.
           Avoiding implicit rule recursion.
           Avoiding implicit rule recursion.
           Trying pattern rule with stem `test_basic.sdl'.
           Trying implicit prerequisite `tst/test_basic.sdl.F'.
           Trying pattern rule with stem `test_basic.sdl'.
           Trying implicit prerequisite `tst/test_basic.sdl.r'.
           Trying pattern rule with stem `test_basic.sdl.f'.
           Trying implicit prerequisite `tst/test_basic.sdl.f,v'.
           Trying pattern rule with stem `test_basic.sdl.f'.
           Trying implicit prerequisite `tst/RCS/test_basic.sdl.f,v'.
           Trying pattern rule with stem `test_basic.sdl.f'.
           Trying implicit prerequisite `tst/RCS/test_basic.sdl.f'.
           Trying pattern rule with stem `test_basic.sdl.f'.
           Trying implicit prerequisite `tst/s.test_basic.sdl.f'.
           Trying pattern rule with stem `test_basic.sdl.f'.
           Trying implicit prerequisite `tst/SCCS/s.test_basic.sdl.f'.
           Trying pattern rule with stem `test_basic.sdl'.
           Trying implicit prerequisite `tst/test_basic.sdl.F'.
           Looking for a rule with intermediate file `tst/test_basic.sdl.F'.
            Avoiding implicit rule recursion.
            Avoiding implicit rule recursion.
            Avoiding implicit rule recursion.
            Trying pattern rule with stem `test_basic.sdl.F'.
            Trying implicit prerequisite `tst/test_basic.sdl.F,v'.
            Trying pattern rule with stem `test_basic.sdl.F'.
            Trying implicit prerequisite `tst/RCS/test_basic.sdl.F,v'.
            Trying pattern rule with stem `test_basic.sdl.F'.
            Trying implicit prerequisite `tst/RCS/test_basic.sdl.F'.
            Trying pattern rule with stem `test_basic.sdl.F'.
            Trying implicit prerequisite `tst/s.test_basic.sdl.F'.
            Trying pattern rule with stem `test_basic.sdl.F'.
            Trying implicit prerequisite `tst/SCCS/s.test_basic.sdl.F'.
           Trying pattern rule with stem `test_basic.sdl'.
           Trying implicit prerequisite `tst/test_basic.sdl.r'.
           Looking for a rule with intermediate file `tst/test_basic.sdl.r'.
            Avoiding implicit rule recursion.
            Avoiding implicit rule recursion.
            Avoiding implicit rule recursion.
            Trying pattern rule with stem `test_basic.sdl'.
            Rejecting impossible implicit prerequisite `tst/test_basic.sdl.l'.
            Trying pattern rule with stem `test_basic.sdl.r'.
            Trying implicit prerequisite `tst/test_basic.sdl.r,v'.
            Trying pattern rule with stem `test_basic.sdl.r'.
            Trying implicit prerequisite `tst/RCS/test_basic.sdl.r,v'.
            Trying pattern rule with stem `test_basic.sdl.r'.
            Trying implicit prerequisite `tst/RCS/test_basic.sdl.r'.
            Trying pattern rule with stem `test_basic.sdl.r'.
            Trying implicit prerequisite `tst/s.test_basic.sdl.r'.
            Trying pattern rule with stem `test_basic.sdl.r'.
            Trying implicit prerequisite `tst/SCCS/s.test_basic.sdl.r'.
          Trying pattern rule with stem `test_basic.sdl'.
          Rejecting impossible implicit prerequisite `tst/test_basic.sdl.F'.
          Trying pattern rule with stem `test_basic.sdl'.
          Rejecting impossible implicit prerequisite `tst/test_basic.sdl.r'.
          Trying pattern rule with stem `test_basic.sdl'.
          Trying implicit prerequisite `tst/test_basic.sdl.s'.
          Looking for a rule with intermediate file `tst/test_basic.sdl.s'.
           Avoiding implicit rule recursion.
           Avoiding implicit rule recursion.
           Trying pattern rule with stem `test_basic.sdl'.
           Trying implicit prerequisite `tst/test_basic.sdl.S'.
           Trying pattern rule with stem `test_basic.sdl.s'.
           Trying implicit prerequisite `tst/test_basic.sdl.s,v'.
           Trying pattern rule with stem `test_basic.sdl.s'.
           Trying implicit prerequisite `tst/RCS/test_basic.sdl.s,v'.
           Trying pattern rule with stem `test_basic.sdl.s'.
           Trying implicit prerequisite `tst/RCS/test_basic.sdl.s'.
           Trying pattern rule with stem `test_basic.sdl.s'.
           Trying implicit prerequisite `tst/s.test_basic.sdl.s'.
           Trying pattern rule with stem `test_basic.sdl.s'.
           Trying implicit prerequisite `tst/SCCS/s.test_basic.sdl.s'.
           Trying pattern rule with stem `test_basic.sdl'.
           Trying implicit prerequisite `tst/test_basic.sdl.S'.
           Looking for a rule with intermediate file `tst/test_basic.sdl.S'.
            Avoiding implicit rule recursion.
            Avoiding implicit rule recursion.
            Avoiding implicit rule recursion.
            Trying pattern rule with stem `test_basic.sdl.S'.
            Trying implicit prerequisite `tst/test_basic.sdl.S,v'.
            Trying pattern rule with stem `test_basic.sdl.S'.
            Trying implicit prerequisite `tst/RCS/test_basic.sdl.S,v'.
            Trying pattern rule with stem `test_basic.sdl.S'.
            Trying implicit prerequisite `tst/RCS/test_basic.sdl.S'.
            Trying pattern rule with stem `test_basic.sdl.S'.
            Trying implicit prerequisite `tst/s.test_basic.sdl.S'.
            Trying pattern rule with stem `test_basic.sdl.S'.
            Trying implicit prerequisite `tst/SCCS/s.test_basic.sdl.S'.
          Trying pattern rule with stem `test_basic.sdl'.
          Rejecting impossible implicit prerequisite `tst/test_basic.sdl.S'.
          Trying pattern rule with stem `test_basic.sdl'.
          Trying implicit prerequisite `tst/test_basic.sdl.mod'.
          Looking for a rule with intermediate file `tst/test_basic.sdl.mod'.
           Avoiding implicit rule recursion.
           Avoiding implicit rule recursion.
           Trying pattern rule with stem `test_basic.sdl.mod'.
           Trying implicit prerequisite `tst/test_basic.sdl.mod,v'.
           Trying pattern rule with stem `test_basic.sdl.mod'.
           Trying implicit prerequisite `tst/RCS/test_basic.sdl.mod,v'.
           Trying pattern rule with stem `test_basic.sdl.mod'.
           Trying implicit prerequisite `tst/RCS/test_basic.sdl.mod'.
           Trying pattern rule with stem `test_basic.sdl.mod'.
           Trying implicit prerequisite `tst/s.test_basic.sdl.mod'.
           Trying pattern rule with stem `test_basic.sdl.mod'.
           Trying implicit prerequisite `tst/SCCS/s.test_basic.sdl.mod'.
         Trying pattern rule with stem `test_basic.sdl'.
         Rejecting impossible implicit prerequisite `tst/test_basic.sdl.c'.
         Trying pattern rule with stem `test_basic.sdl'.
         Rejecting impossible implicit prerequisite `tst/test_basic.sdl.cc'.
         Trying pattern rule with stem `test_basic.sdl'.
         Rejecting impossible implicit prerequisite `tst/test_basic.sdl.C'.
         Trying pattern rule with stem `test_basic.sdl'.
         Rejecting impossible implicit prerequisite `tst/test_basic.sdl.cpp'.
         Trying pattern rule with stem `test_basic.sdl'.
         Rejecting impossible implicit prerequisite `tst/test_basic.sdl.p'.
         Trying pattern rule with stem `test_basic.sdl'.
         Rejecting impossible implicit prerequisite `tst/test_basic.sdl.f'.
         Trying pattern rule with stem `test_basic.sdl'.
         Rejecting impossible implicit prerequisite `tst/test_basic.sdl.F'.
         Trying pattern rule with stem `test_basic.sdl'.
         Rejecting impossible implicit prerequisite `tst/test_basic.sdl.r'.
         Trying pattern rule with stem `test_basic.sdl'.
         Rejecting impossible implicit prerequisite `tst/test_basic.sdl.s'.
         Trying pattern rule with stem `test_basic.sdl'.
         Rejecting impossible implicit prerequisite `tst/test_basic.sdl.S'.
         Trying pattern rule with stem `test_basic.sdl'.
         Rejecting impossible implicit prerequisite `tst/test_basic.sdl.mod'.
         Trying pattern rule with stem `test_basic.sdl'.
         Trying implicit prerequisite `tst/test_basic.sdl.sh'.
         Looking for a rule with intermediate file `tst/test_basic.sdl.sh'.
          Avoiding implicit rule recursion.
          Trying pattern rule with stem `test_basic.sdl.sh'.
          Trying implicit prerequisite `tst/test_basic.sdl.sh,v'.
          Trying pattern rule with stem `test_basic.sdl.sh'.
          Trying implicit prerequisite `tst/RCS/test_basic.sdl.sh,v'.
          Trying pattern rule with stem `test_basic.sdl.sh'.
          Trying implicit prerequisite `tst/RCS/test_basic.sdl.sh'.
          Trying pattern rule with stem `test_basic.sdl.sh'.
          Trying implicit prerequisite `tst/s.test_basic.sdl.sh'.
          Trying pattern rule with stem `test_basic.sdl.sh'.
          Trying implicit prerequisite `tst/SCCS/s.test_basic.sdl.sh'.
         No implicit rule found for `tst/test_basic.sdl'.
         Finished prerequisites of target file `tst/test_basic.sdl'.
        No need to remake target `tst/test_basic.sdl'.
        Considering target file `.intermediate/src/tu_timer_signals.sdt'.
         File `.intermediate/src/tu_timer_signals.sdt' does not exist.
          Pruning file `.intermediate/src/prb.mod'.
         Finished prerequisites of target file `.intermediate/src/tu_timer_signals.sdt'.
        Giving up on target file `.intermediate/src/tu_timer_signals.sdt'.
       Finished prerequisites of target file `.intermediate/tst/test_basic/wrapper.cpp'.
      Giving up on target file `.intermediate/tst/test_basic/wrapper.cpp'.
     Finished prerequisites of target file `.intermediate/tst/test_basic/wrapper.o'.
    Giving up on target file `.intermediate/tst/test_basic/wrapper.o'.
   Finished prerequisites of target file `railib_test'.
  Giving up on target file `railib_test'.
 Finished prerequisites of target file `all'.
Giving up on target file `all'.
